Component: ARM Compiler 5.06 update 6 (build 750) Tool: armlink [4d35ed]

==============================================================================

Section Cross References

    delay.o(.text) refers to misc.o(.text) for SysTick_CLKSourceConfig
    delay.o(.text) refers to system_stm32f10x.o(.data) for SystemCoreClock
    delay.o(.text) refers to delay.o(.data) for fac_us
    startup_stm32f10x_md.o(RESET) refers to startup_stm32f10x_md.o(STACK) for __initial_sp
    startup_stm32f10x_md.o(RESET) refers to startup_stm32f10x_md.o(.text) for Reset_Handler
    startup_stm32f10x_md.o(RESET) refers to stm32f10x_it.o(.text) for NMI_Handler
    startup_stm32f10x_md.o(RESET) refers to bsp_advancetim.o(.text) for TIM1_UP_IRQHandler
    startup_stm32f10x_md.o(.text) refers to system_stm32f10x.o(.text) for SystemInit
    startup_stm32f10x_md.o(.text) refers to entry.o(.ARM.Collect$$$$00000000) for __main
    system_stm32f10x.o(.text) refers to system_stm32f10x.o(.data) for SystemCoreClock
    stm32f10x_adc.o(.text) refers to stm32f10x_rcc.o(.text) for RCC_APB2PeriphResetCmd
    stm32f10x_bkp.o(.text) refers to stm32f10x_rcc.o(.text) for RCC_BackupResetCmd
    stm32f10x_can.o(.text) refers to stm32f10x_rcc.o(.text) for RCC_APB1PeriphResetCmd
    stm32f10x_cec.o(.text) refers to stm32f10x_rcc.o(.text) for RCC_APB1PeriphResetCmd
    stm32f10x_dac.o(.text) refers to stm32f10x_rcc.o(.text) for RCC_APB1PeriphResetCmd
    stm32f10x_gpio.o(.text) refers to stm32f10x_rcc.o(.text) for RCC_APB2PeriphResetCmd
    stm32f10x_i2c.o(.text) refers to stm32f10x_rcc.o(.text) for RCC_APB1PeriphResetCmd
    stm32f10x_pwr.o(.text) refers to stm32f10x_rcc.o(.text) for RCC_APB1PeriphResetCmd
    stm32f10x_rcc.o(.text) refers to stm32f10x_rcc.o(.data) for APBAHBPrescTable
    stm32f10x_spi.o(.text) refers to stm32f10x_rcc.o(.text) for RCC_APB2PeriphResetCmd
    stm32f10x_tim.o(.text) refers to stm32f10x_rcc.o(.text) for RCC_APB2PeriphResetCmd
    stm32f10x_usart.o(.text) refers to stm32f10x_rcc.o(.text) for RCC_APB2PeriphResetCmd
    stm32f10x_wwdg.o(.text) refers to stm32f10x_rcc.o(.text) for RCC_APB1PeriphResetCmd
    main.o(.text) refers to misc.o(.text) for NVIC_PriorityGroupConfig
    main.o(.text) refers to bsp_led.o(.text) for LED_GPIO_Config
    main.o(.text) refers to 485.o(.text) for RS485_Config
    main.o(.text) refers to delay.o(.text) for delay_init
    main.o(.text) refers to ltc2944.o(.text) for LTC2944_Init
    main.o(.text) refers to bsp_advancetim.o(.text) for ADVANCE_TIM_Mode_Config
    main.o(.text) refers to commu.o(.text) for datadispose
    main.o(.text) refers to stm32f10x_gpio.o(.text) for GPIO_SetBits
    main.o(.text) refers to bsp_advancetim.o(.data) for tranfserOK
    main.o(.text) refers to main.o(.data) for flag
    main.o(.text) refers to ltc2944.o(.data) for LTC2944_value
    stm32f10x_it.o(.text) refers to 485.o(.text) for bsp_RS485_IRQHandler
    bsp_led.o(.text) refers to stm32f10x_rcc.o(.text) for RCC_APB2PeriphClockCmd
    bsp_led.o(.text) refers to stm32f10x_gpio.o(.text) for GPIO_Init
    bsp_advancetim.o(.text) refers to misc.o(.text) for NVIC_Init
    bsp_advancetim.o(.text) refers to stm32f10x_rcc.o(.text) for RCC_APB2PeriphClockCmd
    bsp_advancetim.o(.text) refers to stm32f10x_tim.o(.text) for TIM_DeInit
    bsp_advancetim.o(.text) refers to ltc2944.o(.text) for LTC2944_read_16_bits
    bsp_advancetim.o(.text) refers to bsp_advancetim.o(.data) for tranfserOK
    485.o(.text) refers to misc.o(.text) for NVIC_Init
    485.o(.text) refers to stm32f10x_rcc.o(.text) for RCC_APB2PeriphClockCmd
    485.o(.text) refers to stm32f10x_gpio.o(.text) for GPIO_Init
    485.o(.text) refers to stm32f10x_usart.o(.text) for USART_Init
    485.o(.text) refers to 485.o(.data) for uart_p
    485.o(.text) refers to 485.o(.bss) for uart_buff
    24cxx.o(.text) refers to stm32f10x_rcc.o(.text) for RCC_APB2PeriphClockCmd
    24cxx.o(.text) refers to stm32f10x_gpio.o(.text) for GPIO_Init
    24cxx.o(.text) refers to myiic.o(.text) for IIC_Start
    24cxx.o(.text) refers to delay.o(.text) for delay_ms
    myiic.o(.text) refers to delay.o(.text) for delay_us
    ltc2944.o(.text) refers to stm32f10x_rcc.o(.text) for RCC_APB2PeriphClockCmd
    ltc2944.o(.text) refers to stm32f10x_gpio.o(.text) for GPIO_Init
    ltc2944.o(.text) refers to ltciic.o(.text) for LIIC_Start
    ltc2944.o(.text) refers to delay.o(.text) for delay_us
    ltc2944.o(.text) refers to commu.o(.text) for N_CRC16
    ltc2944.o(.text) refers to ffltui.o(.text) for __aeabi_ui2f
    ltc2944.o(.text) refers to fdiv.o(.text) for __aeabi_fdiv
    ltc2944.o(.text) refers to fmul.o(.text) for __aeabi_fmul
    ltc2944.o(.text) refers to ltc2944.o(.data) for data
    ltciic.o(.text) refers to delay.o(.text) for delay_us
    commu.o(.text) refers to 485.o(.text) for get_rebuff
    commu.o(.text) refers to commu.o(.data) for len
    malloc.o(.text) refers to malloc.o(.constdata) for memtblsize
    malloc.o(.text) refers to malloc.o(.data) for mallco_dev
    malloc.o(.data) refers to malloc.o(.text) for mymem_init
    malloc.o(.data) refers to malloc.o(.bss) for mem1base
    malloc.o(.data) refers to malloc.o(.ARM.__AT_0x68000000) for mem2base
    malloc.o(.data) refers to malloc.o(.ARM.__AT_0x10000000) for mem3base
    malloc.o(.data) refers to malloc.o(.ARM.__AT_0x68032000) for mem2mapbase
    malloc.o(.data) refers to malloc.o(.ARM.__AT_0x1000F000) for mem3mapbase
    entry.o(.ARM.Collect$$$$00000000) refers (Special) to entry10a.o(.ARM.Collect$$$$0000000D) for __rt_final_cpp
    entry.o(.ARM.Collect$$$$00000000) refers (Special) to entry11a.o(.ARM.Collect$$$$0000000F) for __rt_final_exit
    entry.o(.ARM.Collect$$$$00000000) refers (Special) to entry7b.o(.ARM.Collect$$$$00000008) for _main_clock
    entry.o(.ARM.Collect$$$$00000000) refers (Special) to entry8b.o(.ARM.Collect$$$$0000000A) for _main_cpp_init
    entry.o(.ARM.Collect$$$$00000000) refers (Special) to entry9a.o(.ARM.Collect$$$$0000000B) for _main_init
    entry.o(.ARM.Collect$$$$00000000) refers (Special) to entry5.o(.ARM.Collect$$$$00000004) for _main_scatterload
    entry.o(.ARM.Collect$$$$00000000) refers (Special) to entry2.o(.ARM.Collect$$$$00000001) for _main_stk
    fmul.o(.text) refers (Special) to iusefp.o(.text) for __I$use$fp
    fdiv.o(.text) refers (Special) to iusefp.o(.text) for __I$use$fp
    fdiv.o(.text) refers to fepilogue.o(.text) for _float_round
    ffltui.o(.text) refers (Special) to iusefp.o(.text) for __I$use$fp
    ffltui.o(.text) refers to fepilogue.o(.text) for _float_epilogue
    entry2.o(.ARM.Collect$$$$00000001) refers to entry2.o(.ARM.Collect$$$$00002712) for __lit__00000000
    entry2.o(.ARM.Collect$$$$00002712) refers to startup_stm32f10x_md.o(STACK) for __initial_sp
    entry2.o(__vectab_stack_and_reset_area) refers to startup_stm32f10x_md.o(STACK) for __initial_sp
    entry2.o(__vectab_stack_and_reset_area) refers to entry.o(.ARM.Collect$$$$00000000) for __main
    entry5.o(.ARM.Collect$$$$00000004) refers to init.o(.text) for __scatterload
    entry9a.o(.ARM.Collect$$$$0000000B) refers to main.o(.text) for main
    entry9b.o(.ARM.Collect$$$$0000000C) refers to main.o(.text) for main
    init.o(.text) refers to entry5.o(.ARM.Collect$$$$00000004) for __main_after_scatterload


==============================================================================

Removing Unused input sections from the image.

    Removing sys.o(.emb_text), (6 bytes).
    Removing sys.o(.text), (12 bytes).
    Removing startup_stm32f10x_md.o(HEAP), (512 bytes).
    Removing core_cm3.o(.emb_text), (32 bytes).
    Removing stm32f10x_adc.o(.text), (1102 bytes).
    Removing stm32f10x_bkp.o(.text), (196 bytes).
    Removing stm32f10x_can.o(.text), (2544 bytes).
    Removing stm32f10x_cec.o(.text), (288 bytes).
    Removing stm32f10x_crc.o(.text), (72 bytes).
    Removing stm32f10x_dac.o(.text), (396 bytes).
    Removing stm32f10x_dbgmcu.o(.text), (48 bytes).
    Removing stm32f10x_dma.o(.text), (596 bytes).
    Removing stm32f10x_exti.o(.text), (284 bytes).
    Removing stm32f10x_flash.o(.text), (1468 bytes).
    Removing stm32f10x_fsmc.o(.text), (1548 bytes).
    Removing stm32f10x_i2c.o(.text), (1028 bytes).
    Removing stm32f10x_iwdg.o(.text), (64 bytes).
    Removing stm32f10x_pwr.o(.text), (204 bytes).
    Removing stm32f10x_rtc.o(.text), (328 bytes).
    Removing stm32f10x_sdio.o(.text), (468 bytes).
    Removing stm32f10x_spi.o(.text), (780 bytes).
    Removing stm32f10x_wwdg.o(.text), (136 bytes).
    Removing 24cxx.o(.text), (436 bytes).
    Removing myiic.o(.text), (560 bytes).
    Removing ltc2944.o(.constdata), (28 bytes).
    Removing malloc.o(.text), (564 bytes).
    Removing malloc.o(.bss), (108800 bytes).
    Removing malloc.o(.constdata), (36 bytes).
    Removing malloc.o(.data), (36 bytes).

29 unused section(s) (total 122572 bytes) removed from the image.

==============================================================================

Image Symbol Table

    Local Symbols

    Symbol Name                              Value     Ov Type        Size  Object(Section)

    ../clib/microlib/init/entry.s            0x00000000   Number         0  entry.o ABSOLUTE
    ../clib/microlib/init/entry.s            0x00000000   Number         0  entry9a.o ABSOLUTE
    ../clib/microlib/init/entry.s            0x00000000   Number         0  entry5.o ABSOLUTE
    ../clib/microlib/init/entry.s            0x00000000   Number         0  entry8b.o ABSOLUTE
    ../clib/microlib/init/entry.s            0x00000000   Number         0  entry8a.o ABSOLUTE
    ../clib/microlib/init/entry.s            0x00000000   Number         0  entry9b.o ABSOLUTE
    ../clib/microlib/init/entry.s            0x00000000   Number         0  entry11b.o ABSOLUTE
    ../clib/microlib/init/entry.s            0x00000000   Number         0  entry2.o ABSOLUTE
    ../clib/microlib/init/entry.s            0x00000000   Number         0  entry11a.o ABSOLUTE
    ../clib/microlib/init/entry.s            0x00000000   Number         0  entry10b.o ABSOLUTE
    ../clib/microlib/init/entry.s            0x00000000   Number         0  entry10a.o ABSOLUTE
    ../clib/microlib/init/entry.s            0x00000000   Number         0  entry7b.o ABSOLUTE
    ../clib/microlib/init/entry.s            0x00000000   Number         0  entry7a.o ABSOLUTE
    ../clib/microlib/stubs.s                 0x00000000   Number         0  iusefp.o ABSOLUTE
    ../fplib/microlib/fpdiv.c                0x00000000   Number         0  fdiv.o ABSOLUTE
    ../fplib/microlib/fpepilogue.c           0x00000000   Number         0  fepilogue.o ABSOLUTE
    ../fplib/microlib/fpflt.c                0x00000000   Number         0  ffltui.o ABSOLUTE
    ../fplib/microlib/fpmul.c                0x00000000   Number         0  fmul.o ABSOLUTE
    ..\..\Libraries\CMSIS\core_cm3.c         0x00000000   Number         0  core_cm3.o ABSOLUTE
    ..\..\Libraries\CMSIS\startup\startup_stm32f10x_md.s 0x00000000   Number         0  startup_stm32f10x_md.o ABSOLUTE
    ..\..\Libraries\CMSIS\system_stm32f10x.c 0x00000000   Number         0  system_stm32f10x.o ABSOLUTE
    ..\..\Libraries\FWlib\src\misc.c         0x00000000   Number         0  misc.o ABSOLUTE
    ..\..\Libraries\FWlib\src\stm32f10x_adc.c 0x00000000   Number         0  stm32f10x_adc.o ABSOLUTE
    ..\..\Libraries\FWlib\src\stm32f10x_bkp.c 0x00000000   Number         0  stm32f10x_bkp.o ABSOLUTE
    ..\..\Libraries\FWlib\src\stm32f10x_can.c 0x00000000   Number         0  stm32f10x_can.o ABSOLUTE
    ..\..\Libraries\FWlib\src\stm32f10x_cec.c 0x00000000   Number         0  stm32f10x_cec.o ABSOLUTE
    ..\..\Libraries\FWlib\src\stm32f10x_crc.c 0x00000000   Number         0  stm32f10x_crc.o ABSOLUTE
    ..\..\Libraries\FWlib\src\stm32f10x_dac.c 0x00000000   Number         0  stm32f10x_dac.o ABSOLUTE
    ..\..\Libraries\FWlib\src\stm32f10x_dbgmcu.c 0x00000000   Number         0  stm32f10x_dbgmcu.o ABSOLUTE
    ..\..\Libraries\FWlib\src\stm32f10x_dma.c 0x00000000   Number         0  stm32f10x_dma.o ABSOLUTE
    ..\..\Libraries\FWlib\src\stm32f10x_exti.c 0x00000000   Number         0  stm32f10x_exti.o ABSOLUTE
    ..\..\Libraries\FWlib\src\stm32f10x_flash.c 0x00000000   Number         0  stm32f10x_flash.o ABSOLUTE
    ..\..\Libraries\FWlib\src\stm32f10x_fsmc.c 0x00000000   Number         0  stm32f10x_fsmc.o ABSOLUTE
    ..\..\Libraries\FWlib\src\stm32f10x_gpio.c 0x00000000   Number         0  stm32f10x_gpio.o ABSOLUTE
    ..\..\Libraries\FWlib\src\stm32f10x_i2c.c 0x00000000   Number         0  stm32f10x_i2c.o ABSOLUTE
    ..\..\Libraries\FWlib\src\stm32f10x_iwdg.c 0x00000000   Number         0  stm32f10x_iwdg.o ABSOLUTE
    ..\..\Libraries\FWlib\src\stm32f10x_pwr.c 0x00000000   Number         0  stm32f10x_pwr.o ABSOLUTE
    ..\..\Libraries\FWlib\src\stm32f10x_rcc.c 0x00000000   Number         0  stm32f10x_rcc.o ABSOLUTE
    ..\..\Libraries\FWlib\src\stm32f10x_rtc.c 0x00000000   Number         0  stm32f10x_rtc.o ABSOLUTE
    ..\..\Libraries\FWlib\src\stm32f10x_sdio.c 0x00000000   Number         0  stm32f10x_sdio.o ABSOLUTE
    ..\..\Libraries\FWlib\src\stm32f10x_spi.c 0x00000000   Number         0  stm32f10x_spi.o ABSOLUTE
    ..\..\Libraries\FWlib\src\stm32f10x_tim.c 0x00000000   Number         0  stm32f10x_tim.o ABSOLUTE
    ..\..\Libraries\FWlib\src\stm32f10x_usart.c 0x00000000   Number         0  stm32f10x_usart.o ABSOLUTE
    ..\..\Libraries\FWlib\src\stm32f10x_wwdg.c 0x00000000   Number         0  stm32f10x_wwdg.o ABSOLUTE
    ..\..\SYSTEM\delay\delay.c               0x00000000   Number         0  delay.o ABSOLUTE
    ..\..\SYSTEM\sys\sys.c                   0x00000000   Number         0  sys.o ABSOLUTE
    ..\..\User\24CXX\24cxx.c                 0x00000000   Number         0  24cxx.o ABSOLUTE
    ..\..\User\485\485.c                     0x00000000   Number         0  485.o ABSOLUTE
    ..\..\User\AdvanceTim\bsp_AdvanceTim.c   0x00000000   Number         0  bsp_advancetim.o ABSOLUTE
    ..\..\User\Communication\commu.c         0x00000000   Number         0  commu.o ABSOLUTE
    ..\..\User\IIC\myiic.c                   0x00000000   Number         0  myiic.o ABSOLUTE
    ..\..\User\LTC2944\LTC2944.c             0x00000000   Number         0  ltc2944.o ABSOLUTE
    ..\..\User\LTCIIC\LTCIIC.c               0x00000000   Number         0  ltciic.o ABSOLUTE
    ..\..\User\Led\bsp_led.c                 0x00000000   Number         0  bsp_led.o ABSOLUTE
    ..\..\User\MALLOC\malloc.c               0x00000000   Number         0  malloc.o ABSOLUTE
    ..\..\User\main.c                        0x00000000   Number         0  main.o ABSOLUTE
    ..\..\User\stm32f10x_it.c                0x00000000   Number         0  stm32f10x_it.o ABSOLUTE
    ..\\..\\Libraries\\CMSIS\\core_cm3.c     0x00000000   Number         0  core_cm3.o ABSOLUTE
    ..\\..\\SYSTEM\\sys\\sys.c               0x00000000   Number         0  sys.o ABSOLUTE
    dc.s                                     0x00000000   Number         0  dc.o ABSOLUTE
    handlers.s                               0x00000000   Number         0  handlers.o ABSOLUTE
    init.s                                   0x00000000   Number         0  init.o ABSOLUTE
    RESET                                    0x08000000   Section      236  startup_stm32f10x_md.o(RESET)
    .ARM.Collect$$$$00000000                 0x080000ec   Section        0  entry.o(.ARM.Collect$$$$00000000)
    .ARM.Collect$$$$00000001                 0x080000ec   Section        4  entry2.o(.ARM.Collect$$$$00000001)
    .ARM.Collect$$$$00000004                 0x080000f0   Section        4  entry5.o(.ARM.Collect$$$$00000004)
    .ARM.Collect$$$$00000008                 0x080000f4   Section        0  entry7b.o(.ARM.Collect$$$$00000008)
    .ARM.Collect$$$$0000000A                 0x080000f4   Section        0  entry8b.o(.ARM.Collect$$$$0000000A)
    .ARM.Collect$$$$0000000B                 0x080000f4   Section        8  entry9a.o(.ARM.Collect$$$$0000000B)
    .ARM.Collect$$$$0000000D                 0x080000fc   Section        0  entry10a.o(.ARM.Collect$$$$0000000D)
    .ARM.Collect$$$$0000000F                 0x080000fc   Section        0  entry11a.o(.ARM.Collect$$$$0000000F)
    .ARM.Collect$$$$00002712                 0x080000fc   Section        4  entry2.o(.ARM.Collect$$$$00002712)
    __lit__00000000                          0x080000fc   Data           4  entry2.o(.ARM.Collect$$$$00002712)
    .text                                    0x08000100   Section        0  delay.o(.text)
    .text                                    0x080001c4   Section       36  startup_stm32f10x_md.o(.text)
    .text                                    0x080001e8   Section        0  system_stm32f10x.o(.text)
    SetSysClockTo72                          0x080001e9   Thumb Code   214  system_stm32f10x.o(.text)
    SetSysClock                              0x080002bf   Thumb Code     8  system_stm32f10x.o(.text)
    .text                                    0x080003c8   Section        0  misc.o(.text)
    .text                                    0x080004a4   Section        0  stm32f10x_gpio.o(.text)
    .text                                    0x08000800   Section        0  stm32f10x_rcc.o(.text)
    .text                                    0x08000ba4   Section        0  stm32f10x_tim.o(.text)
    TI4_Config                               0x0800104b   Thumb Code   130  stm32f10x_tim.o(.text)
    TI3_Config                               0x080010df   Thumb Code   122  stm32f10x_tim.o(.text)
    TI2_Config                               0x08001173   Thumb Code   130  stm32f10x_tim.o(.text)
    TI1_Config                               0x08001207   Thumb Code   108  stm32f10x_tim.o(.text)
    .text                                    0x080019c0   Section        0  stm32f10x_usart.o(.text)
    .text                                    0x08001dc8   Section        0  main.o(.text)
    RS485_delay                              0x08001dc9   Thumb Code    18  main.o(.text)
    Delay                                    0x08001ddb   Thumb Code    18  main.o(.text)
    .text                                    0x08001e98   Section        0  stm32f10x_it.o(.text)
    RS485_delay                              0x08001e99   Thumb Code    18  stm32f10x_it.o(.text)
    .text                                    0x08001ecc   Section        0  bsp_led.o(.text)
    .text                                    0x08001f00   Section        0  bsp_advancetim.o(.text)
    RS485_delay                              0x08001f01   Thumb Code    18  bsp_advancetim.o(.text)
    .text                                    0x08001fb4   Section        0  485.o(.text)
    RS485_delay                              0x08001fb5   Thumb Code    18  485.o(.text)
    NVIC_Configuration                       0x08001fc7   Thumb Code    30  485.o(.text)
    Delay                                    0x08002149   Thumb Code    18  485.o(.text)
    .text                                    0x080023f8   Section        0  ltc2944.o(.text)
    RS485_delay                              0x080023f9   Thumb Code    18  ltc2944.o(.text)
    .text                                    0x08002780   Section        0  ltciic.o(.text)
    RS485_delay                              0x08002781   Thumb Code    18  ltciic.o(.text)
    .text                                    0x080029c4   Section        0  commu.o(.text)
    RS485_delay                              0x080029c5   Thumb Code    18  commu.o(.text)
    .text                                    0x08002ac0   Section        0  fmul.o(.text)
    .text                                    0x08002b24   Section        0  fdiv.o(.text)
    .text                                    0x08002ba0   Section        0  ffltui.o(.text)
    .text                                    0x08002baa   Section        0  iusefp.o(.text)
    .text                                    0x08002baa   Section        0  fepilogue.o(.text)
    .text                                    0x08002c18   Section       36  init.o(.text)
    i.__scatterload_copy                     0x08002c3c   Section       14  handlers.o(i.__scatterload_copy)
    i.__scatterload_null                     0x08002c4a   Section        2  handlers.o(i.__scatterload_null)
    i.__scatterload_zeroinit                 0x08002c4c   Section       14  handlers.o(i.__scatterload_zeroinit)
    .ARM.__AT_0x10000000                     0x10000000   Section    61440  malloc.o(.ARM.__AT_0x10000000)
    .ARM.__AT_0x1000F000                     0x1000f000   Section     3840  malloc.o(.ARM.__AT_0x1000F000)
    .data                                    0x20000000   Section        4  delay.o(.data)
    fac_us                                   0x20000000   Data           1  delay.o(.data)
    fac_ms                                   0x20000002   Data           2  delay.o(.data)
    .data                                    0x20000004   Section       20  system_stm32f10x.o(.data)
    .data                                    0x20000018   Section       20  stm32f10x_rcc.o(.data)
    APBAHBPrescTable                         0x20000018   Data          16  stm32f10x_rcc.o(.data)
    ADCPrescTable                            0x20000028   Data           4  stm32f10x_rcc.o(.data)
    .data                                    0x2000002c   Section        1  main.o(.data)
    .data                                    0x2000002d   Section        1  bsp_advancetim.o(.data)
    .data                                    0x2000002e   Section        2  485.o(.data)
    .data                                    0x20000030   Section       16  ltc2944.o(.data)
    .data                                    0x20000040   Section       14  commu.o(.data)
    .bss                                     0x20000050   Section       20  485.o(.bss)
    STACK                                    0x20000068   Section     1024  startup_stm32f10x_md.o(STACK)
    .ARM.__AT_0x68000000                     0x68000000   Section    204800  malloc.o(.ARM.__AT_0x68000000)
    .ARM.__AT_0x68032000                     0x68032000   Section    12800  malloc.o(.ARM.__AT_0x68032000)

    Global Symbols

    Symbol Name                              Value     Ov Type        Size  Object(Section)

    BuildAttributes$$THM_ISAv4$P$D$K$B$S$PE$A:L22UL41UL21$X:L11$S22US41US21$IEEE1$IW$USESV6$~STKCKD$USESV7$~SHL$OTIME$ROPI$EBA8$MICROLIB$REQ8$PRES8$EABIv2 0x00000000   Number         0  anon$$obj.o ABSOLUTE
    __ARM_use_no_argv                        0x00000000   Number         0  main.o ABSOLUTE
    __cpp_initialize__aeabi_                  - Undefined Weak Reference
    __cxa_finalize                            - Undefined Weak Reference
    __decompress                              - Undefined Weak Reference
    _clock_init                               - Undefined Weak Reference
    _microlib_exit                            - Undefined Weak Reference
    __Vectors_Size                           0x000000ec   Number         0  startup_stm32f10x_md.o ABSOLUTE
    __Vectors                                0x08000000   Data           4  startup_stm32f10x_md.o(RESET)
    __Vectors_End                            0x080000ec   Data           0  startup_stm32f10x_md.o(RESET)
    __main                                   0x080000ed   Thumb Code     0  entry.o(.ARM.Collect$$$$00000000)
    _main_stk                                0x080000ed   Thumb Code     0  entry2.o(.ARM.Collect$$$$00000001)
    _main_scatterload                        0x080000f1   Thumb Code     0  entry5.o(.ARM.Collect$$$$00000004)
    __main_after_scatterload                 0x080000f5   Thumb Code     0  entry5.o(.ARM.Collect$$$$00000004)
    _main_clock                              0x080000f5   Thumb Code     0  entry7b.o(.ARM.Collect$$$$00000008)
    _main_cpp_init                           0x080000f5   Thumb Code     0  entry8b.o(.ARM.Collect$$$$0000000A)
    _main_init                               0x080000f5   Thumb Code     0  entry9a.o(.ARM.Collect$$$$0000000B)
    __rt_final_cpp                           0x080000fd   Thumb Code     0  entry10a.o(.ARM.Collect$$$$0000000D)
    __rt_final_exit                          0x080000fd   Thumb Code     0  entry11a.o(.ARM.Collect$$$$0000000F)
    delay_init                               0x08000101   Thumb Code    50  delay.o(.text)
    delay_us                                 0x08000133   Thumb Code    56  delay.o(.text)
    delay_ms                                 0x0800016b   Thumb Code    72  delay.o(.text)
    Reset_Handler                            0x080001c5   Thumb Code     8  startup_stm32f10x_md.o(.text)
    ADC1_2_IRQHandler                        0x080001df   Thumb Code     0  startup_stm32f10x_md.o(.text)
    CAN1_RX1_IRQHandler                      0x080001df   Thumb Code     0  startup_stm32f10x_md.o(.text)
    CAN1_SCE_IRQHandler                      0x080001df   Thumb Code     0  startup_stm32f10x_md.o(.text)
    DMA1_Channel1_IRQHandler                 0x080001df   Thumb Code     0  startup_stm32f10x_md.o(.text)
    DMA1_Channel2_IRQHandler                 0x080001df   Thumb Code     0  startup_stm32f10x_md.o(.text)
    DMA1_Channel3_IRQHandler                 0x080001df   Thumb Code     0  startup_stm32f10x_md.o(.text)
    DMA1_Channel4_IRQHandler                 0x080001df   Thumb Code     0  startup_stm32f10x_md.o(.text)
    DMA1_Channel5_IRQHandler                 0x080001df   Thumb Code     0  startup_stm32f10x_md.o(.text)
    DMA1_Channel6_IRQHandler                 0x080001df   Thumb Code     0  startup_stm32f10x_md.o(.text)
    DMA1_Channel7_IRQHandler                 0x080001df   Thumb Code     0  startup_stm32f10x_md.o(.text)
    EXTI0_IRQHandler                         0x080001df   Thumb Code     0  startup_stm32f10x_md.o(.text)
    EXTI15_10_IRQHandler                     0x080001df   Thumb Code     0  startup_stm32f10x_md.o(.text)
    EXTI1_IRQHandler                         0x080001df   Thumb Code     0  startup_stm32f10x_md.o(.text)
    EXTI2_IRQHandler                         0x080001df   Thumb Code     0  startup_stm32f10x_md.o(.text)
    EXTI3_IRQHandler                         0x080001df   Thumb Code     0  startup_stm32f10x_md.o(.text)
    EXTI4_IRQHandler                         0x080001df   Thumb Code     0  startup_stm32f10x_md.o(.text)
    EXTI9_5_IRQHandler                       0x080001df   Thumb Code     0  startup_stm32f10x_md.o(.text)
    FLASH_IRQHandler                         0x080001df   Thumb Code     0  startup_stm32f10x_md.o(.text)
    I2C1_ER_IRQHandler                       0x080001df   Thumb Code     0  startup_stm32f10x_md.o(.text)
    I2C1_EV_IRQHandler                       0x080001df   Thumb Code     0  startup_stm32f10x_md.o(.text)
    I2C2_ER_IRQHandler                       0x080001df   Thumb Code     0  startup_stm32f10x_md.o(.text)
    I2C2_EV_IRQHandler                       0x080001df   Thumb Code     0  startup_stm32f10x_md.o(.text)
    PVD_IRQHandler                           0x080001df   Thumb Code     0  startup_stm32f10x_md.o(.text)
    RCC_IRQHandler                           0x080001df   Thumb Code     0  startup_stm32f10x_md.o(.text)
    RTCAlarm_IRQHandler                      0x080001df   Thumb Code     0  startup_stm32f10x_md.o(.text)
    RTC_IRQHandler                           0x080001df   Thumb Code     0  startup_stm32f10x_md.o(.text)
    SPI1_IRQHandler                          0x080001df   Thumb Code     0  startup_stm32f10x_md.o(.text)
    SPI2_IRQHandler                          0x080001df   Thumb Code     0  startup_stm32f10x_md.o(.text)
    TAMPER_IRQHandler                        0x080001df   Thumb Code     0  startup_stm32f10x_md.o(.text)
    TIM1_BRK_IRQHandler                      0x080001df   Thumb Code     0  startup_stm32f10x_md.o(.text)
    TIM1_CC_IRQHandler                       0x080001df   Thumb Code     0  startup_stm32f10x_md.o(.text)
    TIM1_TRG_COM_IRQHandler                  0x080001df   Thumb Code     0  startup_stm32f10x_md.o(.text)
    TIM2_IRQHandler                          0x080001df   Thumb Code     0  startup_stm32f10x_md.o(.text)
    TIM3_IRQHandler                          0x080001df   Thumb Code     0  startup_stm32f10x_md.o(.text)
    TIM4_IRQHandler                          0x080001df   Thumb Code     0  startup_stm32f10x_md.o(.text)
    USART2_IRQHandler                        0x080001df   Thumb Code     0  startup_stm32f10x_md.o(.text)
    USART3_IRQHandler                        0x080001df   Thumb Code     0  startup_stm32f10x_md.o(.text)
    USBWakeUp_IRQHandler                     0x080001df   Thumb Code     0  startup_stm32f10x_md.o(.text)
    USB_HP_CAN1_TX_IRQHandler                0x080001df   Thumb Code     0  startup_stm32f10x_md.o(.text)
    USB_LP_CAN1_RX0_IRQHandler               0x080001df   Thumb Code     0  startup_stm32f10x_md.o(.text)
    WWDG_IRQHandler                          0x080001df   Thumb Code     0  startup_stm32f10x_md.o(.text)
    SystemInit                               0x080002c7   Thumb Code    78  system_stm32f10x.o(.text)
    SystemCoreClockUpdate                    0x08000315   Thumb Code   142  system_stm32f10x.o(.text)
    NVIC_PriorityGroupConfig                 0x080003c9   Thumb Code    10  misc.o(.text)
    NVIC_Init                                0x080003d3   Thumb Code   100  misc.o(.text)
    NVIC_SetVectorTable                      0x08000437   Thumb Code    14  misc.o(.text)
    NVIC_SystemLPConfig                      0x08000445   Thumb Code    34  misc.o(.text)
    SysTick_CLKSourceConfig                  0x08000467   Thumb Code    40  misc.o(.text)
    GPIO_DeInit                              0x080004a5   Thumb Code   172  stm32f10x_gpio.o(.text)
    GPIO_AFIODeInit                          0x08000551   Thumb Code    20  stm32f10x_gpio.o(.text)
    GPIO_Init                                0x08000565   Thumb Code   278  stm32f10x_gpio.o(.text)
    GPIO_StructInit                          0x0800067b   Thumb Code    16  stm32f10x_gpio.o(.text)
    GPIO_ReadInputDataBit                    0x0800068b   Thumb Code    18  stm32f10x_gpio.o(.text)
    GPIO_ReadInputData                       0x0800069d   Thumb Code     8  stm32f10x_gpio.o(.text)
    GPIO_ReadOutputDataBit                   0x080006a5   Thumb Code    18  stm32f10x_gpio.o(.text)
    GPIO_ReadOutputData                      0x080006b7   Thumb Code     8  stm32f10x_gpio.o(.text)
    GPIO_SetBits                             0x080006bf   Thumb Code     4  stm32f10x_gpio.o(.text)
    GPIO_ResetBits                           0x080006c3   Thumb Code     4  stm32f10x_gpio.o(.text)
    GPIO_WriteBit                            0x080006c7   Thumb Code    10  stm32f10x_gpio.o(.text)
    GPIO_Write                               0x080006d1   Thumb Code     4  stm32f10x_gpio.o(.text)
    GPIO_PinLockConfig                       0x080006d5   Thumb Code    18  stm32f10x_gpio.o(.text)
    GPIO_EventOutputConfig                   0x080006e7   Thumb Code    26  stm32f10x_gpio.o(.text)
    GPIO_EventOutputCmd                      0x08000701   Thumb Code     6  stm32f10x_gpio.o(.text)
    GPIO_PinRemapConfig                      0x08000707   Thumb Code   138  stm32f10x_gpio.o(.text)
    GPIO_EXTILineConfig                      0x08000791   Thumb Code    66  stm32f10x_gpio.o(.text)
    GPIO_ETH_MediaInterfaceConfig            0x080007d3   Thumb Code     8  stm32f10x_gpio.o(.text)
    RCC_DeInit                               0x08000801   Thumb Code    64  stm32f10x_rcc.o(.text)
    RCC_HSEConfig                            0x08000841   Thumb Code    70  stm32f10x_rcc.o(.text)
    RCC_GetFlagStatus                        0x08000887   Thumb Code    56  stm32f10x_rcc.o(.text)
    RCC_WaitForHSEStartUp                    0x080008bf   Thumb Code    56  stm32f10x_rcc.o(.text)
    RCC_AdjustHSICalibrationValue            0x080008f7   Thumb Code    20  stm32f10x_rcc.o(.text)
    RCC_HSICmd                               0x0800090b   Thumb Code     6  stm32f10x_rcc.o(.text)
    RCC_PLLConfig                            0x08000911   Thumb Code    24  stm32f10x_rcc.o(.text)
    RCC_PLLCmd                               0x08000929   Thumb Code     6  stm32f10x_rcc.o(.text)
    RCC_SYSCLKConfig                         0x0800092f   Thumb Code    18  stm32f10x_rcc.o(.text)
    RCC_GetSYSCLKSource                      0x08000941   Thumb Code    10  stm32f10x_rcc.o(.text)
    RCC_HCLKConfig                           0x0800094b   Thumb Code    18  stm32f10x_rcc.o(.text)
    RCC_PCLK1Config                          0x0800095d   Thumb Code    18  stm32f10x_rcc.o(.text)
    RCC_PCLK2Config                          0x0800096f   Thumb Code    20  stm32f10x_rcc.o(.text)
    RCC_ITConfig                             0x08000983   Thumb Code    26  stm32f10x_rcc.o(.text)
    RCC_USBCLKConfig                         0x0800099d   Thumb Code     8  stm32f10x_rcc.o(.text)
    RCC_ADCCLKConfig                         0x080009a5   Thumb Code    18  stm32f10x_rcc.o(.text)
    RCC_LSEConfig                            0x080009b7   Thumb Code    50  stm32f10x_rcc.o(.text)
    RCC_LSICmd                               0x080009e9   Thumb Code     6  stm32f10x_rcc.o(.text)
    RCC_RTCCLKConfig                         0x080009ef   Thumb Code    12  stm32f10x_rcc.o(.text)
    RCC_RTCCLKCmd                            0x080009fb   Thumb Code     8  stm32f10x_rcc.o(.text)
    RCC_GetClocksFreq                        0x08000a03   Thumb Code   192  stm32f10x_rcc.o(.text)
    RCC_AHBPeriphClockCmd                    0x08000ac3   Thumb Code    26  stm32f10x_rcc.o(.text)
    RCC_APB2PeriphClockCmd                   0x08000add   Thumb Code    26  stm32f10x_rcc.o(.text)
    RCC_APB1PeriphClockCmd                   0x08000af7   Thumb Code    26  stm32f10x_rcc.o(.text)
    RCC_APB2PeriphResetCmd                   0x08000b11   Thumb Code    26  stm32f10x_rcc.o(.text)
    RCC_APB1PeriphResetCmd                   0x08000b2b   Thumb Code    26  stm32f10x_rcc.o(.text)
    RCC_BackupResetCmd                       0x08000b45   Thumb Code     8  stm32f10x_rcc.o(.text)
    RCC_ClockSecuritySystemCmd               0x08000b4d   Thumb Code     6  stm32f10x_rcc.o(.text)
    RCC_MCOConfig                            0x08000b53   Thumb Code     6  stm32f10x_rcc.o(.text)
    RCC_ClearFlag                            0x08000b59   Thumb Code    14  stm32f10x_rcc.o(.text)
    RCC_GetITStatus                          0x08000b67   Thumb Code    20  stm32f10x_rcc.o(.text)
    RCC_ClearITPendingBit                    0x08000b7b   Thumb Code     6  stm32f10x_rcc.o(.text)
    TIM_DeInit                               0x08000ba5   Thumb Code   424  stm32f10x_tim.o(.text)
    TIM_TimeBaseInit                         0x08000d4d   Thumb Code   122  stm32f10x_tim.o(.text)
    TIM_OC1Init                              0x08000dc7   Thumb Code   132  stm32f10x_tim.o(.text)
    TIM_OC2Init                              0x08000e4b   Thumb Code   154  stm32f10x_tim.o(.text)
    TIM_OC3Init                              0x08000ee5   Thumb Code   150  stm32f10x_tim.o(.text)
    TIM_OC4Init                              0x08000f7b   Thumb Code   182  stm32f10x_tim.o(.text)
    TIM_SetIC4Prescaler                      0x08001031   Thumb Code    26  stm32f10x_tim.o(.text)
    TIM_SetIC3Prescaler                      0x080010cd   Thumb Code    18  stm32f10x_tim.o(.text)
    TIM_SetIC2Prescaler                      0x08001159   Thumb Code    26  stm32f10x_tim.o(.text)
    TIM_SetIC1Prescaler                      0x080011f5   Thumb Code    18  stm32f10x_tim.o(.text)
    TIM_ICInit                               0x08001273   Thumb Code   150  stm32f10x_tim.o(.text)
    TIM_PWMIConfig                           0x08001309   Thumb Code   124  stm32f10x_tim.o(.text)
    TIM_BDTRConfig                           0x08001385   Thumb Code    32  stm32f10x_tim.o(.text)
    TIM_TimeBaseStructInit                   0x080013a5   Thumb Code    18  stm32f10x_tim.o(.text)
    TIM_OCStructInit                         0x080013b7   Thumb Code    20  stm32f10x_tim.o(.text)
    TIM_ICStructInit                         0x080013cb   Thumb Code    18  stm32f10x_tim.o(.text)
    TIM_BDTRStructInit                       0x080013dd   Thumb Code    40  stm32f10x_tim.o(.text)
    TIM_Cmd                                  0x08001405   Thumb Code    24  stm32f10x_tim.o(.text)
    TIM_CtrlPWMOutputs                       0x0800141d   Thumb Code    30  stm32f10x_tim.o(.text)
    TIM_ITConfig                             0x0800143b   Thumb Code    18  stm32f10x_tim.o(.text)
    TIM_GenerateEvent                        0x0800144d   Thumb Code     4  stm32f10x_tim.o(.text)
    TIM_DMAConfig                            0x08001451   Thumb Code    10  stm32f10x_tim.o(.text)
    TIM_DMACmd                               0x0800145b   Thumb Code    18  stm32f10x_tim.o(.text)
    TIM_InternalClockConfig                  0x0800146d   Thumb Code    12  stm32f10x_tim.o(.text)
    TIM_SelectInputTrigger                   0x08001479   Thumb Code    18  stm32f10x_tim.o(.text)
    TIM_ITRxExternalClockConfig              0x0800148b   Thumb Code    24  stm32f10x_tim.o(.text)
    TIM_TIxExternalClockConfig               0x080014a3   Thumb Code    62  stm32f10x_tim.o(.text)
    TIM_ETRConfig                            0x080014e1   Thumb Code    28  stm32f10x_tim.o(.text)
    TIM_ETRClockMode1Config                  0x080014fd   Thumb Code    54  stm32f10x_tim.o(.text)
    TIM_ETRClockMode2Config                  0x08001533   Thumb Code    32  stm32f10x_tim.o(.text)
    TIM_PrescalerConfig                      0x08001553   Thumb Code     6  stm32f10x_tim.o(.text)
    TIM_CounterModeConfig                    0x08001559   Thumb Code    18  stm32f10x_tim.o(.text)
    TIM_EncoderInterfaceConfig               0x0800156b   Thumb Code    66  stm32f10x_tim.o(.text)
    TIM_ForcedOC1Config                      0x080015ad   Thumb Code    18  stm32f10x_tim.o(.text)
    TIM_ForcedOC2Config                      0x080015bf   Thumb Code    26  stm32f10x_tim.o(.text)
    TIM_ForcedOC3Config                      0x080015d9   Thumb Code    18  stm32f10x_tim.o(.text)
    TIM_ForcedOC4Config                      0x080015eb   Thumb Code    26  stm32f10x_tim.o(.text)
    TIM_ARRPreloadConfig                     0x08001605   Thumb Code    24  stm32f10x_tim.o(.text)
    TIM_SelectCOM                            0x0800161d   Thumb Code    24  stm32f10x_tim.o(.text)
    TIM_SelectCCDMA                          0x08001635   Thumb Code    24  stm32f10x_tim.o(.text)
    TIM_CCPreloadControl                     0x0800164d   Thumb Code    24  stm32f10x_tim.o(.text)
    TIM_OC1PreloadConfig                     0x08001665   Thumb Code    18  stm32f10x_tim.o(.text)
    TIM_OC2PreloadConfig                     0x08001677   Thumb Code    26  stm32f10x_tim.o(.text)
    TIM_OC3PreloadConfig                     0x08001691   Thumb Code    18  stm32f10x_tim.o(.text)
    TIM_OC4PreloadConfig                     0x080016a3   Thumb Code    26  stm32f10x_tim.o(.text)
    TIM_OC1FastConfig                        0x080016bd   Thumb Code    18  stm32f10x_tim.o(.text)
    TIM_OC2FastConfig                        0x080016cf   Thumb Code    26  stm32f10x_tim.o(.text)
    TIM_OC3FastConfig                        0x080016e9   Thumb Code    18  stm32f10x_tim.o(.text)
    TIM_OC4FastConfig                        0x080016fb   Thumb Code    26  stm32f10x_tim.o(.text)
    TIM_ClearOC1Ref                          0x08001715   Thumb Code    18  stm32f10x_tim.o(.text)
    TIM_ClearOC2Ref                          0x08001727   Thumb Code    24  stm32f10x_tim.o(.text)
    TIM_ClearOC3Ref                          0x0800173f   Thumb Code    18  stm32f10x_tim.o(.text)
    TIM_ClearOC4Ref                          0x08001751   Thumb Code    24  stm32f10x_tim.o(.text)
    TIM_OC1PolarityConfig                    0x08001769   Thumb Code    18  stm32f10x_tim.o(.text)
    TIM_OC1NPolarityConfig                   0x0800177b   Thumb Code    18  stm32f10x_tim.o(.text)
    TIM_OC2PolarityConfig                    0x0800178d   Thumb Code    26  stm32f10x_tim.o(.text)
    TIM_OC2NPolarityConfig                   0x080017a7   Thumb Code    26  stm32f10x_tim.o(.text)
    TIM_OC3PolarityConfig                    0x080017c1   Thumb Code    26  stm32f10x_tim.o(.text)
    TIM_OC3NPolarityConfig                   0x080017db   Thumb Code    26  stm32f10x_tim.o(.text)
    TIM_OC4PolarityConfig                    0x080017f5   Thumb Code    26  stm32f10x_tim.o(.text)
    TIM_CCxCmd                               0x0800180f   Thumb Code    30  stm32f10x_tim.o(.text)
    TIM_CCxNCmd                              0x0800182d   Thumb Code    30  stm32f10x_tim.o(.text)
    TIM_SelectOCxM                           0x0800184b   Thumb Code    82  stm32f10x_tim.o(.text)
    TIM_UpdateDisableConfig                  0x0800189d   Thumb Code    24  stm32f10x_tim.o(.text)
    TIM_UpdateRequestConfig                  0x080018b5   Thumb Code    24  stm32f10x_tim.o(.text)
    TIM_SelectHallSensor                     0x080018cd   Thumb Code    24  stm32f10x_tim.o(.text)
    TIM_SelectOnePulseMode                   0x080018e5   Thumb Code    18  stm32f10x_tim.o(.text)
    TIM_SelectOutputTrigger                  0x080018f7   Thumb Code    18  stm32f10x_tim.o(.text)
    TIM_SelectSlaveMode                      0x08001909   Thumb Code    18  stm32f10x_tim.o(.text)
    TIM_SelectMasterSlaveMode                0x0800191b   Thumb Code    18  stm32f10x_tim.o(.text)
    TIM_SetCounter                           0x0800192d   Thumb Code     4  stm32f10x_tim.o(.text)
    TIM_SetAutoreload                        0x08001931   Thumb Code     4  stm32f10x_tim.o(.text)
    TIM_SetCompare1                          0x08001935   Thumb Code     4  stm32f10x_tim.o(.text)
    TIM_SetCompare2                          0x08001939   Thumb Code     4  stm32f10x_tim.o(.text)
    TIM_SetCompare3                          0x0800193d   Thumb Code     4  stm32f10x_tim.o(.text)
    TIM_SetCompare4                          0x08001941   Thumb Code     6  stm32f10x_tim.o(.text)
    TIM_SetClockDivision                     0x08001947   Thumb Code    18  stm32f10x_tim.o(.text)
    TIM_GetCapture1                          0x08001959   Thumb Code     6  stm32f10x_tim.o(.text)
    TIM_GetCapture2                          0x0800195f   Thumb Code     6  stm32f10x_tim.o(.text)
    TIM_GetCapture3                          0x08001965   Thumb Code     6  stm32f10x_tim.o(.text)
    TIM_GetCapture4                          0x0800196b   Thumb Code     8  stm32f10x_tim.o(.text)
    TIM_GetCounter                           0x08001973   Thumb Code     6  stm32f10x_tim.o(.text)
    TIM_GetPrescaler                         0x08001979   Thumb Code     6  stm32f10x_tim.o(.text)
    TIM_GetFlagStatus                        0x0800197f   Thumb Code    18  stm32f10x_tim.o(.text)
    TIM_ClearFlag                            0x08001991   Thumb Code     6  stm32f10x_tim.o(.text)
    TIM_GetITStatus                          0x08001997   Thumb Code    34  stm32f10x_tim.o(.text)
    TIM_ClearITPendingBit                    0x080019b9   Thumb Code     6  stm32f10x_tim.o(.text)
    USART_DeInit                             0x080019c1   Thumb Code   134  stm32f10x_usart.o(.text)
    USART_Init                               0x08001a47   Thumb Code   210  stm32f10x_usart.o(.text)
    USART_StructInit                         0x08001b19   Thumb Code    24  stm32f10x_usart.o(.text)
    USART_ClockInit                          0x08001b31   Thumb Code    34  stm32f10x_usart.o(.text)
    USART_ClockStructInit                    0x08001b53   Thumb Code    12  stm32f10x_usart.o(.text)
    USART_Cmd                                0x08001b5f   Thumb Code    24  stm32f10x_usart.o(.text)
    USART_ITConfig                           0x08001b77   Thumb Code    74  stm32f10x_usart.o(.text)
    USART_DMACmd                             0x08001bc1   Thumb Code    18  stm32f10x_usart.o(.text)
    USART_SetAddress                         0x08001bd3   Thumb Code    18  stm32f10x_usart.o(.text)
    USART_WakeUpConfig                       0x08001be5   Thumb Code    18  stm32f10x_usart.o(.text)
    USART_ReceiverWakeUpCmd                  0x08001bf7   Thumb Code    24  stm32f10x_usart.o(.text)
    USART_LINBreakDetectLengthConfig         0x08001c0f   Thumb Code    18  stm32f10x_usart.o(.text)
    USART_LINCmd                             0x08001c21   Thumb Code    24  stm32f10x_usart.o(.text)
    USART_SendData                           0x08001c39   Thumb Code     8  stm32f10x_usart.o(.text)
    USART_ReceiveData                        0x08001c41   Thumb Code    10  stm32f10x_usart.o(.text)
    USART_SendBreak                          0x08001c4b   Thumb Code    10  stm32f10x_usart.o(.text)
    USART_SetGuardTime                       0x08001c55   Thumb Code    16  stm32f10x_usart.o(.text)
    USART_SetPrescaler                       0x08001c65   Thumb Code    16  stm32f10x_usart.o(.text)
    USART_SmartCardCmd                       0x08001c75   Thumb Code    24  stm32f10x_usart.o(.text)
    USART_SmartCardNACKCmd                   0x08001c8d   Thumb Code    24  stm32f10x_usart.o(.text)
    USART_HalfDuplexCmd                      0x08001ca5   Thumb Code    24  stm32f10x_usart.o(.text)
    USART_OverSampling8Cmd                   0x08001cbd   Thumb Code    22  stm32f10x_usart.o(.text)
    USART_OneBitMethodCmd                    0x08001cd3   Thumb Code    24  stm32f10x_usart.o(.text)
    USART_IrDAConfig                         0x08001ceb   Thumb Code    18  stm32f10x_usart.o(.text)
    USART_IrDACmd                            0x08001cfd   Thumb Code    24  stm32f10x_usart.o(.text)
    USART_GetFlagStatus                      0x08001d15   Thumb Code    26  stm32f10x_usart.o(.text)
    USART_ClearFlag                          0x08001d2f   Thumb Code    18  stm32f10x_usart.o(.text)
    USART_GetITStatus                        0x08001d41   Thumb Code    84  stm32f10x_usart.o(.text)
    USART_ClearITPendingBit                  0x08001d95   Thumb Code    52  stm32f10x_usart.o(.text)
    main                                     0x08001ded   Thumb Code   156  main.o(.text)
    NMI_Handler                              0x08001eab   Thumb Code     2  stm32f10x_it.o(.text)
    HardFault_Handler                        0x08001ead   Thumb Code     4  stm32f10x_it.o(.text)
    MemManage_Handler                        0x08001eb1   Thumb Code     4  stm32f10x_it.o(.text)
    BusFault_Handler                         0x08001eb5   Thumb Code     4  stm32f10x_it.o(.text)
    UsageFault_Handler                       0x08001eb9   Thumb Code     4  stm32f10x_it.o(.text)
    SVC_Handler                              0x08001ebd   Thumb Code     2  stm32f10x_it.o(.text)
    DebugMon_Handler                         0x08001ebf   Thumb Code     2  stm32f10x_it.o(.text)
    PendSV_Handler                           0x08001ec1   Thumb Code     2  stm32f10x_it.o(.text)
    SysTick_Handler                          0x08001ec3   Thumb Code     2  stm32f10x_it.o(.text)
    USART1_IRQHandler                        0x08001ec5   Thumb Code     8  stm32f10x_it.o(.text)
    LED_GPIO_Config                          0x08001ecd   Thumb Code    46  bsp_led.o(.text)
    ADVANCE_TIM_Mode_Config                  0x08001f13   Thumb Code   114  bsp_advancetim.o(.text)
    TIM1_UP_IRQHandler                       0x08001f85   Thumb Code    38  bsp_advancetim.o(.text)
    RS485_Config                             0x08001fe5   Thumb Code   174  485.o(.text)
    bsp_RS485_IRQHandler                     0x08002093   Thumb Code    70  485.o(.text)
    get_rebuff                               0x080020d9   Thumb Code    12  485.o(.text)
    clean_rebuff                             0x080020e5   Thumb Code    28  485.o(.text)
    U485_SendData                            0x08002101   Thumb Code    44  485.o(.text)
    RS485_SendByte                           0x0800212d   Thumb Code    28  485.o(.text)
    RS485_SendStr_length                     0x0800215b   Thumb Code    84  485.o(.text)
    RS485_SendString                         0x080021af   Thumb Code    84  485.o(.text)
    Usart_SendByte                           0x08002203   Thumb Code    30  485.o(.text)
    Usart_SendString                         0x08002221   Thumb Code    42  485.o(.text)
    itoa                                     0x0800224b   Thumb Code    96  485.o(.text)
    USART_OUT                                0x080022ab   Thumb Code   314  485.o(.text)
    LTC2944_Init                             0x0800240b   Thumb Code    50  ltc2944.o(.text)
    i2c_read_byte_data                       0x0800243d   Thumb Code   100  ltc2944.o(.text)
    i2c_read_word_data                       0x080024a1   Thumb Code   110  ltc2944.o(.text)
    i2c_read_block_data                      0x0800250f   Thumb Code   130  ltc2944.o(.text)
    LTC2944_read                             0x08002591   Thumb Code    20  ltc2944.o(.text)
    LTC2944_read_16_bits                     0x080025a5   Thumb Code    62  ltc2944.o(.text)
    i2c_write_byte_data                      0x080025e3   Thumb Code    68  ltc2944.o(.text)
    i2c_write_word_data                      0x08002627   Thumb Code    96  ltc2944.o(.text)
    i2c_write_block_data                     0x08002687   Thumb Code    98  ltc2944.o(.text)
    LTC2944_write                            0x080026e9   Thumb Code    28  ltc2944.o(.text)
    LTC2944_write_16_bits                    0x08002705   Thumb Code    28  ltc2944.o(.text)
    WakeUp_AnalogPart                        0x08002721   Thumb Code    18  ltc2944.o(.text)
    LTC2944_code_to_voltage                  0x08002733   Thumb Code    36  ltc2944.o(.text)
    LIIC_Start                               0x08002793   Thumb Code    64  ltciic.o(.text)
    LIIC_Stop                                0x080027d3   Thumb Code    66  ltciic.o(.text)
    LIIC_Wait_Ack                            0x08002815   Thumb Code    86  ltciic.o(.text)
    LIIC_Ack                                 0x0800286b   Thumb Code    70  ltciic.o(.text)
    LIIC_NAck                                0x080028b1   Thumb Code    70  ltciic.o(.text)
    LIIC_Send_Byte                           0x080028f7   Thumb Code    92  ltciic.o(.text)
    LIIC_Read_Byte                           0x08002953   Thumb Code   100  ltciic.o(.text)
    N_CRC16                                  0x080029d7   Thumb Code    54  commu.o(.text)
    datadispose                              0x08002a0d   Thumb Code   140  commu.o(.text)
    __aeabi_fmul                             0x08002ac1   Thumb Code   100  fmul.o(.text)
    __aeabi_fdiv                             0x08002b25   Thumb Code   124  fdiv.o(.text)
    __aeabi_ui2f                             0x08002ba1   Thumb Code    10  ffltui.o(.text)
    __I$use$fp                               0x08002bab   Thumb Code     0  iusefp.o(.text)
    _float_round                             0x08002bab   Thumb Code    18  fepilogue.o(.text)
    _float_epilogue                          0x08002bbd   Thumb Code    92  fepilogue.o(.text)
    __scatterload                            0x08002c19   Thumb Code    28  init.o(.text)
    __scatterload_rt2                        0x08002c19   Thumb Code     0  init.o(.text)
    __scatterload_copy                       0x08002c3d   Thumb Code    14  handlers.o(i.__scatterload_copy)
    __scatterload_null                       0x08002c4b   Thumb Code     2  handlers.o(i.__scatterload_null)
    __scatterload_zeroinit                   0x08002c4d   Thumb Code    14  handlers.o(i.__scatterload_zeroinit)
    Region$$Table$$Base                      0x08002c5c   Number         0  anon$$obj.o(Region$$Table)
    Region$$Table$$Limit                     0x08002c7c   Number         0  anon$$obj.o(Region$$Table)
    mem3base                                 0x10000000   Data       61440  malloc.o(.ARM.__AT_0x10000000)
    mem3mapbase                              0x1000f000   Data        3840  malloc.o(.ARM.__AT_0x1000F000)
    SystemCoreClock                          0x20000004   Data           4  system_stm32f10x.o(.data)
    AHBPrescTable                            0x20000008   Data          16  system_stm32f10x.o(.data)
    flag                                     0x2000002c   Data           1  main.o(.data)
    tranfserOK                               0x2000002d   Data           1  bsp_advancetim.o(.data)
    uart_p                                   0x2000002e   Data           2  485.o(.data)
    data                                     0x20000030   Data           1  ltc2944.o(.data)
    LTC2944_value                            0x20000031   Data           7  ltc2944.o(.data)
    crc                                      0x20000038   Data           4  ltc2944.o(.data)
    LTC_CHARGE                               0x2000003c   Data           2  ltc2944.o(.data)
    LTC_CHARGE_L                             0x2000003e   Data           2  ltc2944.o(.data)
    pbuf                                     0x20000040   Data           4  commu.o(.data)
    len                                      0x20000044   Data           2  commu.o(.data)
    DeviceADD                                0x20000046   Data           1  commu.o(.data)
    commandd                                 0x20000047   Data           1  commu.o(.data)
    addrL                                    0x20000048   Data           1  commu.o(.data)
    addrH                                    0x20000049   Data           1  commu.o(.data)
    content1                                 0x2000004a   Data           1  commu.o(.data)
    content2                                 0x2000004b   Data           1  commu.o(.data)
    CRC_L                                    0x2000004c   Data           1  commu.o(.data)
    CRC_H                                    0x2000004d   Data           1  commu.o(.data)
    uart_buff                                0x20000050   Data          20  485.o(.bss)
    __initial_sp                             0x20000468   Data           0  startup_stm32f10x_md.o(STACK)
    mem2base                                 0x68000000   Data       204800  malloc.o(.ARM.__AT_0x68000000)
    mem2mapbase                              0x68032000   Data       12800  malloc.o(.ARM.__AT_0x68032000)



==============================================================================

Memory Map of the image

  Image Entry point : 0x080000ed

  Load Region LR_IROM1 (Base: 0x08000000, Size: 0x00002ccc, Max: 0x00010000, ABSOLUTE)

    Execution Region ER_IROM1 (Exec base: 0x08000000, Load base: 0x08000000, Size: 0x00002c7c, Max: 0x00010000, ABSOLUTE)

    Exec Addr    Load Addr    Size         Type   Attr      Idx    E Section Name        Object

    0x08000000   0x08000000   0x000000ec   Data   RO          128    RESET               startup_stm32f10x_md.o
    0x080000ec   0x080000ec   0x00000000   Code   RO          642  * .ARM.Collect$$$$00000000  mc_w.l(entry.o)
    0x080000ec   0x080000ec   0x00000004   Code   RO          651    .ARM.Collect$$$$00000001  mc_w.l(entry2.o)
    0x080000f0   0x080000f0   0x00000004   Code   RO          654    .ARM.Collect$$$$00000004  mc_w.l(entry5.o)
    0x080000f4   0x080000f4   0x00000000   Code   RO          656    .ARM.Collect$$$$00000008  mc_w.l(entry7b.o)
    0x080000f4   0x080000f4   0x00000000   Code   RO          658    .ARM.Collect$$$$0000000A  mc_w.l(entry8b.o)
    0x080000f4   0x080000f4   0x00000008   Code   RO          659    .ARM.Collect$$$$0000000B  mc_w.l(entry9a.o)
    0x080000fc   0x080000fc   0x00000000   Code   RO          661    .ARM.Collect$$$$0000000D  mc_w.l(entry10a.o)
    0x080000fc   0x080000fc   0x00000000   Code   RO          663    .ARM.Collect$$$$0000000F  mc_w.l(entry11a.o)
    0x080000fc   0x080000fc   0x00000004   Code   RO          652    .ARM.Collect$$$$00002712  mc_w.l(entry2.o)
    0x08000100   0x08000100   0x000000c4   Code   RO            1    .text               delay.o
    0x080001c4   0x080001c4   0x00000024   Code   RO          129    .text               startup_stm32f10x_md.o
    0x080001e8   0x080001e8   0x000001e0   Code   RO          143    .text               system_stm32f10x.o
    0x080003c8   0x080003c8   0x000000dc   Code   RO          161    .text               misc.o
    0x080004a4   0x080004a4   0x0000035c   Code   RO          305    .text               stm32f10x_gpio.o
    0x08000800   0x08000800   0x000003a4   Code   RO          353    .text               stm32f10x_rcc.o
    0x08000ba4   0x08000ba4   0x00000e1a   Code   RO          403    .text               stm32f10x_tim.o
    0x080019be   0x080019be   0x00000002   PAD
    0x080019c0   0x080019c0   0x00000408   Code   RO          415    .text               stm32f10x_usart.o
    0x08001dc8   0x08001dc8   0x000000d0   Code   RO          439    .text               main.o
    0x08001e98   0x08001e98   0x00000034   Code   RO          477    .text               stm32f10x_it.o
    0x08001ecc   0x08001ecc   0x00000034   Code   RO          492    .text               bsp_led.o
    0x08001f00   0x08001f00   0x000000b4   Code   RO          504    .text               bsp_advancetim.o
    0x08001fb4   0x08001fb4   0x00000444   Code   RO          519    .text               485.o
    0x080023f8   0x080023f8   0x00000388   Code   RO          575    .text               ltc2944.o
    0x08002780   0x08002780   0x00000244   Code   RO          591    .text               ltciic.o
    0x080029c4   0x080029c4   0x000000fc   Code   RO          603    .text               commu.o
    0x08002ac0   0x08002ac0   0x00000064   Code   RO          645    .text               mf_w.l(fmul.o)
    0x08002b24   0x08002b24   0x0000007c   Code   RO          647    .text               mf_w.l(fdiv.o)
    0x08002ba0   0x08002ba0   0x0000000a   Code   RO          649    .text               mf_w.l(ffltui.o)
    0x08002baa   0x08002baa   0x00000000   Code   RO          665    .text               mc_w.l(iusefp.o)
    0x08002baa   0x08002baa   0x0000006e   Code   RO          666    .text               mf_w.l(fepilogue.o)
    0x08002c18   0x08002c18   0x00000024   Code   RO          668    .text               mc_w.l(init.o)
    0x08002c3c   0x08002c3c   0x0000000e   Code   RO          672    i.__scatterload_copy  mc_w.l(handlers.o)
    0x08002c4a   0x08002c4a   0x00000002   Code   RO          673    i.__scatterload_null  mc_w.l(handlers.o)
    0x08002c4c   0x08002c4c   0x0000000e   Code   RO          674    i.__scatterload_zeroinit  mc_w.l(handlers.o)
    0x08002c5a   0x08002c5a   0x00000002   PAD
    0x08002c5c   0x08002c5c   0x00000020   Data   RO          670    Region$$Table       anon$$obj.o


    Execution Region RW_IRAM1 (Exec base: 0x20000000, Load base: 0x08002c7c, Size: 0x00000468, Max: 0x00005000, ABSOLUTE)

    Exec Addr    Load Addr    Size         Type   Attr      Idx    E Section Name        Object

    0x20000000   0x08002c7c   0x00000004   Data   RW            2    .data               delay.o
    0x20000004   0x08002c80   0x00000014   Data   RW          144    .data               system_stm32f10x.o
    0x20000018   0x08002c94   0x00000014   Data   RW          354    .data               stm32f10x_rcc.o
    0x2000002c   0x08002ca8   0x00000001   Data   RW          440    .data               main.o
    0x2000002d   0x08002ca9   0x00000001   Data   RW          505    .data               bsp_advancetim.o
    0x2000002e   0x08002caa   0x00000002   Data   RW          521    .data               485.o
    0x20000030   0x08002cac   0x00000010   Data   RW          577    .data               ltc2944.o
    0x20000040   0x08002cbc   0x0000000e   Data   RW          604    .data               commu.o
    0x2000004e   0x08002cca   0x00000002   PAD
    0x20000050        -       0x00000014   Zero   RW          520    .bss                485.o
    0x20000064   0x08002cca   0x00000004   PAD
    0x20000068        -       0x00000400   Zero   RW          126    STACK               startup_stm32f10x_md.o



  Load Region LR$$.ARM.__AT_0x10000000 (Base: 0x10000000, Size: 0x00000000, Max: 0x0000f000, ABSOLUTE)

    Execution Region ER$$.ARM.__AT_0x10000000 (Exec base: 0x10000000, Load base: 0x10000000, Size: 0x0000f000, Max: 0x0000f000, ABSOLUTE, UNINIT)

    Exec Addr    Load Addr    Size         Type   Attr      Idx    E Section Name        Object

    0x10000000        -       0x0000f000   Zero   RW          619    .ARM.__AT_0x10000000  malloc.o



  Load Region LR$$.ARM.__AT_0x1000F000 (Base: 0x1000f000, Size: 0x00000000, Max: 0x00000f00, ABSOLUTE)

    Execution Region ER$$.ARM.__AT_0x1000F000 (Exec base: 0x1000f000, Load base: 0x1000f000, Size: 0x00000f00, Max: 0x00000f00, ABSOLUTE, UNINIT)

    Exec Addr    Load Addr    Size         Type   Attr      Idx    E Section Name        Object

    0x1000f000        -       0x00000f00   Zero   RW          620    .ARM.__AT_0x1000F000  malloc.o



  Load Region LR$$.ARM.__AT_0x68000000 (Base: 0x68000000, Size: 0x00000000, Max: 0x00032000, ABSOLUTE)

    Execution Region ER$$.ARM.__AT_0x68000000 (Exec base: 0x68000000, Load base: 0x68000000, Size: 0x00032000, Max: 0x00032000, ABSOLUTE, UNINIT)

    Exec Addr    Load Addr    Size         Type   Attr      Idx    E Section Name        Object

    0x68000000        -       0x00032000   Zero   RW          621    .ARM.__AT_0x68000000  malloc.o



  Load Region LR$$.ARM.__AT_0x68032000 (Base: 0x68032000, Size: 0x00000000, Max: 0x00003200, ABSOLUTE)

    Execution Region ER$$.ARM.__AT_0x68032000 (Exec base: 0x68032000, Load base: 0x68032000, Size: 0x00003200, Max: 0x00003200, ABSOLUTE, UNINIT)

    Exec Addr    Load Addr    Size         Type   Attr      Idx    E Section Name        Object

    0x68032000        -       0x00003200   Zero   RW          622    .ARM.__AT_0x68032000  malloc.o


==============================================================================

Image component sizes


      Code (inc. data)   RO Data    RW Data    ZI Data      Debug   Object Name

      1092         20          0          2         20       5373   485.o
       180         10          0          1          0       1182   bsp_advancetim.o
        52          6          0          0          0        514   bsp_led.o
       252         40          0         14          0       2034   commu.o
       196         18          0          4          0     252631   delay.o
       904         42          0         16          0       6208   ltc2944.o
       580         14          0          0          0       1906   ltciic.o
       208         16          0          1          0       2769   main.o
         0          0          0          0     282880       1850   malloc.o
       220         22          0          0          0       1833   misc.o
        36          8        236          0       1024        840   startup_stm32f10x_md.o
       860         38          0          0          0       5761   stm32f10x_gpio.o
        52          0          0          0          0       1552   stm32f10x_it.o
       932         36          0         20          0       8952   stm32f10x_rcc.o
      3610         88          0          0          0      22876   stm32f10x_tim.o
      1032         22          0          0          0       8492   stm32f10x_usart.o
         0          0          0          0          0         32   sys.o
       480         38          0         20          0       1895   system_stm32f10x.o

    ----------------------------------------------------------------------
     10688        418        268         80     283928     326700   Object Totals
         0          0         32          0          0          0   (incl. Generated)
         2          0          0          2          4          0   (incl. Padding)

    ----------------------------------------------------------------------

      Code (inc. data)   RO Data    RW Data    ZI Data      Debug   Library Member Name

         0          0          0          0          0          0   entry.o
         0          0          0          0          0          0   entry10a.o
         0          0          0          0          0          0   entry11a.o
         8          4          0          0          0          0   entry2.o
         4          0          0          0          0          0   entry5.o
         0          0          0          0          0          0   entry7b.o
         0          0          0          0          0          0   entry8b.o
         8          4          0          0          0          0   entry9a.o
        30          0          0          0          0          0   handlers.o
        36          8          0          0          0         68   init.o
         0          0          0          0          0          0   iusefp.o
       124          0          0          0          0         88   fdiv.o
       110          0          0          0          0        168   fepilogue.o
        10          0          0          0          0         68   ffltui.o
       100          0          0          0          0         76   fmul.o

    ----------------------------------------------------------------------
       432         16          0          0          0        468   Library Totals
         2          0          0          0          0          0   (incl. Padding)

    ----------------------------------------------------------------------

      Code (inc. data)   RO Data    RW Data    ZI Data      Debug   Library Name

        86         16          0          0          0         68   mc_w.l
       344          0          0          0          0        400   mf_w.l

    ----------------------------------------------------------------------
       432         16          0          0          0        468   Library Totals

    ----------------------------------------------------------------------

==============================================================================


      Code (inc. data)   RO Data    RW Data    ZI Data      Debug   

     11120        434        268         80     283928     326020   Grand Totals
     11120        434        268         80     283928     326020   ELF Image Totals
     11120        434        268         80          0          0   ROM Totals

==============================================================================

    Total RO  Size (Code + RO Data)                11388 (  11.12kB)
    Total RW  Size (RW Data + ZI Data)            284008 ( 277.35kB)
    Total ROM Size (Code + RO Data + RW Data)      11468 (  11.20kB)

==============================================================================

