Component: ARM Compiler 5.05 update 2 (build 169) Tool: armlink [4d0f33]

==============================================================================

Section Cross References

    startup_stm32f10x_md.o(RESET) refers to startup_stm32f10x_md.o(STACK) for __initial_sp
    startup_stm32f10x_md.o(RESET) refers to startup_stm32f10x_md.o(.text) for Reset_Handler
    startup_stm32f10x_md.o(RESET) refers to stm32f10x_it.o(.text) for NMI_Handler
    startup_stm32f10x_md.o(.text) refers to system_stm32f10x.o(.text) for SystemInit
    startup_stm32f10x_md.o(.text) refers to entry.o(.ARM.Collect$$$$00000000) for __main
    system_stm32f10x.o(.text) refers to system_stm32f10x.o(.data) for SystemCoreClock
    stm32f10x_adc.o(.text) refers to stm32f10x_rcc.o(.text) for RCC_APB2PeriphResetCmd
    stm32f10x_bkp.o(.text) refers to stm32f10x_rcc.o(.text) for RCC_BackupResetCmd
    stm32f10x_can.o(.text) refers to stm32f10x_rcc.o(.text) for RCC_APB1PeriphResetCmd
    stm32f10x_cec.o(.text) refers to stm32f10x_rcc.o(.text) for RCC_APB1PeriphResetCmd
    stm32f10x_dac.o(.text) refers to stm32f10x_rcc.o(.text) for RCC_APB1PeriphResetCmd
    stm32f10x_gpio.o(.text) refers to stm32f10x_rcc.o(.text) for RCC_APB2PeriphResetCmd
    stm32f10x_i2c.o(.text) refers to stm32f10x_rcc.o(.text) for RCC_APB1PeriphResetCmd
    stm32f10x_pwr.o(.text) refers to stm32f10x_rcc.o(.text) for RCC_APB1PeriphResetCmd
    stm32f10x_rcc.o(.text) refers to stm32f10x_rcc.o(.data) for APBAHBPrescTable
    stm32f10x_spi.o(.text) refers to stm32f10x_rcc.o(.text) for RCC_APB2PeriphResetCmd
    stm32f10x_tim.o(.text) refers to stm32f10x_rcc.o(.text) for RCC_APB2PeriphResetCmd
    stm32f10x_usart.o(.text) refers to stm32f10x_rcc.o(.text) for RCC_APB2PeriphResetCmd
    stm32f10x_wwdg.o(.text) refers to stm32f10x_rcc.o(.text) for RCC_APB1PeriphResetCmd
    main.o(.text) refers to bsp_advancetim.o(.text) for ADVANCE_TIM_Init
    main.o(.text) refers to bsp_led.o(.text) for LED_GPIO_Config
    main.o(.text) refers to 485.o(.text) for RS485_Config
    main.o(.text) refers to mechest.o(.text) for Mechest_init
    stm32f10x_it.o(.text) refers to bsp_systick.o(.text) for TimingDelay_Decrement
    stm32f10x_it.o(.text) refers to 485.o(.text) for bsp_RS485_IRQHandler
    stm32f10x_it.o(.text) refers to stm32f10x_tim.o(.text) for TIM_GetITStatus
    stm32f10x_it.o(.text) refers to stm32f10x_gpio.o(.text) for GPIO_SetBits
    stm32f10x_it.o(.text) refers to stm32f10x_exti.o(.text) for EXTI_GetITStatus
    stm32f10x_it.o(.text) refers to mechest.o(.text) for manchest
    stm32f10x_it.o(.text) refers to stm32f10x_it.o(.data) for gCount4us
    bsp_led.o(.text) refers to stm32f10x_rcc.o(.text) for RCC_APB2PeriphClockCmd
    bsp_led.o(.text) refers to stm32f10x_gpio.o(.text) for GPIO_Init
    bsp_advancetim.o(.text) refers to stm32f10x_rcc.o(.text) for RCC_APB2PeriphClockCmd
    bsp_advancetim.o(.text) refers to stm32f10x_gpio.o(.text) for GPIO_Init
    bsp_advancetim.o(.text) refers to misc.o(.text) for NVIC_PriorityGroupConfig
    bsp_advancetim.o(.text) refers to stm32f10x_tim.o(.text) for TIM_DeInit
    bsp_systick.o(.text) refers to system_stm32f10x.o(.data) for SystemCoreClock
    bsp_systick.o(.text) refers to bsp_systick.o(.data) for TimingDelay
    485.o(.text) refers to misc.o(.text) for NVIC_PriorityGroupConfig
    485.o(.text) refers to stm32f10x_rcc.o(.text) for RCC_APB2PeriphClockCmd
    485.o(.text) refers to stm32f10x_gpio.o(.text) for GPIO_Init
    485.o(.text) refers to stm32f10x_usart.o(.text) for USART_Init
    485.o(.text) refers to 485.o(.data) for uart_p
    485.o(.text) refers to 485.o(.bss) for uart_buff
    mechest.o(.text) refers to stm32f10x_rcc.o(.text) for RCC_APB2PeriphClockCmd
    mechest.o(.text) refers to stm32f10x_gpio.o(.text) for GPIO_Init
    mechest.o(.text) refers to stm32f10x_exti.o(.text) for EXTI_Init
    mechest.o(.text) refers to misc.o(.text) for NVIC_PriorityGroupConfig
    mechest.o(.text) refers to memseta.o(.text) for __aeabi_memclr
    mechest.o(.text) refers to 485.o(.text) for RS485_SendByte
    mechest.o(.text) refers to mechest.o(.bss) for gData
    mechest.o(.text) refers to mechest.o(.data) for gCard
    mechest.o(.text) refers to stm32f10x_it.o(.data) for gCount4us
    entry.o(.ARM.Collect$$$$00000000) refers (Special) to entry10a.o(.ARM.Collect$$$$0000000D) for __rt_final_cpp
    entry.o(.ARM.Collect$$$$00000000) refers (Special) to entry11a.o(.ARM.Collect$$$$0000000F) for __rt_final_exit
    entry.o(.ARM.Collect$$$$00000000) refers (Special) to entry7b.o(.ARM.Collect$$$$00000008) for _main_clock
    entry.o(.ARM.Collect$$$$00000000) refers (Special) to entry8b.o(.ARM.Collect$$$$0000000A) for _main_cpp_init
    entry.o(.ARM.Collect$$$$00000000) refers (Special) to entry9a.o(.ARM.Collect$$$$0000000B) for _main_init
    entry.o(.ARM.Collect$$$$00000000) refers (Special) to entry5.o(.ARM.Collect$$$$00000004) for _main_scatterload
    entry.o(.ARM.Collect$$$$00000000) refers (Special) to entry2.o(.ARM.Collect$$$$00000001) for _main_stk
    entry2.o(.ARM.Collect$$$$00000001) refers to entry2.o(.ARM.Collect$$$$00002712) for __lit__00000000
    entry2.o(.ARM.Collect$$$$00002712) refers to startup_stm32f10x_md.o(STACK) for __initial_sp
    entry2.o(__vectab_stack_and_reset_area) refers to startup_stm32f10x_md.o(STACK) for __initial_sp
    entry2.o(__vectab_stack_and_reset_area) refers to entry.o(.ARM.Collect$$$$00000000) for __main
    entry5.o(.ARM.Collect$$$$00000004) refers to init.o(.text) for __scatterload
    entry9a.o(.ARM.Collect$$$$0000000B) refers to main.o(.text) for main
    entry9b.o(.ARM.Collect$$$$0000000C) refers to main.o(.text) for main
    init.o(.text) refers to entry5.o(.ARM.Collect$$$$00000004) for __main_after_scatterload


==============================================================================

Removing Unused input sections from the image.

    Removing startup_stm32f10x_md.o(HEAP), (512 bytes).
    Removing core_cm3.o(.emb_text), (32 bytes).
    Removing stm32f10x_adc.o(.text), (1102 bytes).
    Removing stm32f10x_bkp.o(.text), (196 bytes).
    Removing stm32f10x_can.o(.text), (2544 bytes).
    Removing stm32f10x_cec.o(.text), (288 bytes).
    Removing stm32f10x_crc.o(.text), (72 bytes).
    Removing stm32f10x_dac.o(.text), (396 bytes).
    Removing stm32f10x_dbgmcu.o(.text), (48 bytes).
    Removing stm32f10x_dma.o(.text), (596 bytes).
    Removing stm32f10x_flash.o(.text), (1468 bytes).
    Removing stm32f10x_fsmc.o(.text), (1548 bytes).
    Removing stm32f10x_i2c.o(.text), (1028 bytes).
    Removing stm32f10x_iwdg.o(.text), (64 bytes).
    Removing stm32f10x_pwr.o(.text), (204 bytes).
    Removing stm32f10x_rtc.o(.text), (328 bytes).
    Removing stm32f10x_sdio.o(.text), (468 bytes).
    Removing stm32f10x_spi.o(.text), (780 bytes).
    Removing stm32f10x_wwdg.o(.text), (136 bytes).

19 unused section(s) (total 11810 bytes) removed from the image.

==============================================================================

Image Symbol Table

    Local Symbols

    Symbol Name                              Value     Ov Type        Size  Object(Section)

    ../clib/microlib/init/entry.s            0x00000000   Number         0  entry10b.o ABSOLUTE
    ../clib/microlib/init/entry.s            0x00000000   Number         0  entry10a.o ABSOLUTE
    ../clib/microlib/init/entry.s            0x00000000   Number         0  entry9b.o ABSOLUTE
    ../clib/microlib/init/entry.s            0x00000000   Number         0  entry8b.o ABSOLUTE
    ../clib/microlib/init/entry.s            0x00000000   Number         0  entry8a.o ABSOLUTE
    ../clib/microlib/init/entry.s            0x00000000   Number         0  entry7b.o ABSOLUTE
    ../clib/microlib/init/entry.s            0x00000000   Number         0  entry7a.o ABSOLUTE
    ../clib/microlib/init/entry.s            0x00000000   Number         0  entry5.o ABSOLUTE
    ../clib/microlib/init/entry.s            0x00000000   Number         0  entry2.o ABSOLUTE
    ../clib/microlib/init/entry.s            0x00000000   Number         0  entry9a.o ABSOLUTE
    ../clib/microlib/init/entry.s            0x00000000   Number         0  entry.o ABSOLUTE
    ../clib/microlib/init/entry.s            0x00000000   Number         0  entry11b.o ABSOLUTE
    ../clib/microlib/init/entry.s            0x00000000   Number         0  entry11a.o ABSOLUTE
    ../clib/microlib/string/memset.c         0x00000000   Number         0  memseta.o ABSOLUTE
    ..\..\Libraries\CMSIS\core_cm3.c         0x00000000   Number         0  core_cm3.o ABSOLUTE
    ..\..\Libraries\CMSIS\startup\startup_stm32f10x_md.s 0x00000000   Number         0  startup_stm32f10x_md.o ABSOLUTE
    ..\..\Libraries\CMSIS\system_stm32f10x.c 0x00000000   Number         0  system_stm32f10x.o ABSOLUTE
    ..\..\Libraries\FWlib\src\misc.c         0x00000000   Number         0  misc.o ABSOLUTE
    ..\..\Libraries\FWlib\src\stm32f10x_adc.c 0x00000000   Number         0  stm32f10x_adc.o ABSOLUTE
    ..\..\Libraries\FWlib\src\stm32f10x_bkp.c 0x00000000   Number         0  stm32f10x_bkp.o ABSOLUTE
    ..\..\Libraries\FWlib\src\stm32f10x_can.c 0x00000000   Number         0  stm32f10x_can.o ABSOLUTE
    ..\..\Libraries\FWlib\src\stm32f10x_cec.c 0x00000000   Number         0  stm32f10x_cec.o ABSOLUTE
    ..\..\Libraries\FWlib\src\stm32f10x_crc.c 0x00000000   Number         0  stm32f10x_crc.o ABSOLUTE
    ..\..\Libraries\FWlib\src\stm32f10x_dac.c 0x00000000   Number         0  stm32f10x_dac.o ABSOLUTE
    ..\..\Libraries\FWlib\src\stm32f10x_dbgmcu.c 0x00000000   Number         0  stm32f10x_dbgmcu.o ABSOLUTE
    ..\..\Libraries\FWlib\src\stm32f10x_dma.c 0x00000000   Number         0  stm32f10x_dma.o ABSOLUTE
    ..\..\Libraries\FWlib\src\stm32f10x_exti.c 0x00000000   Number         0  stm32f10x_exti.o ABSOLUTE
    ..\..\Libraries\FWlib\src\stm32f10x_flash.c 0x00000000   Number         0  stm32f10x_flash.o ABSOLUTE
    ..\..\Libraries\FWlib\src\stm32f10x_fsmc.c 0x00000000   Number         0  stm32f10x_fsmc.o ABSOLUTE
    ..\..\Libraries\FWlib\src\stm32f10x_gpio.c 0x00000000   Number         0  stm32f10x_gpio.o ABSOLUTE
    ..\..\Libraries\FWlib\src\stm32f10x_i2c.c 0x00000000   Number         0  stm32f10x_i2c.o ABSOLUTE
    ..\..\Libraries\FWlib\src\stm32f10x_iwdg.c 0x00000000   Number         0  stm32f10x_iwdg.o ABSOLUTE
    ..\..\Libraries\FWlib\src\stm32f10x_pwr.c 0x00000000   Number         0  stm32f10x_pwr.o ABSOLUTE
    ..\..\Libraries\FWlib\src\stm32f10x_rcc.c 0x00000000   Number         0  stm32f10x_rcc.o ABSOLUTE
    ..\..\Libraries\FWlib\src\stm32f10x_rtc.c 0x00000000   Number         0  stm32f10x_rtc.o ABSOLUTE
    ..\..\Libraries\FWlib\src\stm32f10x_sdio.c 0x00000000   Number         0  stm32f10x_sdio.o ABSOLUTE
    ..\..\Libraries\FWlib\src\stm32f10x_spi.c 0x00000000   Number         0  stm32f10x_spi.o ABSOLUTE
    ..\..\Libraries\FWlib\src\stm32f10x_tim.c 0x00000000   Number         0  stm32f10x_tim.o ABSOLUTE
    ..\..\Libraries\FWlib\src\stm32f10x_usart.c 0x00000000   Number         0  stm32f10x_usart.o ABSOLUTE
    ..\..\Libraries\FWlib\src\stm32f10x_wwdg.c 0x00000000   Number         0  stm32f10x_wwdg.o ABSOLUTE
    ..\..\User\485\485.c                     0x00000000   Number         0  485.o ABSOLUTE
    ..\..\User\AdvanceTim\bsp_AdvanceTim.c   0x00000000   Number         0  bsp_advancetim.o ABSOLUTE
    ..\..\User\Led\bsp_led.c                 0x00000000   Number         0  bsp_led.o ABSOLUTE
    ..\..\User\Mechest\Mechest.c             0x00000000   Number         0  mechest.o ABSOLUTE
    ..\..\User\SysTick\bsp_SysTick.c         0x00000000   Number         0  bsp_systick.o ABSOLUTE
    ..\..\User\main.c                        0x00000000   Number         0  main.o ABSOLUTE
    ..\..\User\stm32f10x_it.c                0x00000000   Number         0  stm32f10x_it.o ABSOLUTE
    ..\\..\\Libraries\\CMSIS\\core_cm3.c     0x00000000   Number         0  core_cm3.o ABSOLUTE
    dc.s                                     0x00000000   Number         0  dc.o ABSOLUTE
    handlers.s                               0x00000000   Number         0  handlers.o ABSOLUTE
    init.s                                   0x00000000   Number         0  init.o ABSOLUTE
    RESET                                    0x08000000   Section      236  startup_stm32f10x_md.o(RESET)
    .ARM.Collect$$$$00000000                 0x080000ec   Section        0  entry.o(.ARM.Collect$$$$00000000)
    .ARM.Collect$$$$00000001                 0x080000ec   Section        4  entry2.o(.ARM.Collect$$$$00000001)
    .ARM.Collect$$$$00000004                 0x080000f0   Section        4  entry5.o(.ARM.Collect$$$$00000004)
    .ARM.Collect$$$$00000008                 0x080000f4   Section        0  entry7b.o(.ARM.Collect$$$$00000008)
    .ARM.Collect$$$$0000000A                 0x080000f4   Section        0  entry8b.o(.ARM.Collect$$$$0000000A)
    .ARM.Collect$$$$0000000B                 0x080000f4   Section        8  entry9a.o(.ARM.Collect$$$$0000000B)
    .ARM.Collect$$$$0000000D                 0x080000fc   Section        0  entry10a.o(.ARM.Collect$$$$0000000D)
    .ARM.Collect$$$$0000000F                 0x080000fc   Section        0  entry11a.o(.ARM.Collect$$$$0000000F)
    .ARM.Collect$$$$00002712                 0x080000fc   Section        4  entry2.o(.ARM.Collect$$$$00002712)
    __lit__00000000                          0x080000fc   Data           4  entry2.o(.ARM.Collect$$$$00002712)
    .text                                    0x08000100   Section       36  startup_stm32f10x_md.o(.text)
    .text                                    0x08000124   Section        0  system_stm32f10x.o(.text)
    SetSysClockTo72                          0x08000125   Thumb Code   214  system_stm32f10x.o(.text)
    SetSysClock                              0x080001fb   Thumb Code     8  system_stm32f10x.o(.text)
    .text                                    0x08000304   Section        0  misc.o(.text)
    .text                                    0x080003e0   Section        0  stm32f10x_exti.o(.text)
    .text                                    0x080004fc   Section        0  stm32f10x_gpio.o(.text)
    .text                                    0x08000858   Section        0  stm32f10x_rcc.o(.text)
    .text                                    0x08000bfc   Section        0  stm32f10x_tim.o(.text)
    TI4_Config                               0x080010a3   Thumb Code   130  stm32f10x_tim.o(.text)
    TI3_Config                               0x08001137   Thumb Code   122  stm32f10x_tim.o(.text)
    TI2_Config                               0x080011cb   Thumb Code   130  stm32f10x_tim.o(.text)
    TI1_Config                               0x0800125f   Thumb Code   108  stm32f10x_tim.o(.text)
    .text                                    0x08001a18   Section        0  stm32f10x_usart.o(.text)
    .text                                    0x08001e20   Section        0  main.o(.text)
    RS485_delay                              0x08001e21   Thumb Code    18  main.o(.text)
    Delay                                    0x08001e47   Thumb Code    18  main.o(.text)
    .text                                    0x08001e58   Section        0  stm32f10x_it.o(.text)
    RS485_delay                              0x08001e59   Thumb Code    18  stm32f10x_it.o(.text)
    .text                                    0x08001f08   Section        0  bsp_led.o(.text)
    .text                                    0x08001f40   Section        0  bsp_advancetim.o(.text)
    ADVANCE_TIM_GPIO_Config                  0x08001f41   Thumb Code    40  bsp_advancetim.o(.text)
    ADVANCE_TIM_Mode_Config                  0x08001f69   Thumb Code   136  bsp_advancetim.o(.text)
    .text                                    0x08002004   Section        0  bsp_systick.o(.text)
    SysTick_Config                           0x08002005   Thumb Code    76  bsp_systick.o(.text)
    .text                                    0x0800213c   Section        0  485.o(.text)
    RS485_delay                              0x0800213d   Thumb Code    18  485.o(.text)
    NVIC_Configuration                       0x0800214f   Thumb Code    38  485.o(.text)
    Delay                                    0x080022d9   Thumb Code    18  485.o(.text)
    .text                                    0x080023a4   Section        0  mechest.o(.text)
    RS485_delay                              0x080023a5   Thumb Code    18  mechest.o(.text)
    checkManchest                            0x08002425   Thumb Code   150  mechest.o(.text)
    Delay                                    0x080024bb   Thumb Code    18  mechest.o(.text)
    PData                                    0x080024cd   Thumb Code    80  mechest.o(.text)
    .text                                    0x08002800   Section        0  memseta.o(.text)
    .text                                    0x08002824   Section       36  init.o(.text)
    i.__scatterload_copy                     0x08002848   Section       14  handlers.o(i.__scatterload_copy)
    i.__scatterload_null                     0x08002856   Section        2  handlers.o(i.__scatterload_null)
    i.__scatterload_zeroinit                 0x08002858   Section       14  handlers.o(i.__scatterload_zeroinit)
    .data                                    0x20000000   Section       20  system_stm32f10x.o(.data)
    .data                                    0x20000014   Section       20  stm32f10x_rcc.o(.data)
    APBAHBPrescTable                         0x20000014   Data          16  stm32f10x_rcc.o(.data)
    ADCPrescTable                            0x20000024   Data           4  stm32f10x_rcc.o(.data)
    .data                                    0x20000028   Section        3  stm32f10x_it.o(.data)
    .data                                    0x2000002c   Section        4  bsp_systick.o(.data)
    TimingDelay                              0x2000002c   Data           4  bsp_systick.o(.data)
    .data                                    0x20000030   Section        2  485.o(.data)
    .data                                    0x20000034   Section       12  mechest.o(.data)
    .bss                                     0x20000040   Section       20  485.o(.bss)
    .bss                                     0x20000054   Section       76  mechest.o(.bss)
    STACK                                    0x200000a0   Section     1024  startup_stm32f10x_md.o(STACK)

    Global Symbols

    Symbol Name                              Value     Ov Type        Size  Object(Section)

    BuildAttributes$$THM_ISAv4$P$D$K$B$S$PE$A:L22UL41UL21$X:L11$S22US41US21$IEEE1$IW$USESV6$~STKCKD$USESV7$~SHL$OSPACE$EBA8$MICROLIB$REQ8$PRES8$EABIv2 0x00000000   Number         0  anon$$obj.o ABSOLUTE
    __ARM_use_no_argv                        0x00000000   Number         0  main.o ABSOLUTE
    __cpp_initialize__aeabi_                  - Undefined Weak Reference
    __cxa_finalize                            - Undefined Weak Reference
    __decompress                              - Undefined Weak Reference
    _clock_init                               - Undefined Weak Reference
    _microlib_exit                            - Undefined Weak Reference
    __Vectors_Size                           0x000000ec   Number         0  startup_stm32f10x_md.o ABSOLUTE
    __Vectors                                0x08000000   Data           4  startup_stm32f10x_md.o(RESET)
    __Vectors_End                            0x080000ec   Data           0  startup_stm32f10x_md.o(RESET)
    __main                                   0x080000ed   Thumb Code     0  entry.o(.ARM.Collect$$$$00000000)
    _main_stk                                0x080000ed   Thumb Code     0  entry2.o(.ARM.Collect$$$$00000001)
    _main_scatterload                        0x080000f1   Thumb Code     0  entry5.o(.ARM.Collect$$$$00000004)
    __main_after_scatterload                 0x080000f5   Thumb Code     0  entry5.o(.ARM.Collect$$$$00000004)
    _main_clock                              0x080000f5   Thumb Code     0  entry7b.o(.ARM.Collect$$$$00000008)
    _main_cpp_init                           0x080000f5   Thumb Code     0  entry8b.o(.ARM.Collect$$$$0000000A)
    _main_init                               0x080000f5   Thumb Code     0  entry9a.o(.ARM.Collect$$$$0000000B)
    __rt_final_cpp                           0x080000fd   Thumb Code     0  entry10a.o(.ARM.Collect$$$$0000000D)
    __rt_final_exit                          0x080000fd   Thumb Code     0  entry11a.o(.ARM.Collect$$$$0000000F)
    Reset_Handler                            0x08000101   Thumb Code     8  startup_stm32f10x_md.o(.text)
    ADC1_2_IRQHandler                        0x0800011b   Thumb Code     0  startup_stm32f10x_md.o(.text)
    CAN1_RX1_IRQHandler                      0x0800011b   Thumb Code     0  startup_stm32f10x_md.o(.text)
    CAN1_SCE_IRQHandler                      0x0800011b   Thumb Code     0  startup_stm32f10x_md.o(.text)
    DMA1_Channel1_IRQHandler                 0x0800011b   Thumb Code     0  startup_stm32f10x_md.o(.text)
    DMA1_Channel2_IRQHandler                 0x0800011b   Thumb Code     0  startup_stm32f10x_md.o(.text)
    DMA1_Channel3_IRQHandler                 0x0800011b   Thumb Code     0  startup_stm32f10x_md.o(.text)
    DMA1_Channel4_IRQHandler                 0x0800011b   Thumb Code     0  startup_stm32f10x_md.o(.text)
    DMA1_Channel5_IRQHandler                 0x0800011b   Thumb Code     0  startup_stm32f10x_md.o(.text)
    DMA1_Channel6_IRQHandler                 0x0800011b   Thumb Code     0  startup_stm32f10x_md.o(.text)
    DMA1_Channel7_IRQHandler                 0x0800011b   Thumb Code     0  startup_stm32f10x_md.o(.text)
    EXTI0_IRQHandler                         0x0800011b   Thumb Code     0  startup_stm32f10x_md.o(.text)
    EXTI1_IRQHandler                         0x0800011b   Thumb Code     0  startup_stm32f10x_md.o(.text)
    EXTI2_IRQHandler                         0x0800011b   Thumb Code     0  startup_stm32f10x_md.o(.text)
    EXTI3_IRQHandler                         0x0800011b   Thumb Code     0  startup_stm32f10x_md.o(.text)
    EXTI4_IRQHandler                         0x0800011b   Thumb Code     0  startup_stm32f10x_md.o(.text)
    EXTI9_5_IRQHandler                       0x0800011b   Thumb Code     0  startup_stm32f10x_md.o(.text)
    FLASH_IRQHandler                         0x0800011b   Thumb Code     0  startup_stm32f10x_md.o(.text)
    I2C1_ER_IRQHandler                       0x0800011b   Thumb Code     0  startup_stm32f10x_md.o(.text)
    I2C1_EV_IRQHandler                       0x0800011b   Thumb Code     0  startup_stm32f10x_md.o(.text)
    I2C2_ER_IRQHandler                       0x0800011b   Thumb Code     0  startup_stm32f10x_md.o(.text)
    I2C2_EV_IRQHandler                       0x0800011b   Thumb Code     0  startup_stm32f10x_md.o(.text)
    PVD_IRQHandler                           0x0800011b   Thumb Code     0  startup_stm32f10x_md.o(.text)
    RCC_IRQHandler                           0x0800011b   Thumb Code     0  startup_stm32f10x_md.o(.text)
    RTCAlarm_IRQHandler                      0x0800011b   Thumb Code     0  startup_stm32f10x_md.o(.text)
    RTC_IRQHandler                           0x0800011b   Thumb Code     0  startup_stm32f10x_md.o(.text)
    SPI1_IRQHandler                          0x0800011b   Thumb Code     0  startup_stm32f10x_md.o(.text)
    SPI2_IRQHandler                          0x0800011b   Thumb Code     0  startup_stm32f10x_md.o(.text)
    TAMPER_IRQHandler                        0x0800011b   Thumb Code     0  startup_stm32f10x_md.o(.text)
    TIM1_BRK_IRQHandler                      0x0800011b   Thumb Code     0  startup_stm32f10x_md.o(.text)
    TIM1_CC_IRQHandler                       0x0800011b   Thumb Code     0  startup_stm32f10x_md.o(.text)
    TIM1_TRG_COM_IRQHandler                  0x0800011b   Thumb Code     0  startup_stm32f10x_md.o(.text)
    TIM2_IRQHandler                          0x0800011b   Thumb Code     0  startup_stm32f10x_md.o(.text)
    TIM3_IRQHandler                          0x0800011b   Thumb Code     0  startup_stm32f10x_md.o(.text)
    TIM4_IRQHandler                          0x0800011b   Thumb Code     0  startup_stm32f10x_md.o(.text)
    USART2_IRQHandler                        0x0800011b   Thumb Code     0  startup_stm32f10x_md.o(.text)
    USART3_IRQHandler                        0x0800011b   Thumb Code     0  startup_stm32f10x_md.o(.text)
    USBWakeUp_IRQHandler                     0x0800011b   Thumb Code     0  startup_stm32f10x_md.o(.text)
    USB_HP_CAN1_TX_IRQHandler                0x0800011b   Thumb Code     0  startup_stm32f10x_md.o(.text)
    USB_LP_CAN1_RX0_IRQHandler               0x0800011b   Thumb Code     0  startup_stm32f10x_md.o(.text)
    WWDG_IRQHandler                          0x0800011b   Thumb Code     0  startup_stm32f10x_md.o(.text)
    SystemInit                               0x08000203   Thumb Code    78  system_stm32f10x.o(.text)
    SystemCoreClockUpdate                    0x08000251   Thumb Code   142  system_stm32f10x.o(.text)
    NVIC_PriorityGroupConfig                 0x08000305   Thumb Code    10  misc.o(.text)
    NVIC_Init                                0x0800030f   Thumb Code   100  misc.o(.text)
    NVIC_SetVectorTable                      0x08000373   Thumb Code    14  misc.o(.text)
    NVIC_SystemLPConfig                      0x08000381   Thumb Code    34  misc.o(.text)
    SysTick_CLKSourceConfig                  0x080003a3   Thumb Code    40  misc.o(.text)
    EXTI_DeInit                              0x080003e1   Thumb Code    28  stm32f10x_exti.o(.text)
    EXTI_Init                                0x080003fd   Thumb Code   142  stm32f10x_exti.o(.text)
    EXTI_StructInit                          0x0800048b   Thumb Code    16  stm32f10x_exti.o(.text)
    EXTI_GenerateSWInterrupt                 0x0800049b   Thumb Code    16  stm32f10x_exti.o(.text)
    EXTI_GetFlagStatus                       0x080004ab   Thumb Code    22  stm32f10x_exti.o(.text)
    EXTI_ClearFlag                           0x080004c1   Thumb Code     8  stm32f10x_exti.o(.text)
    EXTI_GetITStatus                         0x080004c9   Thumb Code    34  stm32f10x_exti.o(.text)
    EXTI_ClearITPendingBit                   0x080004eb   Thumb Code     8  stm32f10x_exti.o(.text)
    GPIO_DeInit                              0x080004fd   Thumb Code   172  stm32f10x_gpio.o(.text)
    GPIO_AFIODeInit                          0x080005a9   Thumb Code    20  stm32f10x_gpio.o(.text)
    GPIO_Init                                0x080005bd   Thumb Code   278  stm32f10x_gpio.o(.text)
    GPIO_StructInit                          0x080006d3   Thumb Code    16  stm32f10x_gpio.o(.text)
    GPIO_ReadInputDataBit                    0x080006e3   Thumb Code    18  stm32f10x_gpio.o(.text)
    GPIO_ReadInputData                       0x080006f5   Thumb Code     8  stm32f10x_gpio.o(.text)
    GPIO_ReadOutputDataBit                   0x080006fd   Thumb Code    18  stm32f10x_gpio.o(.text)
    GPIO_ReadOutputData                      0x0800070f   Thumb Code     8  stm32f10x_gpio.o(.text)
    GPIO_SetBits                             0x08000717   Thumb Code     4  stm32f10x_gpio.o(.text)
    GPIO_ResetBits                           0x0800071b   Thumb Code     4  stm32f10x_gpio.o(.text)
    GPIO_WriteBit                            0x0800071f   Thumb Code    10  stm32f10x_gpio.o(.text)
    GPIO_Write                               0x08000729   Thumb Code     4  stm32f10x_gpio.o(.text)
    GPIO_PinLockConfig                       0x0800072d   Thumb Code    18  stm32f10x_gpio.o(.text)
    GPIO_EventOutputConfig                   0x0800073f   Thumb Code    26  stm32f10x_gpio.o(.text)
    GPIO_EventOutputCmd                      0x08000759   Thumb Code     6  stm32f10x_gpio.o(.text)
    GPIO_PinRemapConfig                      0x0800075f   Thumb Code   138  stm32f10x_gpio.o(.text)
    GPIO_EXTILineConfig                      0x080007e9   Thumb Code    66  stm32f10x_gpio.o(.text)
    GPIO_ETH_MediaInterfaceConfig            0x0800082b   Thumb Code     8  stm32f10x_gpio.o(.text)
    RCC_DeInit                               0x08000859   Thumb Code    64  stm32f10x_rcc.o(.text)
    RCC_HSEConfig                            0x08000899   Thumb Code    70  stm32f10x_rcc.o(.text)
    RCC_GetFlagStatus                        0x080008df   Thumb Code    56  stm32f10x_rcc.o(.text)
    RCC_WaitForHSEStartUp                    0x08000917   Thumb Code    56  stm32f10x_rcc.o(.text)
    RCC_AdjustHSICalibrationValue            0x0800094f   Thumb Code    20  stm32f10x_rcc.o(.text)
    RCC_HSICmd                               0x08000963   Thumb Code     6  stm32f10x_rcc.o(.text)
    RCC_PLLConfig                            0x08000969   Thumb Code    24  stm32f10x_rcc.o(.text)
    RCC_PLLCmd                               0x08000981   Thumb Code     6  stm32f10x_rcc.o(.text)
    RCC_SYSCLKConfig                         0x08000987   Thumb Code    18  stm32f10x_rcc.o(.text)
    RCC_GetSYSCLKSource                      0x08000999   Thumb Code    10  stm32f10x_rcc.o(.text)
    RCC_HCLKConfig                           0x080009a3   Thumb Code    18  stm32f10x_rcc.o(.text)
    RCC_PCLK1Config                          0x080009b5   Thumb Code    18  stm32f10x_rcc.o(.text)
    RCC_PCLK2Config                          0x080009c7   Thumb Code    20  stm32f10x_rcc.o(.text)
    RCC_ITConfig                             0x080009db   Thumb Code    26  stm32f10x_rcc.o(.text)
    RCC_USBCLKConfig                         0x080009f5   Thumb Code     8  stm32f10x_rcc.o(.text)
    RCC_ADCCLKConfig                         0x080009fd   Thumb Code    18  stm32f10x_rcc.o(.text)
    RCC_LSEConfig                            0x08000a0f   Thumb Code    50  stm32f10x_rcc.o(.text)
    RCC_LSICmd                               0x08000a41   Thumb Code     6  stm32f10x_rcc.o(.text)
    RCC_RTCCLKConfig                         0x08000a47   Thumb Code    12  stm32f10x_rcc.o(.text)
    RCC_RTCCLKCmd                            0x08000a53   Thumb Code     8  stm32f10x_rcc.o(.text)
    RCC_GetClocksFreq                        0x08000a5b   Thumb Code   192  stm32f10x_rcc.o(.text)
    RCC_AHBPeriphClockCmd                    0x08000b1b   Thumb Code    26  stm32f10x_rcc.o(.text)
    RCC_APB2PeriphClockCmd                   0x08000b35   Thumb Code    26  stm32f10x_rcc.o(.text)
    RCC_APB1PeriphClockCmd                   0x08000b4f   Thumb Code    26  stm32f10x_rcc.o(.text)
    RCC_APB2PeriphResetCmd                   0x08000b69   Thumb Code    26  stm32f10x_rcc.o(.text)
    RCC_APB1PeriphResetCmd                   0x08000b83   Thumb Code    26  stm32f10x_rcc.o(.text)
    RCC_BackupResetCmd                       0x08000b9d   Thumb Code     8  stm32f10x_rcc.o(.text)
    RCC_ClockSecuritySystemCmd               0x08000ba5   Thumb Code     6  stm32f10x_rcc.o(.text)
    RCC_MCOConfig                            0x08000bab   Thumb Code     6  stm32f10x_rcc.o(.text)
    RCC_ClearFlag                            0x08000bb1   Thumb Code    14  stm32f10x_rcc.o(.text)
    RCC_GetITStatus                          0x08000bbf   Thumb Code    20  stm32f10x_rcc.o(.text)
    RCC_ClearITPendingBit                    0x08000bd3   Thumb Code     6  stm32f10x_rcc.o(.text)
    TIM_DeInit                               0x08000bfd   Thumb Code   424  stm32f10x_tim.o(.text)
    TIM_TimeBaseInit                         0x08000da5   Thumb Code   122  stm32f10x_tim.o(.text)
    TIM_OC1Init                              0x08000e1f   Thumb Code   132  stm32f10x_tim.o(.text)
    TIM_OC2Init                              0x08000ea3   Thumb Code   154  stm32f10x_tim.o(.text)
    TIM_OC3Init                              0x08000f3d   Thumb Code   150  stm32f10x_tim.o(.text)
    TIM_OC4Init                              0x08000fd3   Thumb Code   182  stm32f10x_tim.o(.text)
    TIM_SetIC4Prescaler                      0x08001089   Thumb Code    26  stm32f10x_tim.o(.text)
    TIM_SetIC3Prescaler                      0x08001125   Thumb Code    18  stm32f10x_tim.o(.text)
    TIM_SetIC2Prescaler                      0x080011b1   Thumb Code    26  stm32f10x_tim.o(.text)
    TIM_SetIC1Prescaler                      0x0800124d   Thumb Code    18  stm32f10x_tim.o(.text)
    TIM_ICInit                               0x080012cb   Thumb Code   150  stm32f10x_tim.o(.text)
    TIM_PWMIConfig                           0x08001361   Thumb Code   124  stm32f10x_tim.o(.text)
    TIM_BDTRConfig                           0x080013dd   Thumb Code    32  stm32f10x_tim.o(.text)
    TIM_TimeBaseStructInit                   0x080013fd   Thumb Code    18  stm32f10x_tim.o(.text)
    TIM_OCStructInit                         0x0800140f   Thumb Code    20  stm32f10x_tim.o(.text)
    TIM_ICStructInit                         0x08001423   Thumb Code    18  stm32f10x_tim.o(.text)
    TIM_BDTRStructInit                       0x08001435   Thumb Code    40  stm32f10x_tim.o(.text)
    TIM_Cmd                                  0x0800145d   Thumb Code    24  stm32f10x_tim.o(.text)
    TIM_CtrlPWMOutputs                       0x08001475   Thumb Code    30  stm32f10x_tim.o(.text)
    TIM_ITConfig                             0x08001493   Thumb Code    18  stm32f10x_tim.o(.text)
    TIM_GenerateEvent                        0x080014a5   Thumb Code     4  stm32f10x_tim.o(.text)
    TIM_DMAConfig                            0x080014a9   Thumb Code    10  stm32f10x_tim.o(.text)
    TIM_DMACmd                               0x080014b3   Thumb Code    18  stm32f10x_tim.o(.text)
    TIM_InternalClockConfig                  0x080014c5   Thumb Code    12  stm32f10x_tim.o(.text)
    TIM_SelectInputTrigger                   0x080014d1   Thumb Code    18  stm32f10x_tim.o(.text)
    TIM_ITRxExternalClockConfig              0x080014e3   Thumb Code    24  stm32f10x_tim.o(.text)
    TIM_TIxExternalClockConfig               0x080014fb   Thumb Code    62  stm32f10x_tim.o(.text)
    TIM_ETRConfig                            0x08001539   Thumb Code    28  stm32f10x_tim.o(.text)
    TIM_ETRClockMode1Config                  0x08001555   Thumb Code    54  stm32f10x_tim.o(.text)
    TIM_ETRClockMode2Config                  0x0800158b   Thumb Code    32  stm32f10x_tim.o(.text)
    TIM_PrescalerConfig                      0x080015ab   Thumb Code     6  stm32f10x_tim.o(.text)
    TIM_CounterModeConfig                    0x080015b1   Thumb Code    18  stm32f10x_tim.o(.text)
    TIM_EncoderInterfaceConfig               0x080015c3   Thumb Code    66  stm32f10x_tim.o(.text)
    TIM_ForcedOC1Config                      0x08001605   Thumb Code    18  stm32f10x_tim.o(.text)
    TIM_ForcedOC2Config                      0x08001617   Thumb Code    26  stm32f10x_tim.o(.text)
    TIM_ForcedOC3Config                      0x08001631   Thumb Code    18  stm32f10x_tim.o(.text)
    TIM_ForcedOC4Config                      0x08001643   Thumb Code    26  stm32f10x_tim.o(.text)
    TIM_ARRPreloadConfig                     0x0800165d   Thumb Code    24  stm32f10x_tim.o(.text)
    TIM_SelectCOM                            0x08001675   Thumb Code    24  stm32f10x_tim.o(.text)
    TIM_SelectCCDMA                          0x0800168d   Thumb Code    24  stm32f10x_tim.o(.text)
    TIM_CCPreloadControl                     0x080016a5   Thumb Code    24  stm32f10x_tim.o(.text)
    TIM_OC1PreloadConfig                     0x080016bd   Thumb Code    18  stm32f10x_tim.o(.text)
    TIM_OC2PreloadConfig                     0x080016cf   Thumb Code    26  stm32f10x_tim.o(.text)
    TIM_OC3PreloadConfig                     0x080016e9   Thumb Code    18  stm32f10x_tim.o(.text)
    TIM_OC4PreloadConfig                     0x080016fb   Thumb Code    26  stm32f10x_tim.o(.text)
    TIM_OC1FastConfig                        0x08001715   Thumb Code    18  stm32f10x_tim.o(.text)
    TIM_OC2FastConfig                        0x08001727   Thumb Code    26  stm32f10x_tim.o(.text)
    TIM_OC3FastConfig                        0x08001741   Thumb Code    18  stm32f10x_tim.o(.text)
    TIM_OC4FastConfig                        0x08001753   Thumb Code    26  stm32f10x_tim.o(.text)
    TIM_ClearOC1Ref                          0x0800176d   Thumb Code    18  stm32f10x_tim.o(.text)
    TIM_ClearOC2Ref                          0x0800177f   Thumb Code    24  stm32f10x_tim.o(.text)
    TIM_ClearOC3Ref                          0x08001797   Thumb Code    18  stm32f10x_tim.o(.text)
    TIM_ClearOC4Ref                          0x080017a9   Thumb Code    24  stm32f10x_tim.o(.text)
    TIM_OC1PolarityConfig                    0x080017c1   Thumb Code    18  stm32f10x_tim.o(.text)
    TIM_OC1NPolarityConfig                   0x080017d3   Thumb Code    18  stm32f10x_tim.o(.text)
    TIM_OC2PolarityConfig                    0x080017e5   Thumb Code    26  stm32f10x_tim.o(.text)
    TIM_OC2NPolarityConfig                   0x080017ff   Thumb Code    26  stm32f10x_tim.o(.text)
    TIM_OC3PolarityConfig                    0x08001819   Thumb Code    26  stm32f10x_tim.o(.text)
    TIM_OC3NPolarityConfig                   0x08001833   Thumb Code    26  stm32f10x_tim.o(.text)
    TIM_OC4PolarityConfig                    0x0800184d   Thumb Code    26  stm32f10x_tim.o(.text)
    TIM_CCxCmd                               0x08001867   Thumb Code    30  stm32f10x_tim.o(.text)
    TIM_CCxNCmd                              0x08001885   Thumb Code    30  stm32f10x_tim.o(.text)
    TIM_SelectOCxM                           0x080018a3   Thumb Code    82  stm32f10x_tim.o(.text)
    TIM_UpdateDisableConfig                  0x080018f5   Thumb Code    24  stm32f10x_tim.o(.text)
    TIM_UpdateRequestConfig                  0x0800190d   Thumb Code    24  stm32f10x_tim.o(.text)
    TIM_SelectHallSensor                     0x08001925   Thumb Code    24  stm32f10x_tim.o(.text)
    TIM_SelectOnePulseMode                   0x0800193d   Thumb Code    18  stm32f10x_tim.o(.text)
    TIM_SelectOutputTrigger                  0x0800194f   Thumb Code    18  stm32f10x_tim.o(.text)
    TIM_SelectSlaveMode                      0x08001961   Thumb Code    18  stm32f10x_tim.o(.text)
    TIM_SelectMasterSlaveMode                0x08001973   Thumb Code    18  stm32f10x_tim.o(.text)
    TIM_SetCounter                           0x08001985   Thumb Code     4  stm32f10x_tim.o(.text)
    TIM_SetAutoreload                        0x08001989   Thumb Code     4  stm32f10x_tim.o(.text)
    TIM_SetCompare1                          0x0800198d   Thumb Code     4  stm32f10x_tim.o(.text)
    TIM_SetCompare2                          0x08001991   Thumb Code     4  stm32f10x_tim.o(.text)
    TIM_SetCompare3                          0x08001995   Thumb Code     4  stm32f10x_tim.o(.text)
    TIM_SetCompare4                          0x08001999   Thumb Code     6  stm32f10x_tim.o(.text)
    TIM_SetClockDivision                     0x0800199f   Thumb Code    18  stm32f10x_tim.o(.text)
    TIM_GetCapture1                          0x080019b1   Thumb Code     6  stm32f10x_tim.o(.text)
    TIM_GetCapture2                          0x080019b7   Thumb Code     6  stm32f10x_tim.o(.text)
    TIM_GetCapture3                          0x080019bd   Thumb Code     6  stm32f10x_tim.o(.text)
    TIM_GetCapture4                          0x080019c3   Thumb Code     8  stm32f10x_tim.o(.text)
    TIM_GetCounter                           0x080019cb   Thumb Code     6  stm32f10x_tim.o(.text)
    TIM_GetPrescaler                         0x080019d1   Thumb Code     6  stm32f10x_tim.o(.text)
    TIM_GetFlagStatus                        0x080019d7   Thumb Code    18  stm32f10x_tim.o(.text)
    TIM_ClearFlag                            0x080019e9   Thumb Code     6  stm32f10x_tim.o(.text)
    TIM_GetITStatus                          0x080019ef   Thumb Code    34  stm32f10x_tim.o(.text)
    TIM_ClearITPendingBit                    0x08001a11   Thumb Code     6  stm32f10x_tim.o(.text)
    USART_DeInit                             0x08001a19   Thumb Code   134  stm32f10x_usart.o(.text)
    USART_Init                               0x08001a9f   Thumb Code   210  stm32f10x_usart.o(.text)
    USART_StructInit                         0x08001b71   Thumb Code    24  stm32f10x_usart.o(.text)
    USART_ClockInit                          0x08001b89   Thumb Code    34  stm32f10x_usart.o(.text)
    USART_ClockStructInit                    0x08001bab   Thumb Code    12  stm32f10x_usart.o(.text)
    USART_Cmd                                0x08001bb7   Thumb Code    24  stm32f10x_usart.o(.text)
    USART_ITConfig                           0x08001bcf   Thumb Code    74  stm32f10x_usart.o(.text)
    USART_DMACmd                             0x08001c19   Thumb Code    18  stm32f10x_usart.o(.text)
    USART_SetAddress                         0x08001c2b   Thumb Code    18  stm32f10x_usart.o(.text)
    USART_WakeUpConfig                       0x08001c3d   Thumb Code    18  stm32f10x_usart.o(.text)
    USART_ReceiverWakeUpCmd                  0x08001c4f   Thumb Code    24  stm32f10x_usart.o(.text)
    USART_LINBreakDetectLengthConfig         0x08001c67   Thumb Code    18  stm32f10x_usart.o(.text)
    USART_LINCmd                             0x08001c79   Thumb Code    24  stm32f10x_usart.o(.text)
    USART_SendData                           0x08001c91   Thumb Code     8  stm32f10x_usart.o(.text)
    USART_ReceiveData                        0x08001c99   Thumb Code    10  stm32f10x_usart.o(.text)
    USART_SendBreak                          0x08001ca3   Thumb Code    10  stm32f10x_usart.o(.text)
    USART_SetGuardTime                       0x08001cad   Thumb Code    16  stm32f10x_usart.o(.text)
    USART_SetPrescaler                       0x08001cbd   Thumb Code    16  stm32f10x_usart.o(.text)
    USART_SmartCardCmd                       0x08001ccd   Thumb Code    24  stm32f10x_usart.o(.text)
    USART_SmartCardNACKCmd                   0x08001ce5   Thumb Code    24  stm32f10x_usart.o(.text)
    USART_HalfDuplexCmd                      0x08001cfd   Thumb Code    24  stm32f10x_usart.o(.text)
    USART_OverSampling8Cmd                   0x08001d15   Thumb Code    22  stm32f10x_usart.o(.text)
    USART_OneBitMethodCmd                    0x08001d2b   Thumb Code    24  stm32f10x_usart.o(.text)
    USART_IrDAConfig                         0x08001d43   Thumb Code    18  stm32f10x_usart.o(.text)
    USART_IrDACmd                            0x08001d55   Thumb Code    24  stm32f10x_usart.o(.text)
    USART_GetFlagStatus                      0x08001d6d   Thumb Code    26  stm32f10x_usart.o(.text)
    USART_ClearFlag                          0x08001d87   Thumb Code    18  stm32f10x_usart.o(.text)
    USART_GetITStatus                        0x08001d99   Thumb Code    84  stm32f10x_usart.o(.text)
    USART_ClearITPendingBit                  0x08001ded   Thumb Code    52  stm32f10x_usart.o(.text)
    main                                     0x08001e33   Thumb Code    20  main.o(.text)
    NMI_Handler                              0x08001e6b   Thumb Code     2  stm32f10x_it.o(.text)
    HardFault_Handler                        0x08001e6d   Thumb Code     4  stm32f10x_it.o(.text)
    MemManage_Handler                        0x08001e71   Thumb Code     4  stm32f10x_it.o(.text)
    BusFault_Handler                         0x08001e75   Thumb Code     4  stm32f10x_it.o(.text)
    UsageFault_Handler                       0x08001e79   Thumb Code     4  stm32f10x_it.o(.text)
    SVC_Handler                              0x08001e7d   Thumb Code     2  stm32f10x_it.o(.text)
    DebugMon_Handler                         0x08001e7f   Thumb Code     2  stm32f10x_it.o(.text)
    PendSV_Handler                           0x08001e81   Thumb Code     2  stm32f10x_it.o(.text)
    SysTick_Handler                          0x08001e83   Thumb Code     8  stm32f10x_it.o(.text)
    USART1_IRQHandler                        0x08001e8b   Thumb Code     8  stm32f10x_it.o(.text)
    TIM1_UP_IRQHandler                       0x08001e93   Thumb Code    74  stm32f10x_it.o(.text)
    EXTI15_10_IRQHandler                     0x08001edd   Thumb Code    26  stm32f10x_it.o(.text)
    LED_GPIO_Config                          0x08001f09   Thumb Code    50  bsp_led.o(.text)
    ADVANCE_TIM_Init                         0x08001ff1   Thumb Code    12  bsp_advancetim.o(.text)
    SysTick_Init                             0x08002051   Thumb Code    26  bsp_systick.o(.text)
    Delay_us                                 0x0800206b   Thumb Code    36  bsp_systick.o(.text)
    TimingDelay_Decrement                    0x0800208f   Thumb Code    18  bsp_systick.o(.text)
    SysTick_Delay_Us                         0x080020a1   Thumb Code    64  bsp_systick.o(.text)
    SysTick_Delay_Ms                         0x080020e1   Thumb Code    66  bsp_systick.o(.text)
    RS485_Config                             0x08002175   Thumb Code   174  485.o(.text)
    bsp_RS485_IRQHandler                     0x08002223   Thumb Code    70  485.o(.text)
    get_rebuff                               0x08002269   Thumb Code    12  485.o(.text)
    clean_rebuff                             0x08002275   Thumb Code    28  485.o(.text)
    U485_SendData                            0x08002291   Thumb Code    44  485.o(.text)
    RS485_SendByte                           0x080022bd   Thumb Code    28  485.o(.text)
    RS485_SendStr_length                     0x080022eb   Thumb Code    84  485.o(.text)
    RS485_SendString                         0x0800233f   Thumb Code    84  485.o(.text)
    Mechest_init                             0x080023b7   Thumb Code   110  mechest.o(.text)
    manchest                                 0x0800251d   Thumb Code   740  mechest.o(.text)
    __aeabi_memset                           0x08002801   Thumb Code    14  memseta.o(.text)
    __aeabi_memset4                          0x08002801   Thumb Code     0  memseta.o(.text)
    __aeabi_memset8                          0x08002801   Thumb Code     0  memseta.o(.text)
    __aeabi_memclr                           0x0800280f   Thumb Code     4  memseta.o(.text)
    __aeabi_memclr4                          0x0800280f   Thumb Code     0  memseta.o(.text)
    __aeabi_memclr8                          0x0800280f   Thumb Code     0  memseta.o(.text)
    _memset$wrapper                          0x08002813   Thumb Code    18  memseta.o(.text)
    __scatterload                            0x08002825   Thumb Code    28  init.o(.text)
    __scatterload_rt2                        0x08002825   Thumb Code     0  init.o(.text)
    __scatterload_copy                       0x08002849   Thumb Code    14  handlers.o(i.__scatterload_copy)
    __scatterload_null                       0x08002857   Thumb Code     2  handlers.o(i.__scatterload_null)
    __scatterload_zeroinit                   0x08002859   Thumb Code    14  handlers.o(i.__scatterload_zeroinit)
    Region$$Table$$Base                      0x08002868   Number         0  anon$$obj.o(Region$$Table)
    Region$$Table$$Limit                     0x08002888   Number         0  anon$$obj.o(Region$$Table)
    SystemCoreClock                          0x20000000   Data           4  system_stm32f10x.o(.data)
    AHBPrescTable                            0x20000004   Data          16  system_stm32f10x.o(.data)
    gCount4us                                0x20000028   Data           2  stm32f10x_it.o(.data)
    gFb                                      0x2000002a   Data           1  stm32f10x_it.o(.data)
    uart_p                                   0x20000030   Data           2  485.o(.data)
    gStart                                   0x20000034   Data           1  mechest.o(.data)
    gDataLen                                 0x20000035   Data           1  mechest.o(.data)
    testData                                 0x20000036   Data           1  mechest.o(.data)
    gDataHalf                                0x20000037   Data           1  mechest.o(.data)
    gIsHalf                                  0x20000038   Data           1  mechest.o(.data)
    gIsHead                                  0x20000039   Data           1  mechest.o(.data)
    gCard                                    0x2000003c   Data           4  mechest.o(.data)
    uart_buff                                0x20000040   Data          20  485.o(.bss)
    gData                                    0x20000054   Data          64  mechest.o(.bss)
    gCardStr                                 0x20000094   Data          12  mechest.o(.bss)
    __initial_sp                             0x200004a0   Data           0  startup_stm32f10x_md.o(STACK)



==============================================================================

Memory Map of the image

  Image Entry point : 0x080000ed

  Load Region LR_IROM1 (Base: 0x08000000, Size: 0x000028c8, Max: 0x00010000, ABSOLUTE)

    Execution Region ER_IROM1 (Base: 0x08000000, Size: 0x00002888, Max: 0x00010000, ABSOLUTE)

    Base Addr    Size         Type   Attr      Idx    E Section Name        Object

    0x08000000   0x000000ec   Data   RO            3    RESET               startup_stm32f10x_md.o
    0x080000ec   0x00000000   Code   RO          541  * .ARM.Collect$$$$00000000  mc_w.l(entry.o)
    0x080000ec   0x00000004   Code   RO          546    .ARM.Collect$$$$00000001  mc_w.l(entry2.o)
    0x080000f0   0x00000004   Code   RO          549    .ARM.Collect$$$$00000004  mc_w.l(entry5.o)
    0x080000f4   0x00000000   Code   RO          551    .ARM.Collect$$$$00000008  mc_w.l(entry7b.o)
    0x080000f4   0x00000000   Code   RO          553    .ARM.Collect$$$$0000000A  mc_w.l(entry8b.o)
    0x080000f4   0x00000008   Code   RO          554    .ARM.Collect$$$$0000000B  mc_w.l(entry9a.o)
    0x080000fc   0x00000000   Code   RO          556    .ARM.Collect$$$$0000000D  mc_w.l(entry10a.o)
    0x080000fc   0x00000000   Code   RO          558    .ARM.Collect$$$$0000000F  mc_w.l(entry11a.o)
    0x080000fc   0x00000004   Code   RO          547    .ARM.Collect$$$$00002712  mc_w.l(entry2.o)
    0x08000100   0x00000024   Code   RO            4    .text               startup_stm32f10x_md.o
    0x08000124   0x000001e0   Code   RO           24    .text               system_stm32f10x.o
    0x08000304   0x000000dc   Code   RO          121    .text               misc.o
    0x080003e0   0x0000011c   Code   RO          233    .text               stm32f10x_exti.o
    0x080004fc   0x0000035c   Code   RO          269    .text               stm32f10x_gpio.o
    0x08000858   0x000003a4   Code   RO          317    .text               stm32f10x_rcc.o
    0x08000bfc   0x00000e1a   Code   RO          367    .text               stm32f10x_tim.o
    0x08001a16   0x00000002   PAD
    0x08001a18   0x00000408   Code   RO          379    .text               stm32f10x_usart.o
    0x08001e20   0x00000038   Code   RO          403    .text               main.o
    0x08001e58   0x000000b0   Code   RO          434    .text               stm32f10x_it.o
    0x08001f08   0x00000038   Code   RO          452    .text               bsp_led.o
    0x08001f40   0x000000c4   Code   RO          464    .text               bsp_advancetim.o
    0x08002004   0x00000138   Code   RO          476    .text               bsp_systick.o
    0x0800213c   0x00000268   Code   RO          494    .text               485.o
    0x080023a4   0x0000045c   Code   RO          517    .text               mechest.o
    0x08002800   0x00000024   Code   RO          544    .text               mc_w.l(memseta.o)
    0x08002824   0x00000024   Code   RO          560    .text               mc_w.l(init.o)
    0x08002848   0x0000000e   Code   RO          564    i.__scatterload_copy  mc_w.l(handlers.o)
    0x08002856   0x00000002   Code   RO          565    i.__scatterload_null  mc_w.l(handlers.o)
    0x08002858   0x0000000e   Code   RO          566    i.__scatterload_zeroinit  mc_w.l(handlers.o)
    0x08002866   0x00000002   PAD
    0x08002868   0x00000020   Data   RO          562    Region$$Table       anon$$obj.o


    Execution Region RW_IRAM1 (Base: 0x20000000, Size: 0x000004a0, Max: 0x00005000, ABSOLUTE)

    Base Addr    Size         Type   Attr      Idx    E Section Name        Object

    0x20000000   0x00000014   Data   RW           25    .data               system_stm32f10x.o
    0x20000014   0x00000014   Data   RW          318    .data               stm32f10x_rcc.o
    0x20000028   0x00000003   Data   RW          435    .data               stm32f10x_it.o
    0x2000002b   0x00000001   PAD
    0x2000002c   0x00000004   Data   RW          477    .data               bsp_systick.o
    0x20000030   0x00000002   Data   RW          496    .data               485.o
    0x20000032   0x00000002   PAD
    0x20000034   0x0000000c   Data   RW          519    .data               mechest.o
    0x20000040   0x00000014   Zero   RW          495    .bss                485.o
    0x20000054   0x0000004c   Zero   RW          518    .bss                mechest.o
    0x200000a0   0x00000400   Zero   RW            1    STACK               startup_stm32f10x_md.o


==============================================================================

Image component sizes


      Code (inc. data)   RO Data    RW Data    ZI Data      Debug   Object Name

       616         18          0          2         20       3210   485.o
       196          8          0          0          0        895   bsp_advancetim.o
        56          6          0          0          0        518   bsp_led.o
       312         26          0          4          0      17255   bsp_systick.o
         0          0          0          0          0       4504   core_cm3.o
        56          0          0          0          0       2267   main.o
      1116         56          0         12         76       3218   mechest.o
       220         22          0          0          0       1837   misc.o
        36          8        236          0       1024        872   startup_stm32f10x_md.o
       284         10          0          0          0       2271   stm32f10x_exti.o
       860         38          0          0          0       5681   stm32f10x_gpio.o
       176         18          0          3          0       2196   stm32f10x_it.o
       932         36          0         20          0       8868   stm32f10x_rcc.o
      3610         88          0          0          0      22168   stm32f10x_tim.o
      1032         22          0          0          0       8408   stm32f10x_usart.o
       480         38          0         20          0     251195   system_stm32f10x.o

    ----------------------------------------------------------------------
      9984        394        268         64       1120     335363   Object Totals
         0          0         32          0          0          0   (incl. Generated)
         2          0          0          3          0          0   (incl. Padding)

    ----------------------------------------------------------------------

      Code (inc. data)   RO Data    RW Data    ZI Data      Debug   Library Member Name

         0          0          0          0          0          0   entry.o
         0          0          0          0          0          0   entry10a.o
         0          0          0          0          0          0   entry11a.o
         8          4          0          0          0          0   entry2.o
         4          0          0          0          0          0   entry5.o
         0          0          0          0          0          0   entry7b.o
         0          0          0          0          0          0   entry8b.o
         8          4          0          0          0          0   entry9a.o
        30          0          0          0          0          0   handlers.o
        36          8          0          0          0         68   init.o
        36          0          0          0          0        108   memseta.o

    ----------------------------------------------------------------------
       124         16          0          0          0        176   Library Totals
         2          0          0          0          0          0   (incl. Padding)

    ----------------------------------------------------------------------

      Code (inc. data)   RO Data    RW Data    ZI Data      Debug   Library Name

       122         16          0          0          0        176   mc_w.l

    ----------------------------------------------------------------------
       124         16          0          0          0        176   Library Totals

    ----------------------------------------------------------------------

==============================================================================


      Code (inc. data)   RO Data    RW Data    ZI Data      Debug   

     10108        410        268         64       1120     334443   Grand Totals
     10108        410        268         64       1120     334443   ELF Image Totals
     10108        410        268         64          0          0   ROM Totals

==============================================================================

    Total RO  Size (Code + RO Data)                10376 (  10.13kB)
    Total RW  Size (RW Data + ZI Data)              1184 (   1.16kB)
    Total ROM Size (Code + RO Data + RW Data)      10440 (  10.20kB)

==============================================================================

