BL51 BANKED LINKER/LOCATER V6.22                                                        07/23/2013  19:57:53  PAGE 1


BL51 BANKED LINKER/LOCATER V6.22, INVOKED BY:
D:\KEIL\C51\BIN\BL51.EXE .\output\STARTUP.obj, .\output\main.obj, .\output\Log.obj TO .\output\QYtest PRINT (.\output\QY
>> test.m51) RAMSIZE (256)


MEMORY MODEL: SMALL


INPUT MODULES INCLUDED:
  .\output\STARTUP.obj (?C_STARTUP)
  .\output\main.obj (MAIN)
  .\output\Log.obj (LOG)
  D:\KEIL\C51\LIB\C51S.LIB (?C_INIT)
  D:\KEIL\C51\LIB\C51S.LIB (?C?CLDOPTR)
  D:\KEIL\C51\LIB\C51S.LIB (?C?CSTOPTR)
  D:\KEIL\C51\LIB\C51S.LIB (?C?ULCMP)
  D:\KEIL\C51\LIB\C51S.LIB (?C?LLDIIDATA)


LINK MAP OF MODULE:  .\output\QYtest (?C_STARTUP)


            TYPE    BASE      LENGTH    RELOCATION   SEGMENT NAME
            -----------------------------------------------------

            * * * * * * *   D A T A   M E M O R Y   * * * * * * *
            REG     0000H     0008H     ABSOLUTE     "REG BANK 0"
            DATA    0008H     0016H     UNIT         ?DT?MAIN
            DATA    001EH     000CH     UNIT         _DATA_GROUP_
            IDATA   002AH     0001H     UNIT         ?STACK

            * * * * * * *   C O D E   M E M O R Y   * * * * * * *
            CODE    0000H     0003H     ABSOLUTE     
            CODE    0003H     0091H     UNIT         ?PR?_DELAY_MS?MAIN
            CODE    0094H     008CH     UNIT         ?C_C51STARTUP
            CODE    0120H     0080H     UNIT         ?C?LIB_CODE
            CODE    01A0H     0054H     UNIT         ?PR?_DOSUM?MAIN
            CODE    01F4H     002FH     UNIT         ?PR?MAIN?MAIN
            CODE    0223H     0024H     UNIT         ?PR?_UART_SENDCMD?MAIN
            CODE    0247H     001FH     UNIT         ?PR?_SENDCMD?MAIN
            CODE    0266H     001FH     UNIT         ?C_INITSEG
            CODE    0285H     0016H     UNIT         ?PR?_DELAY_US?MAIN
            CODE    029BH     0016H     UNIT         ?PR?SERIAL_INIT?MAIN
            CODE    02B1H     0008H     UNIT         ?PR?_UART_PUTBYTE?MAIN



OVERLAY MAP OF MODULE:   .\output\QYtest (?C_STARTUP)


SEGMENT                          DATA_GROUP 
  +--> CALLED SEGMENT          START    LENGTH
----------------------------------------------
?C_C51STARTUP                  -----    -----
  +--> ?PR?MAIN?MAIN
  +--> ?C_INITSEG

?PR?MAIN?MAIN                  -----    -----
BL51 BANKED LINKER/LOCATER V6.22                                                      07/23/2013  19:57:53  PAGE 2


  +--> ?PR?_DELAY_US?MAIN
  +--> ?PR?_DELAY_MS?MAIN
  +--> ?PR?SERIAL_INIT?MAIN
  +--> ?PR?_UART_SENDCMD?MAIN

?PR?_DELAY_US?MAIN             001EH    0004H

?PR?_DELAY_MS?MAIN             001EH    000CH

?PR?_UART_SENDCMD?MAIN         -----    -----
  +--> ?PR?_DOSUM?MAIN
  +--> ?PR?_SENDCMD?MAIN

?PR?_DOSUM?MAIN                001EH    0005H

?PR?_SENDCMD?MAIN              -----    -----
  +--> ?PR?_UART_PUTBYTE?MAIN



SYMBOL TABLE OF MODULE:  .\output\QYtest (?C_STARTUP)

  VALUE           TYPE          NAME
  ----------------------------------

  -------         MODULE        ?C_STARTUP
  C:0094H         SEGMENT       ?C_C51STARTUP
  I:002AH         SEGMENT       ?STACK
  C:0000H         PUBLIC        ?C_STARTUP
  D:00E0H         SYMBOL        ACC
  D:00F0H         SYMBOL        B
  D:0083H         SYMBOL        DPH
  D:0082H         SYMBOL        DPL
  N:0000H         SYMBOL        IBPSTACK
  N:0100H         SYMBOL        IBPSTACKTOP
  N:0080H         SYMBOL        IDATALEN
  C:0097H         SYMBOL        IDATALOOP
  N:0000H         SYMBOL        PBPSTACK
  N:0100H         SYMBOL        PBPSTACKTOP
  N:0000H         SYMBOL        PDATALEN
  N:0000H         SYMBOL        PDATASTART
  N:0000H         SYMBOL        PPAGE
  N:0000H         SYMBOL        PPAGEENABLE
  D:00A0H         SYMBOL        PPAGE_SFR
  D:0081H         SYMBOL        SP
  C:0094H         SYMBOL        STARTUP1
  N:0000H         SYMBOL        XBPSTACK
  N:0000H         SYMBOL        XBPSTACKTOP
  N:0000H         SYMBOL        XDATALEN
  N:0000H         SYMBOL        XDATASTART
  C:0000H         LINE#         126
  C:0094H         LINE#         133
  C:0096H         LINE#         134
  C:0097H         LINE#         135
  C:0098H         LINE#         136
  C:009AH         LINE#         185
  C:009DH         LINE#         196
BL51 BANKED LINKER/LOCATER V6.22                                                      07/23/2013  19:57:53  PAGE 3


  -------         ENDMOD        ?C_STARTUP

  -------         MODULE        MAIN
  C:0000H         SYMBOL        _ICE_DUMMY_
  D:0080H         PUBLIC        P0
  D:0090H         PUBLIC        P1
  D:00A0H         PUBLIC        P2
  D:0008H         SYMBOL        ResendDataLen
  D:00B0H         PUBLIC        P3
  C:000BH         PUBLIC        _Delay_Ms
  B:00A8H.4       PUBLIC        ES
  C:0285H         PUBLIC        _Delay_Us
  B:0098H.1       PUBLIC        TI
  C:0247H         PUBLIC        _SendCmd
  C:01F4H         PUBLIC        main
  D:0009H         SYMBOL        SendDataLen
  D:000AH         SYMBOL        Send_buf
  D:0014H         SYMBOL        Recv_buf
  D:0099H         PUBLIC        SBUF
  D:0087H         PUBLIC        PCON
  D:0098H         PUBLIC        SCON
  D:0089H         PUBLIC        TMOD
  D:008DH         PUBLIC        TH1
  C:02B1H         PUBLIC        _Uart_PutByte
  D:008BH         PUBLIC        TL1
  B:0088H.6       PUBLIC        TR1
  C:0229H         PUBLIC        _Uart_SendCMD
  B:0098H.4       PUBLIC        REN
  D:00C8H         PUBLIC        T2CON
  C:01A0H         PUBLIC        _DoSum
  C:029BH         PUBLIC        Serial_init
  -------         PROC          _DELAY_US
  D:001EH         SYMBOL        z
  C:0285H         LINE#         56
  C:028DH         LINE#         57
  C:028DH         LINE#         58
  C:029AH         LINE#         59
  -------         ENDPROC       _DELAY_US
  C:0003H         SYMBOL        L?0028
  C:0007H         SYMBOL        L?0029
  -------         PROC          L?0027
  -------         ENDPROC       L?0027
  C:0003H         SYMBOL        L?0028
  C:0007H         SYMBOL        L?0029
  -------         PROC          _DELAY_MS
  D:001EH         SYMBOL        z
  -------         DO            
  D:0022H         SYMBOL        x
  D:0026H         SYMBOL        y
  -------         ENDDO         
  C:000BH         LINE#         63
  C:0013H         LINE#         64
  C:0013H         LINE#         65
  C:0024H         LINE#         66
  C:0040H         LINE#         67
  C:0093H         LINE#         68
  -------         ENDPROC       _DELAY_MS
BL51 BANKED LINKER/LOCATER V6.22                                                      07/23/2013  19:57:53  PAGE 4


  -------         PROC          SERIAL_INIT
  C:029BH         LINE#         77
  C:029BH         LINE#         78
  C:029BH         LINE#         79
  C:029EH         LINE#         80
  C:02A1H         LINE#         82
  C:02A4H         LINE#         84
  C:02A7H         LINE#         85
  C:02AAH         LINE#         87
  C:02ACH         LINE#         88
  C:02AEH         LINE#         89
  C:02B0H         LINE#         90
  -------         ENDPROC       SERIAL_INIT
  -------         PROC          _UART_PUTBYTE
  D:0007H         SYMBOL        ch
  C:02B1H         LINE#         100
  C:02B1H         LINE#         101
  C:02B1H         LINE#         102
  C:02B3H         LINE#         103
  C:02B6H         LINE#         104
  C:02B8H         LINE#         105
  -------         ENDPROC       _UART_PUTBYTE
  -------         PROC          _SENDCMD
  D:0006H         SYMBOL        len
  -------         DO            
  D:0005H         SYMBOL        i
  -------         ENDDO         
  C:0247H         LINE#         114
  C:0249H         LINE#         115
  C:0249H         LINE#         116
  C:024BH         LINE#         118
  C:0250H         LINE#         119
  C:0255H         LINE#         120
  C:0255H         LINE#         121
  C:025EH         LINE#         122
  C:0261H         LINE#         123
  -------         ENDPROC       _SENDCMD
  -------         PROC          _DOSUM
  D:001EH         SYMBOL        Str
  D:0005H         SYMBOL        len
  -------         DO            
  D:0021H         SYMBOL        xorsum
  D:0004H         SYMBOL        i
  -------         ENDDO         
  C:01A0H         LINE#         136
  C:01A6H         LINE#         137
  C:01A6H         LINE#         138
  C:01ABH         LINE#         141
  C:01B1H         LINE#         142
  C:01B1H         LINE#         143
  C:01C8H         LINE#         144
  C:01CBH         LINE#         145
  C:01D6H         LINE#         146
  C:01E4H         LINE#         147
  -------         ENDPROC       _DOSUM
  C:0223H         SYMBOL        L?0031
  -------         PROC          L?0030
BL51 BANKED LINKER/LOCATER V6.22                                                      07/23/2013  19:57:53  PAGE 5


  -------         ENDPROC       L?0030
  C:0223H         SYMBOL        L?0031
  -------         PROC          _UART_SENDCMD
  D:0007H         SYMBOL        CMD
  D:0005H         SYMBOL        feedback
  D:0002H         SYMBOL        dat
  C:0229H         LINE#         160
  C:0229H         LINE#         161
  C:0229H         LINE#         162
  C:022CH         LINE#         163
  C:022FH         LINE#         164
  C:0231H         LINE#         165
  C:0233H         LINE#         166
  C:0235H         LINE#         167
  C:0237H         LINE#         168
  C:0242H         LINE#         169
  -------         ENDPROC       _UART_SENDCMD
  -------         PROC          MAIN
  C:01F4H         LINE#         172
  C:01F4H         LINE#         173
  C:01F4H         LINE#         174
  C:01FFH         LINE#         175
  C:0206H         LINE#         177
  C:0209H         LINE#         179
  C:020CH         LINE#         181
  C:0211H         LINE#         183
  C:0214H         LINE#         185
  C:0219H         LINE#         187
  C:021CH         LINE#         189
  C:0221H         LINE#         191
  -------         ENDPROC       MAIN
  -------         ENDMOD        MAIN

  -------         MODULE        LOG
  C:0000H         SYMBOL        _ICE_DUMMY_
  -------         ENDMOD        LOG

  -------         MODULE        ?C?CLDOPTR
  C:0120H         PUBLIC        ?C?CLDOPTR
  -------         ENDMOD        ?C?CLDOPTR

  -------         MODULE        ?C?CSTOPTR
  C:014DH         PUBLIC        ?C?CSTOPTR
  -------         ENDMOD        ?C?CSTOPTR

  -------         MODULE        ?C?ULCMP
  C:016FH         PUBLIC        ?C?ULCMP
  -------         ENDMOD        ?C?ULCMP

  -------         MODULE        ?C?LLDIIDATA
  C:0189H         PUBLIC        ?C?LLDIIDATA
  C:0180H         PUBLIC        ?C?LLDIIDATA1
  C:0182H         PUBLIC        ?C?LLDIIDATA8
  -------         ENDMOD        ?C?LLDIIDATA

Program Size: data=43.0 xdata=0 code=697
LINK/LOCATE RUN COMPLETE.  0 WARNING(S),  0 ERROR(S)
