C51 COMPILER V9.01   KEY                                                                   05/05/2017 11:28:08 PAGE 1   


C51 COMPILER V9.01, COMPILATION OF MODULE KEY
OBJECT MODULE PLACED IN .\output\key.obj
COMPILER INVOKED BY: C:\Keil\C51\BIN\C51.EXE src\key.c BROWSE INCDIR(.\inc) DEBUG OBJECTEXTEND PRINT(.\key.lst) OBJECT(.
                    -\output\key.obj)

line level    source

   1          /********************************************************************************************
   2                  文件: key.c
   3                  作者: 罗健
   4                  版本：V1.0
   5                  日期：2016/1/28
   6                  备注：这个文件提供了按键的固件库           
   7          *********************************************************************************************/
   8          #include "STC12C5A60S2.h"
   9          #include "key.h"
  10          #include "io_config.h"
  11          
  12          
  13          /*******************************************************************************************
  14                  函数功能：按键检测函数
  15                  入口参数：无
  16                  返回参数：0x00:无按键被按下，0x01:按键0被按下，0x02:按键1被按下 
  17                  函数说明：一次按下后，需要抬起，再一次的按下才会识别，即只检测到一次
  18          ********************************************************************************************/
  19          uint8_t key_down_edge_function(void)
  20          {
  21   1              uint8_t key_value = 0;
  22   1              static uint8_t key_down_flag[5] = {0,0};
  23   1              static uint8_t key_down_conuter[5] = {5,5};             
  24   1              /*******************按键0判断*********************/             
  25   1              if((key0_port != 1) && (key_down_flag[0] != 1))                  //按下判断
  26   1              {
  27   2                      if(key_down_conuter[0] < 10) 
  28   2                      {
  29   3                              key_down_conuter[0] ++;
  30   3                      }
  31   2                      else
  32   2                      {
  33   3                              key_down_flag[0] = 1;
  34   3                              key_value |= 0x01;                                                   //确定按键被按下
  35   3                      }       
  36   2              }
  37   1              else if((key0_port == 1) && (key_down_flag[0] != 0))      //抬起判断
  38   1              {
  39   2                      if(key_down_conuter[0] > 1) 
  40   2                      {
  41   3                              key_down_conuter[0] --;
  42   3                      }
  43   2                      else 
  44   2                      {
  45   3                              key_down_flag[0] = 0;                                                   //确定按键被抬起
  46   3                              key_value &= ~(0x01);            
  47   3                      }               
  48   2              }
  49   1              else
  50   1              {
  51   2                      key_value &= ~(0x01);   
  52   2              } 
  53   1              /*******************按键1判断*********************/     
  54   1              if((key1_port != 1) && (key_down_flag[1] != 1))                 //按下判断
C51 COMPILER V9.01   KEY                                                                   05/05/2017 11:28:08 PAGE 2   

  55   1              {
  56   2                      if(key_down_conuter[1] < 10) 
  57   2                      {
  58   3                              key_down_conuter[1] ++;
  59   3                      }
  60   2                      else
  61   2                      {
  62   3                              key_down_flag[1] = 1;
  63   3                              key_value |= 0x02;                                                      //确定按键被按下
  64   3                      }
  65   2              
  66   2              }
  67   1              else if((key1_port == 1) && (key_down_flag[1] != 0))    //抬起判断
  68   1              {
  69   2                      if(key_down_conuter[1] > 1) 
  70   2                      {
  71   3                              key_down_conuter[1] --;
  72   3                      }
  73   2                      else
  74   2                      {
  75   3                              key_down_flag[1] = 0;
  76   3                              key_value &= ~(0x02);                                               //确定按键被抬起
  77   3                      }                                                                                       
  78   2              }
  79   1              else
  80   1              {
  81   2                      key_value &= ~(0x02);   
  82   2              } 
  83   1      
  84   1              return key_value;
  85   1      }
  86          
  87          /*******************************************************************************************
  88                  函数功能：按键电平检测检测函数
  89                  入口参数：无
  90                  返回参数：1:低电平   0：高电平  
  91                  函数说明：
  92          ********************************************************************************************/
  93          uint8_t key_level_cheak_function(void)
  94          {
  95   1          static uint8_t level_statu = 0;  
  96   1              static uint8_t level_conuter = 0;
  97   1              if(key2_port == 0)      
  98   1          { 
  99   2                      if(level_conuter < 5)   { level_conuter++;} 
 100   2                      else level_statu = 1;                                                           
 101   2          }
 102   1          else
 103   1              {
 104   2                      if(level_conuter > 0)    { level_conuter--;}     
 105   2                      else level_statu = 0;   
 106   2              }
 107   1              return level_statu;                       
 108   1      }
 109          
 110          
 111          
 112          
 113          
 114          
 115          
 116          
C51 COMPILER V9.01   KEY                                                                   05/05/2017 11:28:08 PAGE 3   

 117          
 118          
 119          
 120          


MODULE INFORMATION:   STATIC OVERLAYABLE
   CODE SIZE        =    147    ----
   CONSTANT SIZE    =   ----    ----
   XDATA SIZE       =   ----    ----
   PDATA SIZE       =   ----    ----
   DATA SIZE        =     12    ----
   IDATA SIZE       =   ----    ----
   BIT SIZE         =   ----    ----
END OF MODULE INFORMATION.


C51 COMPILATION COMPLETE.  0 WARNING(S),  0 ERROR(S)
