C51 COMPILER V9.00   TIMER                                                                 05/22/2018 18:34:07 PAGE 1   


C51 COMPILER V9.00, COMPILATION OF MODULE TIMER
OBJECT MODULE PLACED IN .\output\timer.obj
COMPILER INVOKED BY: D:\Keil\C51\BIN\C51.EXE src\timer.c LARGE BROWSE INCDIR(.\inc) DEBUG OBJECTEXTEND PRINT(.\timer.lst
                    -) OBJECT(.\output\timer.obj)

line level    source

   1          /********************************************************************************************
   2                  文件: time.c
   3                  作者: WillJason
   4                  版本：V1.0
   5                  备注：这个文件提供了定时器模块的固件库             
   6          *********************************************************************************************/
   7          #include "STC12C5A60S2.h"
   8          #include "timer.h"
   9          #include "io_config.h"
  10          
  11          uint16_t timer0_10s_counter;                              //定时器0用于10s的计数值
  12          uint16_t timer0_10s_counter2;
  13          uint16_t timer0_30s_counter;                              //定时器0用于30s的计数
  14          uint16_t timer0_30s_counter2;
  15          
  16          /*********************************************************************************************
  17                  功能描述： 定时器0初始化函数
  18                  入口参数： 无
  19                  返回参数： 无
  20                  函数说明： 5ms的定时        
  21          **********************************************************************************************/
  22          void timer0_init(void)   
  23          {                                       
  24   1          AUXR |= 0x80;                                                 //定时器时钟1T模式
  25   1              TMOD &= 0xF0;                                             //设置定时器模式
  26   1              TMOD |= 0x01;                                             //设置定时器模式
  27   1          TL0 = 0x18;                                               //设置定时初值
  28   1              TH0 = 0x23;                                                   //设置定时初值
  29   1              TF0 = 0;                                                      //清除TF0标志
  30   1              TR0 = 0;                                                      //定时器0初始不允许计时   
  31   1              ET0 = 1;                                                          //定时器0中断允许使能
  32   1              EA = 1;                                                           //中断总允许使能
  33   1              timer0_10s_counter = 0;                                                           //定时器0用于10s的计数值
  34   1              timer0_10s_counter2= 0;
  35   1          timer0_30s_counter = 0;                               //定时器0用于30s的计数值
  36   1          timer0_30s_counter2= 0;
  37   1      }
  38          /*********************************************************************************************
  39                  功能描述： 定时器0中断服务函数
  40                  入口参数： 无
  41                  返回参数： 无
  42                  函数说明： 每5ms完成一次中断，执行一次中断服务程序
  43                                     为了防止程序中30s的计时数据和连续10s内输入的计时数据发生混乱，采用两种独立的计数
  44                                     变量，这样对其中一个进行重新计时操作，不会影响到另一个计时操作。
  45                                              
  46          *********************************************************************************************/
  47          void tm0_isr() interrupt 1 using 1       
  48          {
  49   1              TL0 = 0x18;     
  50   1              TH0 = 0x23;
  51   1              /*****************10s计时用代码***********************/
  52   1              timer0_10s_counter++;                                                             //记录5ms的次数
  53   1              if(timer0_10s_counter >= 100)                                                     //达到500ms
  54   1              {
C51 COMPILER V9.00   TIMER                                                                 05/22/2018 18:34:07 PAGE 2   

  55   2                      timer0_10s_counter=0;
  56   2                      timer0_10s_counter2++;                                                    //记录500ms的次数
  57   2                      if(timer0_10s_counter2 >= 10)                                             //10个500ms达到5s
  58   2                      {
  59   3                              timer0_10s_counter2=0;
  60   3                              //5秒计时完成
  61   3                              Arrival_5s_10Part++;                                              //记录5s的次数
  62   3                      }
  63   2              }
  64   1              if(Arrival_5s_10Part >= 2)                                                        //达到10s
  65   1              {
  66   2                      //relay_port=~relay_port;                                                 //调试用
  67   2                      Arrival_5s_10Part=0;
  68   2                      Arrival_10s_10Part=1;                                                     //达到10s的标志位
  69   2              }
  70   1              /*****************30s计时用代码***********************/
  71   1              if(allow_30s)
  72   1              {
  73   2                      timer0_30s_counter++;                                                             //记录5ms的次数
  74   2                      if(timer0_30s_counter >= 100)                                                     //达到500ms
  75   2                      {                                                                                                         
  76   3                              timer0_30s_counter=0;
  77   3                              timer0_30s_counter2++;                                                    //记录500ms的次数
  78   3                              if(timer0_30s_counter2 >= 10)                                             //达到5s
  79   3                              {
  80   4                                      timer0_30s_counter2=0;
  81   4                                      //5秒计时完成
  82   4                                      Arrival_5s_30Part++;                                              //记录5s的次数
  83   4                                      if(Arrival_5s_30Part >= 2)                                                        //达到10s
  84   4                                      {
  85   5                                              //relay_port=~relay_port;                                 //调试用
  86   5                                              Arrival_10s_30Part++;                                                                     //记录达到10s的次数
  87   5                                              if(Arrival_10s_30Part >= 3)                                                               //达到30s
  88   5                                              {
  89   6                                                      Arrival_10s_30Part=0;
  90   6                                                      Part_30s_State=1;                                                                         //返回1表示计时到达30s
  91   6                                              }
  92   5                                      }
  93   4                              }
  94   3                      }       
  95   2              }       
  96   1       } 
  97          /*********************************************************************************************
  98                  功能描述： 10s计时
  99                  入口参数： 无
 100                  返回参数： 无
 101                  函数说明： 在主程序中通过调用该函数来得到函数的返回值，当返回值为1时，表示10s计时完成       
 102          **********************************************************************************************/
 103          uint8_t timer0_10s(void)   
 104          {
 105   1              if(Arrival_10s_10Part >= 1){TR0=0;Arrival_10s_10Part=0;return 1;}//达到10s时，关闭定时器，返回值为1 relay
             -_port=~relay_port;调试用
 106   1              else{return 0;}
 107   1      }
 108          /*********************************************************************************************
 109                  功能描述： 30s计时
 110                  入口参数： 无
 111                  返回参数： 无
 112                  函数说明： 在主程序中通过调用该函数来得到函数的返回值，当返回值为1时，表示30s计时完成       
 113          **********************************************************************************************/
 114          uint8_t timer0_30s(void)   
 115          {
C51 COMPILER V9.00   TIMER                                                                 05/22/2018 18:34:07 PAGE 3   

 116   1              if(Part_30s_State>=1)                                                     //判断是否达到30s
 117   1              {
 118   2                      //TR0=0;
 119   2                      Part_30s_State=0;
 120   2                      timer0_30s_counter=0;
 121   2                      timer0_30s_counter2=0;
 122   2                      Arrival_5s_30Part=0;
 123   2                      Arrival_10s_30Part=0;
 124   2                      allow_30s=0;
 125   2                      return 1;                                                                         //返回1表示计时到达30s
 126   2              }
 127   1              else{return 0;}
 128   1              return 0;
 129   1      }
 130          /*********************************************************************************************
 131                  功能描述： 清除10s计时用的计数值
 132                  入口参数： 无
 133                  返回参数： 无
 134                  函数说明： 清除10s计时用的计数值            
 135          **********************************************************************************************/
 136          void Clean_Time0_Paramater(void) 
 137          {
 138   1               timer0_10s_counter=0;
 139   1               timer0_10s_counter2=0;
 140   1               Arrival_5s_10Part=0;
 141   1               Arrival_10s_10Part=0;
 142   1      }
 143          


MODULE INFORMATION:   STATIC OVERLAYABLE
   CODE SIZE        =    343    ----
   CONSTANT SIZE    =   ----    ----
   XDATA SIZE       =     15    ----
   PDATA SIZE       =   ----    ----
   DATA SIZE        =   ----    ----
   IDATA SIZE       =   ----    ----
   BIT SIZE         =   ----    ----
END OF MODULE INFORMATION.


C51 COMPILATION COMPLETE.  0 WARNING(S),  0 ERROR(S)
