C51 COMPILER V9.01   LCD1602                                                               07/09/2014 10:22:57 PAGE 1   


C51 COMPILER V9.01, COMPILATION OF MODULE LCD1602
OBJECT MODULE PLACED IN .\output\LCD1602.obj
COMPILER INVOKED BY: C:\Keil\C51\BIN\C51.EXE src\LCD1602.C BROWSE DEBUG OBJECTEXTEND PRINT(.\output\LCD1602.lst) OBJECT(
                    -.\output\LCD1602.obj)

line level    source

   1          #include <intrins.h>
   2          #include "config.h"
   3          
   4          /*********************************************************************************************************
             -*********
   5                  
   6                                                          +--------------------------------------------------+
   7                                                                            LCD1602底层驱动
   8                                                          +--------------------------------------------------+
   9          
  10           - 实现功能：
  11          
  12           - 目前进展：
  13          
  14           - 备注    ：使用的液晶为带字库型的液晶
  15          **********************************************************************************************************
             -********/
  16          void ReturnLcdInit(void);
  17          void LCD1602_DispDat( INT8U x,  INT8U y, INT8U ch);
  18          void LCD1602_DispStr( INT8U x, INT8U y, INT8U *str);
  19          /********************************************************************************************
  20           - 功能描述： 检测忙
  21           - 隶属模块： 内部
  22           - 参数说明：
  23           - 返回说明：
  24           - 注：      
  25          *******************************************************************************************/
  26          BOOL LCD1602_bz()
  27          {                                                       // 测试LCD忙碌状态
  28   1              BOOL result;
  29   1              rs = 0;
  30   1              rw = 1;
  31   1              ep = 1;
  32   1          Delay_Us(5) ;
  33   1              result = (BOOL)(LCDDATAPORT & 0x80);
  34   1              ep = 0;
  35   1              return result;  
  36   1      }
  37          /********************************************************************************************
  38           - 功能描述： 写命令
  39           - 隶属模块： 内部
  40           - 参数说明：
  41           - 返回说明：
  42           - 注：      
  43          *******************************************************************************************/
  44          void LCD1602_wcmd(INT8U cmd)
  45          {                                                       // 写入指令数据到LCD
  46   1              while(LCD1602_bz());
  47   1              rs = 0;
  48   1              rw = 0;
  49   1              ep = 0;
  50   1          Delay_Us(5) ;       
  51   1              LCDDATAPORT = cmd;
  52   1          Delay_Us(5) ;
C51 COMPILER V9.01   LCD1602                                                               07/09/2014 10:22:57 PAGE 2   

  53   1              ep = 1;
  54   1          Delay_Us(5) ;
  55   1              ep = 0;         
  56   1      }
  57          /********************************************************************************************
  58           - 功能描述： 写数据
  59           - 隶属模块： 内部
  60           - 参数说明：
  61           - 返回说明：
  62           - 注：      
  63          *******************************************************************************************/
  64          void LCD1602_wdat(INT8U dat)    
  65          {                                                       //写入字符显示数据到LCD
  66   1              while(LCD1602_bz());
  67   1              rs = 1;
  68   1              rw = 0;
  69   1              ep = 0;
  70   1              LCDDATAPORT = dat;
  71   1          Delay_Us(5) ;
  72   1              ep = 1;
  73   1          Delay_Us(5) ;
  74   1              ep = 0; 
  75   1      }
  76          
  77          /********************************************************************************************
  78           - 功能描述： 指定位置[指定的列的地址]
  79           - 隶属模块： 内部
  80           - 参数说明：
  81           - 返回说明：
  82           - 注：      
  83          *******************************************************************************************/
  84          void LCD1602_Pos(INT8U pos)
  85          {                                                       //设定显示位置
  86   1              LCD1602_wcmd(pos | 0x80);
  87   1      }
  88          
  89          
  90          /********************************************************************************************
  91           - 功能描述： 清屏
  92           - 隶属模块： 内部
  93           - 参数说明：
  94           - 返回说明：
  95           - 注：      
  96          *******************************************************************************************/
  97          void LCD1602_Clear(void)
  98          {
  99   1          LCD1602_wcmd(0x01);
 100   1          Delay_Ms(1);  
 101   1      }
 102          
 103          /********************************************************************************************
 104           - 功能描述： 清除指定的行
 105           - 隶属模块： 内部
 106           - 参数说明：
 107           - 返回说明：
 108           - 注：      
 109          *******************************************************************************************/
 110          void LCD1602_ClearLine(INT8U x)
 111          {
 112   1          LCD1602_DispStr(x, 0, "                ") ;   
 113   1      }
 114          
C51 COMPILER V9.01   LCD1602                                                               07/09/2014 10:22:57 PAGE 3   

 115          /********************************************************************************************
 116           - 功能描述： 指定位置显示字符
 117           - 隶属模块： 内部
 118           - 参数说明： x:代表显示的行[0:第一行][1:第二行]
 119                        y:代表显示的列[0~15]
 120           
 121           - 返回说明：
 122           - 注：      
 123          *******************************************************************************************/
 124          void LCD1602_DispChar( INT8U x,  INT8U y, INT8U ch)
 125          {
 126   1            if(x != 0)
 127   1            {
 128   2                  LCD1602_Pos(y | 0x40); 
 129   2            }
 130   1            else
 131   1            {
 132   2                  LCD1602_Pos(y);
 133   2            }
 134   1            LCD1602_wdat(ch); 
 135   1      }
 136          
 137          /********************************************************************************************
 138           - 功能描述： 指定位置显示字符
 139           - 隶属模块： 内部
 140           - 参数说明： x:代表显示的行[0:第一行][1:第二行]
 141                        y:代表显示的列[0~15]
 142           
 143           - 返回说明：
 144           - 注：      
 145          *******************************************************************************************/
 146          void LCD1602_DispDat( INT8U x,  INT8U y, INT8U ch)
 147          {
 148   1            if(x != 0)
 149   1            {
 150   2                  LCD1602_Pos(y | 0x40); 
 151   2            }
 152   1            else
 153   1            {
 154   2                  LCD1602_Pos(y);
 155   2            }
 156   1            LCD1602_wdat(ch + 0x30); 
 157   1      }
 158          
 159          /********************************************************************************************
 160           - 功能描述： 指定位置显示字符串
 161           - 隶属模块： 内部
 162           - 参数说明： x:代表显示的行[0:第一行][1:第二行]
 163                        y:代表显示的列[0~15]
 164           - 返回说明：
 165           - 注：      
 166          *******************************************************************************************/
 167          void LCD1602_DispStr( INT8U x, INT8U y, INT8U *str)
 168          {
 169   1          if(x > 1 || y > 15)
 170   1          {
 171   2                return ;
 172   2          } 
 173   1          for( ; *str != 0; )
 174   1          {
 175   2              LCD1602_DispChar( x, y,*str);
 176   2              str++;
C51 COMPILER V9.01   LCD1602                                                               07/09/2014 10:22:57 PAGE 4   

 177   2              y++;
 178   2          }
 179   1      }
 180          /********************************************************************************************
 181           - 功能描述： 显示当前的播放模式
 182           - 隶属模块： 内部
 183           - 参数说明： 
 184           - 返回说明：
 185           - 注：      
 186          *******************************************************************************************/
 187          static void DispDevice(INT8U device)
 188          {
 189   1          switch(device)
 190   1          {
 191   2      
 192   2              case PLAYDEVICE_UDISK :
 193   2                                  LCD1602_DispStr(0 , 9  , "U");     
 194   2                                  break ;
 195   2                      
 196   2              case PLAYDEVICE_TFCARD :
 197   2                                  LCD1602_DispStr(0 , 9  , "T");  
 198   2                                  break ;
 199   2                                  
 200   2              case PLAYDEVICE_PC:
 201   2                                  LCD1602_DispStr(0 , 9  , "P");  
 202   2                                  break ;   
 203   2                                  
 204   2              case PLAYDEVICE_FLASH:
 205   2                                  LCD1602_DispStr(0 , 9  , "F");  
 206   2                                  break ;
 207   2      
 208   2              case PLAYDEVICE_SLEEP:  
 209   2                                  LCD1602_DispStr(0 , 9  , "S");  
 210   2                                  break ;
 211   2                      
 212   2              default:
 213   2                                  LCD1602_DispStr(0 , 9  , "N"); 
 214   2                                  break ;
 215   2          }
 216   1      }
 217          
 218          /********************************************************************************************
 219           - 功能描述： 返回液晶显示界面
 220           - 隶属模块： 内部
 221           - 参数说明： 
 222           - 返回说明：
 223           - 注：      
 224          *******************************************************************************************/
 225          void ReturnLcdInit(void)
 226          {
 227   1          DispDevice(PlayDevice) ;
 228   1          if(FEEDBACK)
 229   1          {
 230   2              LCD1602_DispStr(0 , 13  , "ACK");
 231   2          }
 232   1          else
 233   1          {
 234   2              LCD1602_DispStr(0 , 12  , "NACK");   
 235   2          } 
 236   1      #if 0
                  if(TrigEnable)
                  {
C51 COMPILER V9.01   LCD1602                                                               07/09/2014 10:22:57 PAGE 5   

                      LCD1602_DispStr(1 , 5  , "TRIG");//触发模式          
                  }
                  else
                  {
                      LCD1602_DispStr(1 , 5  , "CONT");//连续模式    
                  } 
              #endif
 246   1          if(PointFunc == POINTNUM_ONE)
 247   1          {
 248   2              LCD1602_DispStr(1 , 5  , "ONE ");
 249   2          }
 250   1          else if(PointFunc == POINTNUM_LOOP)
 251   1          {
 252   2              LCD1602_DispStr(1 , 5  , "LOOP");   
 253   2          }
 254   1          else if(PointFunc == POINTNUM_FOLDER)
 255   1          {
 256   2              LCD1602_DispStr(1 , 5  , "FOLD");    
 257   2          }
 258   1          if(PointFolNum_Flag)
 259   1          {
 260   2              LCD1602_DispStr(0 , 7  , "F");//指定文件夹
 261   2          }
 262   1          else
 263   1          {
 264   2              LCD1602_DispStr(0 , 7  , "N");//正常指定曲目        
 265   2          }
 266   1      }
 267          
 268          /********************************************************************************************
 269           - 功能描述： 显示播放到的设备
 270           - 隶属模块： 内部
 271           - 参数说明： 
 272           - 返回说明：
 273           - 注：      
 274          *******************************************************************************************/
 275          void Disp_PlayDevice(INT8U device)
 276          {
 277   1          if(device == PLAYDEVICE_UDISK)
 278   1          {
 279   2              LCD1602_DispStr(1 , 0  , "PLAYD:UDISK");
 280   2          }
 281   1          else if(device == PLAYDEVICE_TFCARD)
 282   1          {
 283   2              LCD1602_DispStr(1 , 0  , "PLAYD:TFCARD");
 284   2          }
 285   1          else if(device == PLAYDEVICE_PC)
 286   1          {
 287   2              LCD1602_DispStr(1 , 0  , "PLAYD:PC");
 288   2          }
 289   1          else if(device == PLAYDEVICE_FLASH)
 290   1          {
 291   2              LCD1602_DispStr(1 , 0  , "PLAYD:FLASH");
 292   2          }
 293   1          else if(device == PLAYDEVICE_SLEEP)
 294   1          {
 295   2              LCD1602_DispStr(1 , 0  , "PLAYD:SLEEP");
 296   2          }    
 297   1      }
 298          
 299          /********************************************************************************************
 300           - 功能描述： 显示播放到的模式
C51 COMPILER V9.01   LCD1602                                                               07/09/2014 10:22:57 PAGE 6   

 301           - 隶属模块： 内部
 302           - 参数说明： 
 303           - 返回说明：
 304           - 注：      
 305          *******************************************************************************************/
 306          void Disp_PlayMode(INT8U mode)
 307          {
 308   1          if(mode == REPEAT_ALL)
 309   1          {
 310   2              LCD1602_DispStr(1 , 0  , "PLAYM:ALL_0");
 311   2          }
 312   1          else if(mode == REPEAT_FOLDER)
 313   1          {
 314   2              LCD1602_DispStr(1 , 0  , "PLAYM:FOLDER_1");
 315   2          }  
 316   1          else if(mode == REPEAT_ONE)
 317   1          {
 318   2              LCD1602_DispStr(1 , 0  , "PLAYM:ONE_2");
 319   2          }
 320   1          else if(mode == REPEAT_RANDOM)
 321   1          {
 322   2              LCD1602_DispStr(1 , 0  , "PLAYM:RANDOM_3");
 323   2          }    
 324   1      }
 325          
 326          /********************************************************************************************
 327           - 功能描述： 显示播放到的EQ
 328           - 隶属模块： 内部
 329           - 参数说明： 
 330           - 返回说明：
 331           - 注：      
 332          *******************************************************************************************/
 333          void Disp_PlayEQ(INT8U EQ)
 334          {
 335   1          if(EQ == EQ_NORMAL)
 336   1          {
 337   2              LCD1602_DispStr(1 , 0  , "EQ:NORMAL_0");
 338   2          }
 339   1          else if(EQ == EQ_POP)
 340   1          {
 341   2              LCD1602_DispStr(1 , 0  , "EQ:POP_1");
 342   2          }
 343   1          else if(EQ == EQ_ROCK)
 344   1          {
 345   2              LCD1602_DispStr(1 , 0  , "EQ:ROCK_2");
 346   2          }
 347   1          else if(EQ == EQ_JAZZ)
 348   1          {
 349   2              LCD1602_DispStr(1 , 0  , "EQ:JAZZ_3");
 350   2          }
 351   1          else if(EQ == EQ_CLASSIC)
 352   1          {
 353   2              LCD1602_DispStr(1 , 0  , "EQ:CLASSIC_4");
 354   2          }
 355   1          else if(EQ == EQ_BASS)
 356   1          {
 357   2              LCD1602_DispStr(1 , 0  , "EQ:BASS_5");
 358   2          }    
 359   1      }
 360          
 361          /********************************************************************************************
 362           - 功能描述： 显示模块返回的在线设备
C51 COMPILER V9.01   LCD1602                                                               07/09/2014 10:22:57 PAGE 7   

 363           - 隶属模块： 内部
 364           - 参数说明： 
 365           - 返回说明：
 366           - 注：      
 367          *******************************************************************************************/
 368          void Disp_OnlineDevice(INT8U Online)
 369          {
 370   1          INT8U temp ;
 371   1          temp = Online & 0x01 ;
 372   1          if(temp)//UDISK
 373   1          {
 374   2              LCD1602_DispStr(1 , 12  , "U");
 375   2          }
 376   1          temp = Online & 0x02 ;
 377   1          if(temp)//TF
 378   1          {
 379   2              LCD1602_DispStr(1 , 13  , "T");
 380   2          }
 381   1          temp = Online & 0x04 ;
 382   1          if(temp)//PC
 383   1          {
 384   2              LCD1602_DispStr(1 , 14  , "P");
 385   2          }   
 386   1          temp = Online & 0x08 ;
 387   1          if(temp)//FLASH
 388   1          {
 389   2              LCD1602_DispStr(1 , 15  , "F");
 390   2          }  
 391   1      }
 392          
 393          /********************************************************************************************
 394           - 功能描述： 上电跳转至设备状态
 395           - 隶属模块： 外部
 396           - 参数说明： 
 397           - 返回说明：
 398           - 注：      
 399          *******************************************************************************************/
 400          void GoInitDevice(INT8U Online)
 401          {
 402   1          INT8U temp ;
 403   1          if(0 == Online)
 404   1          {
 405   2              PlayDevice = PLAYDEVICE_SLEEP ; 
 406   2              return ;
 407   2          }
 408   1          temp = Online & 0x01 ;
 409   1          if(temp)
 410   1          {
 411   2              PlayDevice = PLAYDEVICE_UDISK ; 
 412   2              return ;
 413   2          }
 414   1          temp = Online & 0x02 ;
 415   1          if(temp)//TF
 416   1          {
 417   2              PlayDevice = PLAYDEVICE_TFCARD ; 
 418   2              return ;
 419   2          }
 420   1          temp = Online & 0x04 ;
 421   1          if(temp)//PC
 422   1          {
 423   2              PlayDevice = PLAYDEVICE_PC ; 
 424   2              return ;
C51 COMPILER V9.01   LCD1602                                                               07/09/2014 10:22:57 PAGE 8   

 425   2          }   
 426   1          temp = Online & 0x08 ;
 427   1          if(temp)//FLASH
 428   1          {
 429   2              PlayDevice = PLAYDEVICE_FLASH ; 
 430   2              return ;
 431   2          }
 432   1      }
 433          
 434          /********************************************************************************************
 435           - 功能描述： 设备拔出跳至下一个设备
 436           - 隶属模块： 外部
 437           - 参数说明： 
 438           - 返回说明：
 439           - 注：      
 440          *******************************************************************************************/
 441          void GotoNextDevice(INT8U device)
 442          {
 443   1          if(device == UDISK)
 444   1          {
 445   2              if(OnlineDevice & BIT(TFCARD))
 446   2              {
 447   3                  PlayDevice = PLAYDEVICE_TFCARD ;
 448   3              }
 449   2              else
 450   2              {
 451   3                  if(OnlineDevice & BIT(FLASH))
 452   3                  {
 453   4                      PlayDevice = PLAYDEVICE_FLASH ;
 454   4                  }
 455   3                  else
 456   3                  {
 457   4                      PlayDevice = PLAYDEVICE_SLEEP ;
 458   4                  }
 459   3              }
 460   2          }
 461   1          else if(device == TFCARD)
 462   1          {
 463   2              if(OnlineDevice & BIT(UDISK))
 464   2              {
 465   3                  PlayDevice = PLAYDEVICE_UDISK ;
 466   3              }
 467   2              else
 468   2              {
 469   3                  if(OnlineDevice & BIT(FLASH))
 470   3                  {
 471   4                      PlayDevice = PLAYDEVICE_FLASH ;
 472   4                  }
 473   3                  else
 474   3                  {
 475   4                      PlayDevice = PLAYDEVICE_SLEEP ;
 476   4                  }
 477   3              }  
 478   2          }
 479   1          else if(device == PC)
 480   1          {
 481   2              if(OnlineDevice & BIT(FLASH))
 482   2              {
 483   3                  PlayDevice = PLAYDEVICE_FLASH ;
 484   3              }
 485   2              else
 486   2              {
C51 COMPILER V9.01   LCD1602                                                               07/09/2014 10:22:57 PAGE 9   

 487   3                  PlayDevice = PLAYDEVICE_SLEEP ;
 488   3              }
 489   2          }
 490   1             
 491   1      }
 492          
 493          void ChangeDevice(INT8U dev)
 494          {
 495   1          if(dev == PLAYDEVICE_UDISK)
 496   1          {
 497   2              if(0 == (OnlineDevice & BIT(UDISK)))
 498   2              {
 499   3                  if(OnlineDevice & BIT(TFCARD))
 500   3                  {
 501   4                      PlayDevice = PLAYDEVICE_TFCARD ;
 502   4                  }
 503   3                  else
 504   3                  {
 505   4                      if(OnlineDevice & BIT(FLASH))
 506   4                      {
 507   5                          PlayDevice = PLAYDEVICE_FLASH ;
 508   5                      }
 509   4                      else
 510   4                      {
 511   5                          PlayDevice = PLAYDEVICE_SLEEP ;
 512   5                      }
 513   4                  }
 514   3              }
 515   2          }
 516   1          if(dev == PLAYDEVICE_TFCARD)
 517   1          {
 518   2              if(0 == (OnlineDevice & BIT(TFCARD)))
 519   2              {
 520   3                  if(OnlineDevice & BIT(UDISK))
 521   3                  {
 522   4                      PlayDevice = PLAYDEVICE_UDISK ;
 523   4                  }
 524   3                  else
 525   3                  {
 526   4                      if(OnlineDevice & BIT(FLASH))
 527   4                      {
 528   5                          PlayDevice = PLAYDEVICE_FLASH ;
 529   5                      }
 530   4                      else
 531   4                      {
 532   5                          PlayDevice = PLAYDEVICE_SLEEP ;
 533   5                      }
 534   4                  }
 535   3              }
 536   2          }
 537   1          else if(dev == PLAYDEVICE_PC)
 538   1          {
 539   2              if(0 == (OnlineDevice & BIT(PC)))
 540   2              {    
 541   3                  if(OnlineDevice & BIT(FLASH))
 542   3                  {
 543   4                      PlayDevice = PLAYDEVICE_FLASH ;
 544   4                  }
 545   3                  else
 546   3                  {
 547   4                      PlayDevice = PLAYDEVICE_SLEEP ;
 548   4                  }
C51 COMPILER V9.01   LCD1602                                                               07/09/2014 10:22:57 PAGE 10  

 549   3              }
 550   2          }
 551   1          else if(dev == PLAYDEVICE_FLASH)
 552   1          {
 553   2              if(0 == (OnlineDevice & BIT(FLASH)))
 554   2              {    
 555   3                   PlayDevice = PLAYDEVICE_SLEEP ;
 556   3              }  
 557   2          }
 558   1      }
 559          
 560          /********************************************************************************************
 561           - 功能描述： LCD1602液晶初始化
 562           - 隶属模块： 内部
 563           - 参数说明： 
 564           - 返回说明：
 565           - 注：      
 566          *******************************************************************************************/
 567          void LCD1602_Init()
 568          {                                                       //LCD初始化设定
 569   1              LCD1602_wcmd(0x38);                     //
 570   1              Delay_Ms(1);
 571   1              LCD1602_wcmd(0x0c);                     //
 572   1              Delay_Ms(1);
 573   1              LCD1602_wcmd(0x06);                     //
 574   1              Delay_Ms(1);
 575   1              LCD1602_wcmd(0x01);                     //清除LCD的显示内容
 576   1              Delay_Ms(1);
 577   1          LCD1602_DispDat( 0,  0, 0);
 578   1          LCD1602_DispStr( 0 , 0 , "QYMxFS----------");//
 579   1          LCD1602_DispStr( 1 , 0 , "PLAY:           ");//
 580   1          ReturnLcdInit();
 581   1          Disp_OnlineDevice(OnlineDevice);
 582   1      }
 583          
 584          
 585          
 586                          


MODULE INFORMATION:   STATIC OVERLAYABLE
   CODE SIZE        =   1056    ----
   CONSTANT SIZE    =    263    ----
   XDATA SIZE       =   ----    ----
   PDATA SIZE       =   ----    ----
   DATA SIZE        =   ----      16
   IDATA SIZE       =   ----    ----
   BIT SIZE         =   ----    ----
END OF MODULE INFORMATION.


C51 COMPILATION COMPLETE.  0 WARNING(S),  0 ERROR(S)
