BL51 BANKED LINKER/LOCATER V6.22                                                        07/20/2013  21:47:02  PAGE 1


BL51 BANKED LINKER/LOCATER V6.22, INVOKED BY:
D:\KEIL\C51\BIN\BL51.EXE .\output\STARTUP.obj, .\output\key.obj, .\output\Log.obj, .\output\main.obj, .\output\mylib.obj
>> , .\output\SystemInit.obj, .\output\uart.obj, .\output\LCD1602.obj TO .\output\QYMxFS_TEST PRINT (.\output\QYMxFS_TES
>> T.m51) RAMSIZE (256)


MEMORY MODEL: SMALL


INPUT MODULES INCLUDED:
  .\output\STARTUP.obj (?C_STARTUP)
  .\output\key.obj (KEY)
  .\output\Log.obj (LOG)
  .\output\main.obj (MAIN)
  .\output\mylib.obj (MYLIB)
  .\output\SystemInit.obj (SYSTEMINIT)
  .\output\uart.obj (UART)
  .\output\LCD1602.obj (LCD1602)
  D:\KEIL\C51\LIB\C51S.LIB (?C_INIT)
  D:\KEIL\C51\LIB\C51S.LIB (?C?CLDPTR)
  D:\KEIL\C51\LIB\C51S.LIB (?C?CLDOPTR)
  D:\KEIL\C51\LIB\C51S.LIB (?C?CSTOPTR)
  D:\KEIL\C51\LIB\C51S.LIB (?C?IMUL)
  D:\KEIL\C51\LIB\C51S.LIB (?C?UIDIV)
  D:\KEIL\C51\LIB\C51S.LIB (?C?ULCMP)
  D:\KEIL\C51\LIB\C51S.LIB (?C?LLDIIDATA)
  D:\KEIL\C51\LIB\C51S.LIB (?C?CCASE)


LINK MAP OF MODULE:  .\output\QYMxFS_TEST (?C_STARTUP)


            TYPE    BASE      LENGTH    RELOCATION   SEGMENT NAME
            -----------------------------------------------------

            * * * * * * *   D A T A   M E M O R Y   * * * * * * *
            REG     0000H     0008H     ABSOLUTE     "REG BANK 0"
            DATA    0008H     0016H     UNIT         ?DT?UART
                    001EH     0002H                  *** GAP ***
            BIT     0020H.0   0000H.2   UNIT         _BIT_GROUP_
                    0020H.2   0000H.6                *** GAP ***
            DATA    0021H     0034H     UNIT         ?DT?KEY
            DATA    0055H     0015H     UNIT         ?DT?MYLIB
            DATA    006AH     000EH     UNIT         _DATA_GROUP_
            IDATA   0078H     0001H     UNIT         ?STACK

            * * * * * * *   C O D E   M E M O R Y   * * * * * * *
            CODE    0000H     0003H     ABSOLUTE     
            CODE    0003H     0008H     UNIT         ?PR?_UART_PUTBYTE?UART
            CODE    000BH     0003H     ABSOLUTE     
            CODE    000EH     0011H     UNIT         ?PR?APP_GET_MSG?KEY
            CODE    001FH     0003H     UNIT         ?PR?_PUT_MSG_LIFO?KEY
                    0022H     0001H                  *** GAP ***
            CODE    0023H     0003H     ABSOLUTE     
            CODE    0026H     0651H     UNIT         ?PR?MSG_TASK?KEY
            CODE    0677H     02E9H     UNIT         ?CO?KEY
            CODE    0960H     014BH     UNIT         ?PR?_UART_TASK?UART
            CODE    0AABH     0126H     UNIT         ?C?LIB_CODE
BL51 BANKED LINKER/LOCATER V6.22                                                      07/20/2013  21:47:02  PAGE 2


            CODE    0BD1H     0107H     UNIT         ?CO?LCD1602
            CODE    0CD8H     00B8H     UNIT         ?PR?SERIAL_0_INTERRUPT?UART
            CODE    0D90H     00AAH     UNIT         ?PR?UART_COMMUNICATION?UART
            CODE    0E3AH     009AH     UNIT         ?C_INITSEG
            CODE    0ED4H     008CH     UNIT         ?C_C51STARTUP
            CODE    0F60H     0089H     UNIT         ?PR?_DELAY_MS?MYLIB
            CODE    0FE9H     0087H     UNIT         ?PR?_POINTPLAYFOLDERNUM?KEY
            CODE    1070H     0073H     UNIT         ?PR?_ITOA4?MYLIB
            CODE    10E3H     006AH     UNIT         ?PR?TIME_TASK?KEY
            CODE    114DH     0068H     UNIT         ?PR?RETURNLCDINIT?LCD1602
            CODE    11B5H     0068H     UNIT         ?PR?_CHANGEDEVICE?LCD1602
            CODE    121DH     0068H     UNIT         ?PR?LCD1602_INIT?LCD1602
            CODE    1285H     0062H     UNIT         ?PR?_POINTPLAYNUM?KEY
            CODE    12E7H     005DH     UNIT         ?PR?_DISPMODLUEERROR?KEY
            CODE    1344H     0059H     UNIT         ?PR?_DISP_PLAYEQ?LCD1602
            CODE    139DH     0054H     UNIT         ?PR?_ITOA3?MYLIB
            CODE    13F1H     0054H     UNIT         ?PR?_DOSUM?UART
            CODE    1445H     004FH     UNIT         ?PR?_DISP_ONLINEDEVICE?LCD1602
            CODE    1494H     0049H     UNIT         ?PR?_DISP_PLAYDEVICE?LCD1602
            CODE    14DDH     0048H     UNIT         ?PR?_DISPDEVICE?LCD1602
            CODE    1525H     0047H     UNIT         ?PR?_SENDCMD?UART
            CODE    156CH     0043H     UNIT         ?PR?KEY_SCAN?KEY
            CODE    15AFH     003FH     UNIT         ?PR?INDICATOR_SCAN?KEY
            CODE    15EEH     003EH     UNIT         ?PR?_LCD1602_DISPSTR?LCD1602
            CODE    162CH     003DH     UNIT         ?PR?_DISP_PLAYMODE?LCD1602
            CODE    1669H     0038H     UNIT         ?PR?_GOTONEXTDEVICE?LCD1602
            CODE    16A1H     0037H     UNIT         ?PR?_LCD1602_WCMD?LCD1602
            CODE    16D8H     0034H     UNIT         ?PR?MAIN?MAIN
            CODE    170CH     0032H     UNIT         ?PR?SYSTEM_INIT?SYSTEMINIT
            CODE    173EH     0032H     UNIT         ?PR?UARTSEND_COLLIDE_TASK?UART
            CODE    1770H     0031H     UNIT         ?PR?KEYSCAN?KEY
            CODE    17A1H     002CH     UNIT         ?PR?_LCD1602_WDAT?LCD1602
            CODE    17CDH     002BH     UNIT         ?PR?RAM_INIT?SYSTEMINIT
            CODE    17F8H     002BH     UNIT         ?PR?_GOINITDEVICE?LCD1602
            CODE    1823H     0029H     UNIT         ?PR?DS100MS_CNT?MYLIB
            CODE    184CH     0027H     UNIT         ?PR?DS10MS_CNT?MYLIB
            CODE    1873H     0027H     UNIT         ?PR?_UART_SENDCMD?UART
            CODE    189AH     0022H     UNIT         ?PR?_ITOA2?MYLIB
            CODE    18BCH     001EH     UNIT         ?PR?_MUSIC_MSG_FILTER?KEY
            CODE    18DAH     001DH     UNIT         ?PR?DS2MS_CNT?MYLIB
            CODE    18F7H     001BH     UNIT         ?PR?_LCD1602_DISPDAT?LCD1602
            CODE    1912H     0019H     UNIT         ?PR?LCD1602_BZ?LCD1602
            CODE    192BH     0018H     UNIT         ?PR?_KEY_FILTER?KEY
            CODE    1943H     0018H     UNIT         ?PR?_LCD1602_DISPCHAR?LCD1602
            CODE    195BH     0016H     UNIT         ?PR?_DELAY_US?MYLIB
            CODE    1971H     0016H     UNIT         ?PR?SERIAL_INIT?SYSTEMINIT
            CODE    1987H     0011H     UNIT         ?PR?_ITOA1?MYLIB
            CODE    1998H     0011H     UNIT         ?PR?DS500MS_CNT?MYLIB
            CODE    19A9H     0011H     UNIT         ?PR?TIMER_0_INTERRUPT?SYSTEMINIT
            CODE    19BAH     0011H     UNIT         ?CO?UART
            CODE    19CBH     0010H     UNIT         ?PR?TIMER0_INIT?SYSTEMINIT
            CODE    19DBH     0010H     UNIT         ?PR?LCD1602_CLEAR?LCD1602
            CODE    19EBH     000BH     UNIT         ?PR?_LCD1602_CLEARLINE?LCD1602
            CODE    19F6H     0007H     UNIT         ?PR?_LCD1602_POS?LCD1602



BL51 BANKED LINKER/LOCATER V6.22                                                      07/20/2013  21:47:02  PAGE 3


OVERLAY MAP OF MODULE:   .\output\QYMxFS_TEST (?C_STARTUP)


SEGMENT                                     BIT_GROUP          DATA_GROUP 
  +--> CALLED SEGMENT                    START    LENGTH     START    LENGTH
----------------------------------------------------------------------------
?C_C51STARTUP                            -----    -----      -----    -----
  +--> ?PR?MAIN?MAIN
  +--> ?C_INITSEG

?PR?MAIN?MAIN                            -----    -----      -----    -----
  +--> ?PR?_DELAY_US?MYLIB
  +--> ?PR?_DELAY_MS?MYLIB
  +--> ?PR?SYSTEM_INIT?SYSTEMINIT
  +--> ?PR?LCD1602_INIT?LCD1602
  +--> ?PR?DS2MS_CNT?MYLIB
  +--> ?PR?DS10MS_CNT?MYLIB
  +--> ?PR?DS100MS_CNT?MYLIB
  +--> ?PR?DS500MS_CNT?MYLIB

?PR?_DELAY_US?MYLIB                      -----    -----      0074H    0004H

?PR?_DELAY_MS?MYLIB                      -----    -----      006BH    000CH

?PR?SYSTEM_INIT?SYSTEMINIT               -----    -----      -----    -----
  +--> ?PR?SERIAL_INIT?SYSTEMINIT
  +--> ?PR?TIMER0_INIT?SYSTEMINIT
  +--> ?PR?RAM_INIT?SYSTEMINIT
  +--> ?PR?_ITOA1?MYLIB
  +--> ?PR?_ITOA2?MYLIB
  +--> ?PR?_ITOA3?MYLIB
  +--> ?PR?_ITOA4?MYLIB

?PR?LCD1602_INIT?LCD1602                 -----    -----      -----    -----
  +--> ?PR?_LCD1602_WCMD?LCD1602
  +--> ?PR?_DELAY_MS?MYLIB
  +--> ?PR?_LCD1602_DISPDAT?LCD1602
  +--> ?CO?LCD1602
  +--> ?PR?_LCD1602_DISPSTR?LCD1602
  +--> ?PR?RETURNLCDINIT?LCD1602
  +--> ?PR?_DISP_ONLINEDEVICE?LCD1602

?PR?_LCD1602_WCMD?LCD1602                -----    -----      0073H    0001H
  +--> ?PR?LCD1602_BZ?LCD1602
  +--> ?PR?_DELAY_US?MYLIB

?PR?LCD1602_BZ?LCD1602                   -----    -----      -----    -----
  +--> ?PR?_DELAY_US?MYLIB

?PR?_LCD1602_DISPDAT?LCD1602             -----    -----      006AH    0002H
  +--> ?PR?_LCD1602_POS?LCD1602
  +--> ?PR?_LCD1602_WDAT?LCD1602

?PR?_LCD1602_POS?LCD1602                 -----    -----      -----    -----
  +--> ?PR?_LCD1602_WCMD?LCD1602

?PR?_LCD1602_WDAT?LCD1602                -----    -----      0073H    0001H
BL51 BANKED LINKER/LOCATER V6.22                                                      07/20/2013  21:47:02  PAGE 4


  +--> ?PR?LCD1602_BZ?LCD1602
  +--> ?PR?_DELAY_US?MYLIB

?PR?_LCD1602_DISPSTR?LCD1602             -----    -----      006CH    0005H
  +--> ?PR?_LCD1602_DISPCHAR?LCD1602

?PR?_LCD1602_DISPCHAR?LCD1602            -----    -----      0071H    0002H
  +--> ?PR?_LCD1602_POS?LCD1602
  +--> ?PR?_LCD1602_WDAT?LCD1602

?PR?RETURNLCDINIT?LCD1602                -----    -----      -----    -----
  +--> ?PR?_DISPDEVICE?LCD1602
  +--> ?CO?LCD1602
  +--> ?PR?_LCD1602_DISPSTR?LCD1602

?PR?_DISPDEVICE?LCD1602                  -----    -----      -----    -----
  +--> ?CO?LCD1602
  +--> ?PR?_LCD1602_DISPSTR?LCD1602

?PR?_DISP_ONLINEDEVICE?LCD1602           -----    -----      006AH    0002H
  +--> ?CO?LCD1602
  +--> ?PR?_LCD1602_DISPSTR?LCD1602

?PR?DS2MS_CNT?MYLIB                      -----    -----      -----    -----
  +--> ?PR?MSG_TASK?KEY

?PR?MSG_TASK?KEY                         -----    -----      -----    -----
  +--> ?PR?APP_GET_MSG?KEY
  +--> ?PR?_DISPMODLUEERROR?KEY
  +--> ?PR?RAM_INIT?SYSTEMINIT
  +--> ?PR?LCD1602_INIT?LCD1602
  +--> ?PR?_LCD1602_CLEARLINE?LCD1602
  +--> ?CO?KEY
  +--> ?PR?_LCD1602_DISPSTR?LCD1602
  +--> ?PR?_GOTONEXTDEVICE?LCD1602
  +--> ?PR?LCD1602_CLEAR?LCD1602
  +--> ?PR?_UART_SENDCMD?UART
  +--> ?PR?_ITOA4?MYLIB
  +--> ?PR?_ITOA2?MYLIB
  +--> ?PR?_DISP_PLAYMODE?LCD1602
  +--> ?PR?_DISP_ONLINEDEVICE?LCD1602
  +--> ?PR?_GOINITDEVICE?LCD1602
  +--> ?PR?_CHANGEDEVICE?LCD1602
  +--> ?PR?_DISP_PLAYDEVICE?LCD1602
  +--> ?PR?_DISP_PLAYEQ?LCD1602
  +--> ?PR?_PUT_MSG_LIFO?KEY
  +--> ?PR?_POINTPLAYFOLDERNUM?KEY
  +--> ?PR?_POINTPLAYNUM?KEY

?PR?_DISPMODLUEERROR?KEY                 -----    -----      006AH    0001H
  +--> ?PR?LCD1602_CLEAR?LCD1602
  +--> ?CO?KEY
  +--> ?PR?_LCD1602_DISPSTR?LCD1602

?PR?LCD1602_CLEAR?LCD1602                -----    -----      -----    -----
  +--> ?PR?_LCD1602_WCMD?LCD1602
  +--> ?PR?_DELAY_MS?MYLIB
BL51 BANKED LINKER/LOCATER V6.22                                                      07/20/2013  21:47:02  PAGE 5



?PR?_LCD1602_CLEARLINE?LCD1602           -----    -----      -----    -----
  +--> ?CO?LCD1602
  +--> ?PR?_LCD1602_DISPSTR?LCD1602

?PR?_UART_SENDCMD?UART                   -----    -----      -----    -----
  +--> ?PR?_DOSUM?UART
  +--> ?PR?_SENDCMD?UART

?PR?_DOSUM?UART                          -----    -----      0072H    0005H

?PR?_SENDCMD?UART                        0020H.0  0000H.2    0072H    0002H
  +--> ?PR?_UART_PUTBYTE?UART

?PR?_DISP_PLAYMODE?LCD1602               -----    -----      006AH    0001H
  +--> ?CO?LCD1602
  +--> ?PR?_LCD1602_DISPSTR?LCD1602

?PR?_DISP_PLAYDEVICE?LCD1602             -----    -----      006AH    0001H
  +--> ?CO?LCD1602
  +--> ?PR?_LCD1602_DISPSTR?LCD1602

?PR?_DISP_PLAYEQ?LCD1602                 -----    -----      006AH    0001H
  +--> ?CO?LCD1602
  +--> ?PR?_LCD1602_DISPSTR?LCD1602

?PR?_POINTPLAYFOLDERNUM?KEY              -----    -----      006AH    0001H
  +--> ?PR?LCD1602_CLEAR?LCD1602
  +--> ?CO?KEY
  +--> ?PR?_LCD1602_DISPSTR?LCD1602
  +--> ?PR?_ITOA2?MYLIB
  +--> ?PR?_ITOA3?MYLIB

?PR?_POINTPLAYNUM?KEY                    -----    -----      006AH    0001H
  +--> ?PR?_LCD1602_CLEARLINE?LCD1602
  +--> ?CO?KEY
  +--> ?PR?_LCD1602_DISPSTR?LCD1602
  +--> ?PR?_ITOA4?MYLIB

?PR?DS10MS_CNT?MYLIB                     -----    -----      -----    -----
  +--> ?PR?KEY_SCAN?KEY
  +--> ?PR?UARTSEND_COLLIDE_TASK?UART
  +--> ?PR?UART_COMMUNICATION?UART

?PR?KEY_SCAN?KEY                         -----    -----      -----    -----
  +--> ?PR?KEYSCAN?KEY
  +--> ?PR?_KEY_FILTER?KEY
  +--> ?PR?_MUSIC_MSG_FILTER?KEY

?PR?KEYSCAN?KEY                          -----    -----      -----    -----
  +--> ?CO?KEY

?PR?_MUSIC_MSG_FILTER?KEY                -----    -----      -----    -----
  +--> ?CO?KEY
  +--> ?PR?_PUT_MSG_LIFO?KEY

?PR?UARTSEND_COLLIDE_TASK?UART           -----    -----      -----    -----
BL51 BANKED LINKER/LOCATER V6.22                                                      07/20/2013  21:47:02  PAGE 6


  +--> ?PR?_SENDCMD?UART

?PR?UART_COMMUNICATION?UART              -----    -----      006AH    0008H
  +--> ?PR?_UART_SENDCMD?UART
  +--> ?PR?_UART_TASK?UART

?PR?_UART_TASK?UART                      -----    -----      0072H    0004H
  +--> ?PR?_PUT_MSG_LIFO?KEY

?PR?DS100MS_CNT?MYLIB                    -----    -----      -----    -----
  +--> ?PR?INDICATOR_SCAN?KEY
  +--> ?PR?TIME_TASK?KEY

?PR?TIME_TASK?KEY                        -----    -----      -----    -----
  +--> ?PR?_PUT_MSG_LIFO?KEY



SYMBOL TABLE OF MODULE:  .\output\QYMxFS_TEST (?C_STARTUP)

  VALUE           TYPE          NAME
  ----------------------------------

  -------         MODULE        ?C_STARTUP
  C:0ED4H         SEGMENT       ?C_C51STARTUP
  I:0078H         SEGMENT       ?STACK
  C:0000H         PUBLIC        ?C_STARTUP
  D:00E0H         SYMBOL        ACC
  D:00F0H         SYMBOL        B
  D:0083H         SYMBOL        DPH
  D:0082H         SYMBOL        DPL
  N:0000H         SYMBOL        IBPSTACK
  N:0100H         SYMBOL        IBPSTACKTOP
  N:0080H         SYMBOL        IDATALEN
  C:0ED7H         SYMBOL        IDATALOOP
  N:0000H         SYMBOL        PBPSTACK
  N:0100H         SYMBOL        PBPSTACKTOP
  N:0000H         SYMBOL        PDATALEN
  N:0000H         SYMBOL        PDATASTART
  N:0000H         SYMBOL        PPAGE
  N:0000H         SYMBOL        PPAGEENABLE
  D:00A0H         SYMBOL        PPAGE_SFR
  D:0081H         SYMBOL        SP
  C:0ED4H         SYMBOL        STARTUP1
  N:0000H         SYMBOL        XBPSTACK
  N:0000H         SYMBOL        XBPSTACKTOP
  N:0000H         SYMBOL        XDATALEN
  N:0000H         SYMBOL        XDATASTART
  C:0000H         LINE#         126
  C:0ED4H         LINE#         133
  C:0ED6H         LINE#         134
  C:0ED7H         LINE#         135
  C:0ED8H         LINE#         136
  C:0EDAH         LINE#         185
  C:0EDDH         LINE#         196
  -------         ENDMOD        ?C_STARTUP

BL51 BANKED LINKER/LOCATER V6.22                                                      07/20/2013  21:47:02  PAGE 7


  -------         MODULE        KEY
  C:0000H         SYMBOL        _ICE_DUMMY_
  D:002BH         PUBLIC        CurrentEQ
  D:0080H         PUBLIC        P0
  D:0090H         PUBLIC        P1
  D:002CH         PUBLIC        UartRecvACK
  D:00A0H         PUBLIC        P2
  D:00B0H         PUBLIC        P3
  D:002DH         PUBLIC        DelayTime
  C:10E3H         PUBLIC        Time_Task
  C:12E7H         PUBLIC        _DispModlueError
  C:15AFH         PUBLIC        Indicator_Scan
  C:000EH         PUBLIC        app_get_msg
  C:001FH         PUBLIC        _put_msg_lifo
  D:002EH         SYMBOL        FolderNum
  D:002FH         PUBLIC        UDiskCurFile
  D:0031H         PUBLIC        ErrorStatus
  D:0032H         PUBLIC        PointFunc
  D:0033H         PUBLIC        FlashCurFile
  D:0035H         PUBLIC        PlayMode
  D:0036H         PUBLIC        input_number
  D:0038H         PUBLIC        TFTotal
  D:003AH         PUBLIC        FEEDBACK
  C:1770H         SYMBOL        KeyScan
  D:003BH         SYMBOL        FileNum
  C:192BH         SYMBOL        _key_filter
  C:0924H         PUBLIC        key_table
  B:00B0H.7       PUBLIC        led
  C:18BCH         PUBLIC        _music_msg_filter
  C:0FE9H         PUBLIC        _PointPlayFolderNum
  C:0930H         PUBLIC        adkey_msg_16key_table
  D:003CH         PUBLIC        UartRecvStatus
  D:003DH         PUBLIC        OnlineDevice
  D:003EH         PUBLIC        CurDevNUM
  D:0040H         PUBLIC        TFCurFile
  C:156CH         PUBLIC        key_scan
  D:0042H         PUBLIC        CurrentModule
  D:0043H         PUBLIC        CurDevTotal
  D:0045H         PUBLIC        SysReturnTime
  C:1285H         PUBLIC        _PointPlayNum
  D:0046H         PUBLIC        PlayledStatus
  C:0026H         PUBLIC        MSG_Task
  D:0047H         PUBLIC        UartRecv_100Ms
  D:0048H         PUBLIC        input_vol
  D:00C8H         PUBLIC        T2CON
  D:0049H         PUBLIC        UDiskTotal
  D:004BH         SYMBOL        InputNumCnt
  D:004CH         PUBLIC        PlayDevice
  D:004DH         SYMBOL        MSG_FIFO
  D:004EH         PUBLIC        ResendCount
  D:004FH         PUBLIC        System_Status
  D:0050H         PUBLIC        OutTimeCnt
  D:0051H         PUBLIC        PlayledCnt
  D:0052H         PUBLIC        FlashTotal
  D:0054H         PUBLIC        QueryACKTime
  -------         PROC          _PUT_MSG_LIFO
  D:0007H         SYMBOL        msg
BL51 BANKED LINKER/LOCATER V6.22                                                      07/20/2013  21:47:02  PAGE 8


  C:001FH         LINE#         147
  C:001FH         LINE#         148
  C:001FH         LINE#         149
  C:0021H         LINE#         150
  -------         ENDPROC       _PUT_MSG_LIFO
  -------         PROC          APP_GET_MSG
  -------         DO            
  D:0021H         SYMBOL        msg
  -------         ENDDO         
  C:000EH         LINE#         159
  C:000EH         LINE#         160
  C:000EH         LINE#         163
  C:0011H         LINE#         165
  C:0016H         LINE#         166
  C:0016H         LINE#         167
  C:0019H         LINE#         168
  C:001CH         LINE#         169
  C:001CH         LINE#         171
  C:001CH         LINE#         172
  C:001EH         LINE#         173
  C:001EH         LINE#         174
  -------         ENDPROC       APP_GET_MSG
  -------         PROC          _MUSIC_MSG_FILTER
  D:0007H         SYMBOL        key_status
  D:0005H         SYMBOL        back_last_key
  -------         DO            
  D:0007H         SYMBOL        msg
  -------         ENDDO         
  C:18BCH         LINE#         183
  C:18BCH         LINE#         184
  C:18BCH         LINE#         187
  C:18D7H         LINE#         189
  -------         ENDPROC       _MUSIC_MSG_FILTER
  -------         PROC          KEYSCAN
  -------         DO            
  D:0007H         SYMBOL        i
  D:0007H         SYMBOL        temp
  D:0082H         SYMBOL        ptr
  D:0022H         SYMBOL        g_key_value
  -------         ENDDO         
  C:1770H         LINE#         201
  C:1770H         LINE#         202
  C:1770H         LINE#         207
  C:1773H         LINE#         208
  C:1778H         LINE#         209
  C:177CH         LINE#         210
  C:177CH         LINE#         211
  C:177FH         LINE#         212
  C:1784H         LINE#         213
  C:178FH         LINE#         214
  C:178FH         LINE#         215
  C:1794H         LINE#         216
  C:1794H         LINE#         217
  C:1796H         LINE#         218
  C:1797H         LINE#         219
  C:1797H         LINE#         220
  C:179BH         LINE#         221
BL51 BANKED LINKER/LOCATER V6.22                                                      07/20/2013  21:47:02  PAGE 9


  C:179EH         LINE#         222
  C:179EH         LINE#         223
  C:17A0H         LINE#         224
  -------         ENDPROC       KEYSCAN
  -------         PROC          _KEY_FILTER
  D:0007H         SYMBOL        key
  -------         DO            
  D:0023H         SYMBOL        used_key
  D:0024H         SYMBOL        old_key
  D:0025H         SYMBOL        key_counter
  -------         ENDDO         
  C:192BH         LINE#         234
  C:192BH         LINE#         235
  C:192BH         LINE#         240
  C:1930H         LINE#         241
  C:1930H         LINE#         242
  C:1933H         LINE#         243
  C:1935H         LINE#         244
  C:1937H         LINE#         246
  C:1937H         LINE#         247
  C:1939H         LINE#         248
  C:193EH         LINE#         249
  C:193EH         LINE#         250
  C:1940H         LINE#         251
  C:1940H         LINE#         252
  C:1940H         LINE#         254
  C:1942H         LINE#         255
  -------         ENDPROC       _KEY_FILTER
  -------         PROC          KEY_SCAN
  -------         DO            
  D:0026H         SYMBOL        last_key
  D:0027H         SYMBOL        key_press_counter
  D:0007H         SYMBOL        cur_key
  D:0006H         SYMBOL        key_status
  D:0005H         SYMBOL        back_last_key
  -------         ENDDO         
  C:156CH         LINE#         264
  C:156CH         LINE#         265
  C:156CH         LINE#         270
  C:156FH         LINE#         272
  C:1572H         LINE#         274
  C:1574H         LINE#         276
  C:1578H         LINE#         277
  C:1578H         LINE#         278
  C:157BH         LINE#         281
  C:157DH         LINE#         283
  C:1582H         LINE#         284
  C:1582H         LINE#         285
  C:1584H         LINE#         286
  C:1586H         LINE#         287
  C:158CH         LINE#         288
  C:158CH         LINE#         289
  C:158EH         LINE#         290
  C:1591H         LINE#         291
  C:1593H         LINE#         293
  C:1593H         LINE#         295
  C:1593H         LINE#         296
BL51 BANKED LINKER/LOCATER V6.22                                                      07/20/2013  21:47:02  PAGE 10


  C:1593H         LINE#         298
  C:1593H         LINE#         299
  C:1595H         LINE#         300
  C:159FH         LINE#         301
  C:159FH         LINE#         302
  C:15A2H         LINE#         303
  C:15A3H         LINE#         304
  C:15A5H         LINE#         306
  C:15A5H         LINE#         307
  C:15A9H         LINE#         309
  C:15A9H         LINE#         310
  C:15A9H         LINE#         314
  C:15AEH         LINE#         315
  -------         ENDPROC       KEY_SCAN
  -------         PROC          MSG_TASK
  -------         DO            
  D:0028H         SYMBOL        msg
  -------         ENDDO         
  C:0026H         LINE#         324
  C:0026H         LINE#         325
  C:0026H         LINE#         328
  C:002BH         LINE#         330
  C:00BEH         LINE#         331
  C:00BEH         LINE#         335
  C:00BEH         LINE#         336
  C:00C3H         LINE#         337
  C:00C3H         LINE#         338
  C:00C6H         LINE#         343
  C:00C6H         LINE#         344
  C:00C9H         LINE#         345
  C:00CCH         LINE#         347
  C:00CCH         LINE#         351
  C:00CCH         LINE#         352
  C:00D1H         LINE#         353
  C:00DEH         LINE#         354
  C:00E1H         LINE#         355
  C:00E4H         LINE#         356
  C:00E4H         LINE#         357
  C:00E7H         LINE#         358
  C:00E7H         LINE#         359
  C:00ECH         LINE#         360
  C:00F9H         LINE#         361
  C:00FCH         LINE#         362
  C:00FFH         LINE#         363
  C:00FFH         LINE#         364
  C:0102H         LINE#         365
  C:0102H         LINE#         366
  C:0107H         LINE#         367
  C:0114H         LINE#         368
  C:0117H         LINE#         369
  C:011AH         LINE#         370
  C:011AH         LINE#         371
  C:011DH         LINE#         375
  C:011DH         LINE#         376
  C:0122H         LINE#         377
  C:012FH         LINE#         378
  C:0132H         LINE#         379
BL51 BANKED LINKER/LOCATER V6.22                                                      07/20/2013  21:47:02  PAGE 11


  C:0134H         LINE#         380
  C:0134H         LINE#         381
  C:0136H         LINE#         382
  C:0136H         LINE#         383
  C:013BH         LINE#         384
  C:0148H         LINE#         385
  C:014BH         LINE#         386
  C:014DH         LINE#         387
  C:014DH         LINE#         388
  C:014FH         LINE#         389
  C:014FH         LINE#         390
  C:0154H         LINE#         391
  C:0161H         LINE#         392
  C:0164H         LINE#         393
  C:0169H         LINE#         394
  C:0169H         LINE#         395
  C:016CH         LINE#         399
  C:016CH         LINE#         400
  C:016FH         LINE#         401
  C:0170H         LINE#         406
  C:0170H         LINE#         407
  C:0173H         LINE#         408
  C:0180H         LINE#         409
  C:0180H         LINE#         410
  C:0183H         LINE#         415
  C:0183H         LINE#         416
  C:0186H         LINE#         417
  C:0192H         LINE#         419
  C:0197H         LINE#         420
  C:0197H         LINE#         421
  C:019AH         LINE#         422
  C:01A0H         LINE#         423
  C:01A0H         LINE#         424
  C:01A3H         LINE#         425
  C:01A3H         LINE#         427
  C:01A8H         LINE#         428
  C:01A8H         LINE#         429
  C:01AFH         LINE#         430
  C:01B1H         LINE#         431
  C:01B6H         LINE#         432
  C:01B6H         LINE#         433
  C:01BDH         LINE#         434
  C:01BFH         LINE#         435
  C:01C4H         LINE#         436
  C:01C4H         LINE#         437
  C:01CEH         LINE#         438
  C:01CEH         LINE#         439
  C:01D4H         LINE#         440
  C:01D4H         LINE#         441
  C:01D7H         LINE#         446
  C:01D7H         LINE#         447
  C:01DAH         LINE#         448
  C:01DDH         LINE#         449
  C:01E9H         LINE#         450
  C:01F6H         LINE#         451
  C:01FBH         LINE#         452
  C:01FBH         LINE#         453
BL51 BANKED LINKER/LOCATER V6.22                                                      07/20/2013  21:47:02  PAGE 12


  C:0201H         LINE#         454
  C:0207H         LINE#         455
  C:0209H         LINE#         456
  C:020EH         LINE#         457
  C:020EH         LINE#         458
  C:0214H         LINE#         459
  C:021AH         LINE#         460
  C:021CH         LINE#         461
  C:0221H         LINE#         462
  C:0221H         LINE#         463
  C:0227H         LINE#         464
  C:0234H         LINE#         465
  C:0234H         LINE#         466
  C:0238H         LINE#         467
  C:0238H         LINE#         468
  C:0238H         LINE#         469
  C:023BH         LINE#         475
  C:023BH         LINE#         476
  C:023EH         LINE#         477
  C:024AH         LINE#         478
  C:024FH         LINE#         479
  C:024FH         LINE#         480
  C:0252H         LINE#         481
  C:0258H         LINE#         482
  C:0258H         LINE#         483
  C:025AH         LINE#         484
  C:025AH         LINE#         485
  C:025FH         LINE#         486
  C:025FH         LINE#         487
  C:0266H         LINE#         488
  C:0268H         LINE#         489
  C:026DH         LINE#         490
  C:026DH         LINE#         491
  C:0274H         LINE#         492
  C:0276H         LINE#         493
  C:027BH         LINE#         494
  C:027BH         LINE#         495
  C:0285H         LINE#         496
  C:0285H         LINE#         497
  C:0292H         LINE#         499
  C:0292H         LINE#         500
  C:0295H         LINE#         505
  C:0295H         LINE#         506
  C:0298H         LINE#         507
  C:029BH         LINE#         508
  C:02A7H         LINE#         509
  C:02B4H         LINE#         510
  C:02B9H         LINE#         511
  C:02B9H         LINE#         512
  C:02BFH         LINE#         513
  C:02C5H         LINE#         514
  C:02C7H         LINE#         515
  C:02CCH         LINE#         516
  C:02CCH         LINE#         517
  C:02D2H         LINE#         518
  C:02D8H         LINE#         519
  C:02DAH         LINE#         520
BL51 BANKED LINKER/LOCATER V6.22                                                      07/20/2013  21:47:02  PAGE 13


  C:02DFH         LINE#         521
  C:02DFH         LINE#         522
  C:02E5H         LINE#         523
  C:02F2H         LINE#         524
  C:02F2H         LINE#         525
  C:02F9H         LINE#         526
  C:02F9H         LINE#         527
  C:02F9H         LINE#         528
  C:02FBH         LINE#         532
  C:02FBH         LINE#         533
  C:02FEH         LINE#         534
  C:030AH         LINE#         542
  C:030AH         LINE#         543
  C:0317H         LINE#         544
  C:0321H         LINE#         545
  C:0321H         LINE#         546
  C:0321H         LINE#         547
  C:0324H         LINE#         552
  C:0324H         LINE#         553
  C:0327H         LINE#         554
  C:032AH         LINE#         555
  C:0337H         LINE#         556
  C:033CH         LINE#         557
  C:0344H         LINE#         558
  C:0344H         LINE#         559
  C:0347H         LINE#         564
  C:0347H         LINE#         565
  C:034AH         LINE#         566
  C:0356H         LINE#         568
  C:035DH         LINE#         569
  C:035DH         LINE#         570
  C:0368H         LINE#         571
  C:036AH         LINE#         574
  C:036AH         LINE#         575
  C:0375H         LINE#         576
  C:037FH         LINE#         577
  C:037FH         LINE#         578
  C:037FH         LINE#         579
  C:0381H         LINE#         584
  C:0381H         LINE#         585
  C:0384H         LINE#         586
  C:0387H         LINE#         587
  C:0387H         LINE#         588
  C:0387H         LINE#         589
  C:038AH         LINE#         595
  C:038AH         LINE#         596
  C:038DH         LINE#         597
  C:0399H         LINE#         599
  C:03A0H         LINE#         600
  C:03A0H         LINE#         601
  C:03ABH         LINE#         602
  C:03ADH         LINE#         605
  C:03ADH         LINE#         606
  C:03B8H         LINE#         607
  C:03C2H         LINE#         608
  C:03C2H         LINE#         609
  C:03C5H         LINE#         610
BL51 BANKED LINKER/LOCATER V6.22                                                      07/20/2013  21:47:02  PAGE 14


  C:03C6H         LINE#         615
  C:03C6H         LINE#         616
  C:03C9H         LINE#         617
  C:03CCH         LINE#         618
  C:03D1H         LINE#         619
  C:03D1H         LINE#         620
  C:03D4H         LINE#         625
  C:03D4H         LINE#         626
  C:03D7H         LINE#         627
  C:03E3H         LINE#         628
  C:03F0H         LINE#         629
  C:03F5H         LINE#         630
  C:03FAH         LINE#         631
  C:03FDH         LINE#         632
  C:03FDH         LINE#         633
  C:0400H         LINE#         656
  C:0400H         LINE#         657
  C:0403H         LINE#         658
  C:040FH         LINE#         659
  C:0411H         LINE#         660
  C:0416H         LINE#         661
  C:0416H         LINE#         662
  C:0419H         LINE#         663
  C:0419H         LINE#         664
  C:041EH         LINE#         665
  C:0423H         LINE#         666
  C:042CH         LINE#         668
  C:042CH         LINE#         669
  C:042FH         LINE#         673
  C:042FH         LINE#         674
  C:0432H         LINE#         675
  C:043EH         LINE#         676
  C:0440H         LINE#         677
  C:0445H         LINE#         678
  C:0445H         LINE#         679
  C:0448H         LINE#         680
  C:0448H         LINE#         681
  C:0454H         LINE#         682
  C:0459H         LINE#         683
  C:0459H         LINE#         684
  C:045CH         LINE#         689
  C:045CH         LINE#         690
  C:0466H         LINE#         692
  C:046BH         LINE#         693
  C:0478H         LINE#         694
  C:0478H         LINE#         695
  C:047BH         LINE#         699
  C:047BH         LINE#         700
  C:0485H         LINE#         702
  C:048AH         LINE#         703
  C:0490H         LINE#         704
  C:0490H         LINE#         705
  C:0492H         LINE#         709
  C:0492H         LINE#         710
  C:0499H         LINE#         711
  C:0499H         LINE#         712
  C:049BH         LINE#         713
BL51 BANKED LINKER/LOCATER V6.22                                                      07/20/2013  21:47:02  PAGE 15


  C:049BH         LINE#         714
  C:04A5H         LINE#         716
  C:04AAH         LINE#         717
  C:04B0H         LINE#         718
  C:04B0H         LINE#         719
  C:04B2H         LINE#         724
  C:04B2H         LINE#         725
  C:04BCH         LINE#         727
  C:04C1H         LINE#         728
  C:04CEH         LINE#         729
  C:04CEH         LINE#         730
  C:04D1H         LINE#         735
  C:04D1H         LINE#         736
  C:04F2H         LINE#         737
  C:04F7H         LINE#         738
  C:0504H         LINE#         739
  C:0504H         LINE#         740
  C:050FH         LINE#         741
  C:0511H         LINE#         743
  C:0513H         LINE#         745
  C:0513H         LINE#         746
  C:051EH         LINE#         747
  C:0520H         LINE#         748
  C:0520H         LINE#         749
  C:0522H         LINE#         753
  C:0522H         LINE#         754
  C:052DH         LINE#         756
  C:052DH         LINE#         757
  C:0530H         LINE#         762
  C:0530H         LINE#         763
  C:053AH         LINE#         765
  C:053AH         LINE#         766
  C:053DH         LINE#         770
  C:053DH         LINE#         771
  C:053FH         LINE#         772
  C:0541H         LINE#         773
  C:0541H         LINE#         774
  C:0543H         LINE#         775
  C:0548H         LINE#         776
  C:0548H         LINE#         777
  C:054BH         LINE#         778
  C:054DH         LINE#         779
  C:0554H         LINE#         780
  C:0554H         LINE#         781
  C:0557H         LINE#         782
  C:0557H         LINE#         783
  C:0563H         LINE#         785
  C:0568H         LINE#         786
  C:0575H         LINE#         787
  C:0578H         LINE#         788
  C:057DH         LINE#         789
  C:0585H         LINE#         790
  C:0588H         LINE#         795
  C:0588H         LINE#         797
  C:058DH         LINE#         798
  C:058DH         LINE#         803
  C:058DH         LINE#         805
BL51 BANKED LINKER/LOCATER V6.22                                                      07/20/2013  21:47:02  PAGE 16


  C:0590H         LINE#         806
  C:0595H         LINE#         807
  C:0595H         LINE#         808
  C:059BH         LINE#         809
  C:059DH         LINE#         811
  C:059DH         LINE#         812
  C:05A2H         LINE#         813
  C:05A2H         LINE#         814
  C:05ADH         LINE#         815
  C:05B3H         LINE#         816
  C:05B5H         LINE#         817
  C:05BAH         LINE#         818
  C:05BAH         LINE#         819
  C:05C5H         LINE#         820
  C:05CBH         LINE#         821
  C:05CDH         LINE#         822
  C:05D3H         LINE#         823
  C:05D3H         LINE#         824
  C:05DBH         LINE#         825
  C:05DEH         LINE#         826
  C:05E0H         LINE#         827
  C:05EBH         LINE#         828
  C:05F8H         LINE#         829
  C:05F8H         LINE#         830
  C:05F8H         LINE#         831
  C:05FDH         LINE#         832
  C:05FDH         LINE#         833
  C:05FFH         LINE#         839
  C:05FFH         LINE#         840
  C:0606H         LINE#         841
  C:0606H         LINE#         842
  C:0609H         LINE#         843
  C:0609H         LINE#         844
  C:060CH         LINE#         845
  C:0611H         LINE#         846
  C:0616H         LINE#         847
  C:0616H         LINE#         848
  C:061EH         LINE#         849
  C:0620H         LINE#         850
  C:0625H         LINE#         851
  C:0625H         LINE#         852
  C:062DH         LINE#         853
  C:062FH         LINE#         854
  C:0635H         LINE#         855
  C:0635H         LINE#         856
  C:0641H         LINE#         857
  C:0641H         LINE#         858
  C:0641H         LINE#         864
  C:0641H         LINE#         865
  C:0646H         LINE#         866
  C:064AH         LINE#         867
  C:064AH         LINE#         868
  C:064DH         LINE#         869
  C:0653H         LINE#         870
  C:0655H         LINE#         872
  C:0655H         LINE#         873
  C:0658H         LINE#         874
BL51 BANKED LINKER/LOCATER V6.22                                                      07/20/2013  21:47:02  PAGE 17


  C:0665H         LINE#         875
  C:0665H         LINE#         876
  C:0668H         LINE#         877
  C:0669H         LINE#         882
  C:0669H         LINE#         883
  C:0669H         LINE#         884
  C:0669H         LINE#         885
  C:0669H         LINE#         886
  C:0669H         LINE#         887
  C:0669H         LINE#         888
  C:0669H         LINE#         889
  C:0669H         LINE#         890
  C:0669H         LINE#         891
  C:0669H         LINE#         892
  C:0670H         LINE#         893
  C:0670H         LINE#         894
  C:0673H         LINE#         895
  C:0673H         LINE#         897
  C:0673H         LINE#         898
  C:0676H         LINE#         899
  C:0676H         LINE#         900
  C:0676H         LINE#         901
  C:0676H         LINE#         902
  -------         ENDPROC       MSG_TASK
  -------         PROC          _DISPMODLUEERROR
  D:006AH         SYMBOL        error
  C:12E7H         LINE#         911
  C:12E9H         LINE#         912
  C:12E9H         LINE#         913
  C:12ECH         LINE#         914
  C:12F8H         LINE#         915
  C:130EH         LINE#         916
  C:130EH         LINE#         917
  C:130EH         LINE#         919
  C:130EH         LINE#         920
  C:130EH         LINE#         921
  C:1314H         LINE#         922
  C:1316H         LINE#         923
  C:1316H         LINE#         924
  C:131CH         LINE#         925
  C:131EH         LINE#         926
  C:131EH         LINE#         927
  C:1324H         LINE#         928
  C:1326H         LINE#         929
  C:1326H         LINE#         930
  C:132CH         LINE#         931
  C:132EH         LINE#         932
  C:132EH         LINE#         933
  C:1334H         LINE#         934
  C:1336H         LINE#         935
  C:1336H         LINE#         936
  C:1343H         LINE#         937
  C:1343H         LINE#         938
  C:1343H         LINE#         939
  -------         ENDPROC       _DISPMODLUEERROR
  -------         PROC          _POINTPLAYNUM
  D:006AH         SYMBOL        num
BL51 BANKED LINKER/LOCATER V6.22                                                      07/20/2013  21:47:02  PAGE 18


  C:1285H         LINE#         948
  C:1287H         LINE#         949
  C:1287H         LINE#         951
  C:128BH         LINE#         952
  C:128BH         LINE#         953
  C:1290H         LINE#         954
  C:1290H         LINE#         955
  C:1293H         LINE#         956
  C:1296H         LINE#         957
  C:12A2H         LINE#         958
  C:12AFH         LINE#         960
  C:12C3H         LINE#         961
  C:12CEH         LINE#         962
  C:12CEH         LINE#         963
  C:12D3H         LINE#         964
  C:12D3H         LINE#         965
  C:12DAH         LINE#         966
  -------         ENDPROC       _POINTPLAYNUM
  -------         PROC          _POINTPLAYFOLDERNUM
  D:006AH         SYMBOL        num
  -------         DO            
  D:0029H         SYMBOL        InputCnt
  -------         ENDDO         
  C:0FE9H         LINE#         976
  C:0FEBH         LINE#         977
  C:0FEBH         LINE#         980
  C:0FEFH         LINE#         981
  C:0FEFH         LINE#         982
  C:0FF2H         LINE#         983
  C:0FF5H         LINE#         984
  C:1001H         LINE#         985
  C:100EH         LINE#         986
  C:100EH         LINE#         987
  C:1011H         LINE#         988
  C:1014H         LINE#         989
  C:101BH         LINE#         990
  C:101BH         LINE#         991
  C:1025H         LINE#         992
  C:102CH         LINE#         993
  C:102CH         LINE#         994
  C:102FH         LINE#         995
  C:102FH         LINE#         996
  C:1034H         LINE#         997
  C:103EH         LINE#         998
  C:1040H         LINE#         1000
  C:1040H         LINE#         1001
  C:104AH         LINE#         1002
  C:104FH         LINE#         1003
  C:104FH         LINE#         1004
  C:1052H         LINE#         1005
  C:1052H         LINE#         1006
  C:1059H         LINE#         1007
  C:1066H         LINE#         1008
  C:1066H         LINE#         1009
  C:1069H         LINE#         1010
  C:1069H         LINE#         1011
  C:106CH         LINE#         1012
BL51 BANKED LINKER/LOCATER V6.22                                                      07/20/2013  21:47:02  PAGE 19


  C:106FH         LINE#         1013
  C:106FH         LINE#         1014
  -------         ENDPROC       _POINTPLAYFOLDERNUM
  -------         PROC          INDICATOR_SCAN
  -------         DO            
  D:002AH         SYMBOL        flash_cnt
  -------         ENDDO         
  C:15AFH         LINE#         1023
  C:15AFH         LINE#         1024
  C:15AFH         LINE#         1027
  C:15C2H         LINE#         1028
  C:15C2H         LINE#         1029
  C:15C2H         LINE#         1030
  C:15C4H         LINE#         1031
  C:15C5H         LINE#         1032
  C:15C5H         LINE#         1033
  C:15C7H         LINE#         1034
  C:15C8H         LINE#         1035
  C:15C8H         LINE#         1036
  C:15C8H         LINE#         1037
  C:15CAH         LINE#         1038
  C:15CAH         LINE#         1039
  C:15D3H         LINE#         1040
  C:15D3H         LINE#         1041
  C:15D6H         LINE#         1042
  C:15DBH         LINE#         1043
  C:15DBH         LINE#         1044
  C:15DCH         LINE#         1045
  C:15DCH         LINE#         1046
  C:15E5H         LINE#         1047
  C:15E5H         LINE#         1048
  C:15E8H         LINE#         1049
  C:15EAH         LINE#         1050
  C:15EBH         LINE#         1052
  C:15EBH         LINE#         1053
  C:15EDH         LINE#         1054
  C:15EDH         LINE#         1055
  C:15EDH         LINE#         1056
  C:15EDH         LINE#         1057
  -------         ENDPROC       INDICATOR_SCAN
  -------         PROC          TIME_TASK
  C:10E3H         LINE#         1066
  C:10E3H         LINE#         1067
  C:10E3H         LINE#         1068
  C:10EAH         LINE#         1069
  C:10EAH         LINE#         1070
  C:10EFH         LINE#         1071
  C:10EFH         LINE#         1072
  C:10F6H         LINE#         1073
  C:10F6H         LINE#         1074
  C:10F9H         LINE#         1075
  C:10F9H         LINE#         1076
  C:1100H         LINE#         1077
  C:1100H         LINE#         1078
  C:1103H         LINE#         1079
  C:1103H         LINE#         1080
  C:110AH         LINE#         1081
BL51 BANKED LINKER/LOCATER V6.22                                                      07/20/2013  21:47:02  PAGE 20


  C:110AH         LINE#         1082
  C:110FH         LINE#         1083
  C:110FH         LINE#         1084
  C:1116H         LINE#         1085
  C:1116H         LINE#         1086
  C:111BH         LINE#         1087
  C:111BH         LINE#         1088
  C:111BH         LINE#         1089
  C:111DH         LINE#         1090
  C:1122H         LINE#         1091
  C:1122H         LINE#         1092
  C:1127H         LINE#         1093
  C:1127H         LINE#         1094
  C:1127H         LINE#         1095
  C:112EH         LINE#         1096
  C:112EH         LINE#         1097
  C:1132H         LINE#         1098
  C:1132H         LINE#         1099
  C:1135H         LINE#         1100
  C:1138H         LINE#         1101
  C:1138H         LINE#         1102
  C:1138H         LINE#         1103
  C:113FH         LINE#         1104
  C:113FH         LINE#         1105
  C:1143H         LINE#         1106
  C:1143H         LINE#         1107
  C:1146H         LINE#         1108
  C:1147H         LINE#         1110
  C:1147H         LINE#         1111
  C:114CH         LINE#         1112
  C:114CH         LINE#         1113
  C:114CH         LINE#         1114
  -------         ENDPROC       TIME_TASK
  -------         ENDMOD        KEY

  -------         MODULE        LOG
  C:0000H         SYMBOL        _ICE_DUMMY_
  -------         ENDMOD        LOG

  -------         MODULE        MAIN
  C:0000H         SYMBOL        _ICE_DUMMY_
  D:0080H         PUBLIC        P0
  D:0090H         PUBLIC        P1
  D:00A0H         PUBLIC        P2
  D:00B0H         PUBLIC        P3
  C:16D8H         PUBLIC        main
  D:00C8H         PUBLIC        T2CON
  -------         PROC          MAIN
  C:16D8H         LINE#         21
  C:16D8H         LINE#         22
  C:16D8H         LINE#         23
  C:16E3H         LINE#         24
  C:16EEH         LINE#         26
  C:16F1H         LINE#         27
  C:16F4H         LINE#         31
  C:16FDH         LINE#         32
  C:16FDH         LINE#         33
BL51 BANKED LINKER/LOCATER V6.22                                                      07/20/2013  21:47:02  PAGE 21


  C:1700H         LINE#         34
  C:1703H         LINE#         35
  C:1706H         LINE#         36
  C:1709H         LINE#         37
  C:170BH         LINE#         38
  -------         ENDPROC       MAIN
  -------         ENDMOD        MAIN

  -------         MODULE        MYLIB
  C:0000H         SYMBOL        _ICE_DUMMY_
  D:0080H         PUBLIC        P0
  D:0090H         PUBLIC        P1
  D:00A0H         PUBLIC        P2
  D:00B0H         PUBLIC        P3
  C:1823H         PUBLIC        DS100MS_CNT
  C:0F60H         PUBLIC        _Delay_Ms
  C:1998H         PUBLIC        DS500MS_CNT
  D:0058H         PUBLIC        bcd_number
  C:195BH         PUBLIC        _Delay_Us
  D:005DH         PUBLIC        asc_number
  D:00E1H         PUBLIC        WDTCTRL
  C:18DAH         PUBLIC        DS2MS_CNT
  D:0068H         PUBLIC        Status0
  D:0069H         PUBLIC        Status1
  C:184CH         PUBLIC        DS10MS_CNT
  C:1987H         PUBLIC        _itoa1
  C:189AH         PUBLIC        _itoa2
  C:139DH         PUBLIC        _itoa3
  C:1070H         PUBLIC        _itoa4
  D:00C8H         PUBLIC        T2CON
  -------         PROC          _DELAY_US
  D:0074H         SYMBOL        z
  C:195BH         LINE#         19
  C:1963H         LINE#         20
  C:1963H         LINE#         21
  C:1970H         LINE#         22
  -------         ENDPROC       _DELAY_US
  -------         PROC          _DELAY_MS
  D:006BH         SYMBOL        z
  -------         DO            
  D:006FH         SYMBOL        x
  D:0073H         SYMBOL        y
  -------         ENDDO         
  C:0F60H         LINE#         26
  C:0F68H         LINE#         27
  C:0F68H         LINE#         28
  C:0F79H         LINE#         29
  C:0F95H         LINE#         30
  C:0FE8H         LINE#         31
  -------         ENDPROC       _DELAY_MS
  -------         PROC          _ITOA1
  D:0007H         SYMBOL        i
  C:1987H         LINE#         40
  C:1987H         LINE#         41
  C:1987H         LINE#         42
  C:1994H         LINE#         43
  C:1997H         LINE#         44
BL51 BANKED LINKER/LOCATER V6.22                                                      07/20/2013  21:47:02  PAGE 22


  -------         ENDPROC       _ITOA1
  -------         PROC          _ITOA2
  D:0007H         SYMBOL        i
  C:189AH         LINE#         53
  C:189AH         LINE#         54
  C:189AH         LINE#         55
  C:18ABH         LINE#         56
  C:18B8H         LINE#         57
  C:18BBH         LINE#         58
  -------         ENDPROC       _ITOA2
  -------         PROC          _ITOA3
  D:0002H         SYMBOL        i
  C:139DH         LINE#         67
  C:13A1H         LINE#         68
  C:13A1H         LINE#         69
  C:13BCH         LINE#         70
  C:13DBH         LINE#         71
  C:13EDH         LINE#         72
  C:13F0H         LINE#         73
  -------         ENDPROC       _ITOA3
  -------         PROC          _ITOA4
  D:0002H         SYMBOL        i
  C:1070H         LINE#         82
  C:1074H         LINE#         83
  C:1074H         LINE#         84
  C:108FH         LINE#         85
  C:10AEH         LINE#         86
  C:10CDH         LINE#         87
  C:10DFH         LINE#         88
  C:10E2H         LINE#         89
  -------         ENDPROC       _ITOA4
  -------         PROC          DS2MS_CNT
  -------         DO            
  D:0055H         SYMBOL        count
  -------         ENDDO         
  C:18DAH         LINE#         100
  C:18DAH         LINE#         101
  C:18DAH         LINE#         103
  C:18DFH         LINE#         104
  C:18DFH         LINE#         105
  C:18E3H         LINE#         111
  C:18E6H         LINE#         113
  C:18EDH         LINE#         114
  C:18EDH         LINE#         115
  C:18F0H         LINE#         116
  C:18F6H         LINE#         117
  C:18F6H         LINE#         118
  C:18F6H         LINE#         119
  -------         ENDPROC       DS2MS_CNT
  -------         PROC          DS10MS_CNT
  -------         DO            
  D:0056H         SYMBOL        counter
  -------         ENDDO         
  C:184CH         LINE#         129
  C:184CH         LINE#         130
  C:184CH         LINE#         132
  C:1854H         LINE#         133
BL51 BANKED LINKER/LOCATER V6.22                                                      07/20/2013  21:47:02  PAGE 23


  C:1854H         LINE#         134
  C:1859H         LINE#         140
  C:185CH         LINE#         141
  C:185FH         LINE#         142
  C:1862H         LINE#         143
  C:1869H         LINE#         144
  C:1869H         LINE#         145
  C:186CH         LINE#         146
  C:1872H         LINE#         147
  C:1872H         LINE#         148
  C:1872H         LINE#         149
  -------         ENDPROC       DS10MS_CNT
  -------         PROC          DS100MS_CNT
  -------         DO            
  D:0057H         SYMBOL        counter
  -------         ENDDO         
  C:1823H         LINE#         159
  C:1823H         LINE#         160
  C:1823H         LINE#         162
  C:182DH         LINE#         163
  C:182DH         LINE#         164
  C:1832H         LINE#         171
  C:1835H         LINE#         172
  C:1838H         LINE#         173
  C:183BH         LINE#         174
  C:1842H         LINE#         175
  C:1842H         LINE#         176
  C:1845H         LINE#         177
  C:184BH         LINE#         178
  C:184BH         LINE#         179
  C:184BH         LINE#         180
  -------         ENDPROC       DS100MS_CNT
  -------         PROC          DS500MS_CNT
  C:1998H         LINE#         191
  C:1998H         LINE#         192
  C:1998H         LINE#         193
  C:19A3H         LINE#         194
  C:19A3H         LINE#         195
  C:19A8H         LINE#         203
  C:19A8H         LINE#         204
  -------         ENDPROC       DS500MS_CNT
  -------         ENDMOD        MYLIB

  -------         MODULE        SYSTEMINIT
  C:0000H         SYMBOL        _ICE_DUMMY_
  C:170CH         PUBLIC        System_Init
  D:0080H         PUBLIC        P0
  D:0090H         PUBLIC        P1
  D:00A0H         PUBLIC        P2
  D:00B0H         PUBLIC        P3
  B:00A8H.7       PUBLIC        EA
  B:00A8H.4       PUBLIC        ES
  C:19CBH         PUBLIC        Timer0_Init
  D:0087H         PUBLIC        PCON
  D:0098H         PUBLIC        SCON
  D:0089H         PUBLIC        TMOD
  B:00A8H.1       PUBLIC        ET0
BL51 BANKED LINKER/LOCATER V6.22                                                      07/20/2013  21:47:02  PAGE 24


  D:008CH         PUBLIC        TH0
  D:008DH         PUBLIC        TH1
  D:008AH         PUBLIC        TL0
  D:008BH         PUBLIC        TL1
  B:0088H.4       PUBLIC        TR0
  C:17CDH         PUBLIC        RAM_Init
  B:0088H.6       PUBLIC        TR1
  B:0098H.4       PUBLIC        REN
  D:00C8H         PUBLIC        T2CON
  C:19A9H         PUBLIC        Timer_0_interrupt
  C:1971H         PUBLIC        Serial_init
  -------         PROC          TIMER0_INIT
  C:19CBH         LINE#         23
  C:19CBH         LINE#         24
  C:19CBH         LINE#         25
  C:19CEH         LINE#         26
  C:19D0H         LINE#         27
  C:19D2H         LINE#         28
  C:19D4H         LINE#         29
  C:19D7H         LINE#         30
  C:19DAH         LINE#         31
  -------         ENDPROC       TIMER0_INIT
  -------         PROC          SERIAL_INIT
  C:1971H         LINE#         40
  C:1971H         LINE#         41
  C:1971H         LINE#         42
  C:1974H         LINE#         43
  C:1977H         LINE#         45
  C:197AH         LINE#         47
  C:197DH         LINE#         48
  C:1980H         LINE#         50
  C:1982H         LINE#         51
  C:1984H         LINE#         52
  C:1986H         LINE#         53
  -------         ENDPROC       SERIAL_INIT
  -------         PROC          SYSTEM_INIT
  C:170CH         LINE#         61
  C:170CH         LINE#         62
  C:170CH         LINE#         63
  C:170FH         LINE#         64
  C:1712H         LINE#         65
  C:1715H         LINE#         66
  C:171AH         LINE#         67
  C:171FH         LINE#         68
  C:1725H         LINE#         69
  C:172BH         LINE#         70
  C:1731H         LINE#         71
  C:1734H         LINE#         72
  C:1737H         LINE#         73
  C:173AH         LINE#         74
  C:173DH         LINE#         75
  -------         ENDPROC       SYSTEM_INIT
  -------         PROC          RAM_INIT
  C:17CDH         LINE#         84
  C:17CDH         LINE#         85
  C:17CDH         LINE#         86
  C:17D3H         LINE#         87
BL51 BANKED LINKER/LOCATER V6.22                                                      07/20/2013  21:47:02  PAGE 25


  C:17D7H         LINE#         88
  C:17DBH         LINE#         89
  C:17DFH         LINE#         90
  C:17E3H         LINE#         91
  C:17E7H         LINE#         92
  C:17EDH         LINE#         93
  C:17F0H         LINE#         94
  C:17F2H         LINE#         95
  C:17F4H         LINE#         96
  C:17F7H         LINE#         97
  -------         ENDPROC       RAM_INIT
  -------         PROC          TIMER_0_INTERRUPT
  C:19A9H         LINE#         105
  C:19ABH         LINE#         107
  C:19AEH         LINE#         108
  C:19B1H         LINE#         109
  C:19B7H         LINE#         110
  -------         ENDPROC       TIMER_0_INTERRUPT
  -------         ENDMOD        SYSTEMINIT

  -------         MODULE        UART
  C:0000H         SYMBOL        _ICE_DUMMY_
  C:0D90H         PUBLIC        Uart_communication
  D:0080H         PUBLIC        P0
  D:0090H         PUBLIC        P1
  D:00A0H         PUBLIC        P2
  D:0008H         SYMBOL        ResendDataLen
  D:00B0H         PUBLIC        P3
  C:0960H         PUBLIC        _Uart_Task
  B:00A8H.4       PUBLIC        ES
  B:0098H.0       PUBLIC        RI
  B:0098H.1       PUBLIC        TI
  C:1525H         PUBLIC        _SendCmd
  D:0009H         SYMBOL        SendDataLen
  D:000AH         SYMBOL        Send_buf
  D:0014H         SYMBOL        Recv_buf
  D:0099H         PUBLIC        SBUF
  C:173EH         PUBLIC        UartSend_Collide_Task
  C:19BAH         PUBLIC        hex
  C:0CD8H         PUBLIC        Serial_0_interrupt
  C:0003H         PUBLIC        _Uart_PutByte
  C:1873H         PUBLIC        _Uart_SendCMD
  D:00C8H         PUBLIC        T2CON
  C:13F1H         PUBLIC        _DoSum
  -------         PROC          _UART_PUTBYTE
  D:0007H         SYMBOL        ch
  C:0003H         LINE#         36
  C:0003H         LINE#         37
  C:0003H         LINE#         38
  C:0005H         LINE#         39
  C:0008H         LINE#         40
  C:000AH         LINE#         41
  -------         ENDPROC       _UART_PUTBYTE
  -------         PROC          _SENDCMD
  D:0006H         SYMBOL        len
  B:0020H.0       SYMBOL        flag
  D:0073H         SYMBOL        time
BL51 BANKED LINKER/LOCATER V6.22                                                      07/20/2013  21:47:02  PAGE 26


  -------         DO            
  B:0020H.1       SYMBOL        Status
  D:0005H         SYMBOL        i
  -------         ENDDO         
  C:1525H         LINE#         85
  C:1527H         LINE#         86
  C:1527H         LINE#         87
  C:1529H         LINE#         88
  C:152BH         LINE#         90
  C:152FH         LINE#         91
  C:1531H         LINE#         92
  C:1533H         LINE#         93
  C:1538H         LINE#         94
  C:153DH         LINE#         95
  C:153DH         LINE#         96
  C:1546H         LINE#         97
  C:1549H         LINE#         98
  C:154EH         LINE#         99
  C:1552H         LINE#         100
  C:1557H         LINE#         101
  C:1557H         LINE#         102
  C:1560H         LINE#         103
  C:1561H         LINE#         105
  C:1561H         LINE#         106
  C:156BH         LINE#         107
  C:156BH         LINE#         108
  -------         ENDPROC       _SENDCMD
  -------         PROC          SERIAL_0_INTERRUPT
  -------         DO            
  D:0007H         SYMBOL        UartTemp
  -------         ENDDO         
  C:0CD8H         LINE#         117
  C:0CE7H         LINE#         120
  C:0CE7H         LINE#         121
  C:0CEDH         LINE#         122
  C:0CEDH         LINE#         123
  C:0CEFH         LINE#         124
  C:0CF1H         LINE#         125
  C:0CF6H         LINE#         126
  C:0CF6H         LINE#         127
  C:0CFAH         LINE#         128
  C:0CFAH         LINE#         129
  C:0D29H         LINE#         130
  C:0D29H         LINE#         131
  C:0D29H         LINE#         132
  C:0D2CH         LINE#         133
  C:0D2CH         LINE#         134
  C:0D2FH         LINE#         135
  C:0D32H         LINE#         136
  C:0D34H         LINE#         138
  C:0D34H         LINE#         139
  C:0D34H         LINE#         140
  C:0D34H         LINE#         141
  C:0D36H         LINE#         142
  C:0D36H         LINE#         143
  C:0D38H         LINE#         144
  C:0D3BH         LINE#         145
BL51 BANKED LINKER/LOCATER V6.22                                                      07/20/2013  21:47:02  PAGE 27


  C:0D3DH         LINE#         146
  C:0D3DH         LINE#         147
  C:0D3FH         LINE#         148
  C:0D42H         LINE#         149
  C:0D44H         LINE#         150
  C:0D44H         LINE#         151
  C:0D46H         LINE#         152
  C:0D49H         LINE#         153
  C:0D4BH         LINE#         154
  C:0D4BH         LINE#         155
  C:0D4DH         LINE#         156
  C:0D50H         LINE#         157
  C:0D52H         LINE#         158
  C:0D52H         LINE#         159
  C:0D54H         LINE#         160
  C:0D57H         LINE#         161
  C:0D59H         LINE#         162
  C:0D59H         LINE#         163
  C:0D5BH         LINE#         164
  C:0D5EH         LINE#         165
  C:0D60H         LINE#         166
  C:0D60H         LINE#         167
  C:0D62H         LINE#         168
  C:0D65H         LINE#         169
  C:0D67H         LINE#         170
  C:0D67H         LINE#         171
  C:0D69H         LINE#         172
  C:0D6CH         LINE#         173
  C:0D6EH         LINE#         174
  C:0D6EH         LINE#         175
  C:0D71H         LINE#         176
  C:0D71H         LINE#         177
  C:0D74H         LINE#         178
  C:0D78H         LINE#         179
  C:0D78H         LINE#         180
  C:0D7AH         LINE#         182
  C:0D7AH         LINE#         183
  C:0D80H         LINE#         184
  C:0D83H         LINE#         185
  C:0D83H         LINE#         186
  C:0D83H         LINE#         187
  C:0D83H         LINE#         188
  C:0D83H         LINE#         189
  C:0D83H         LINE#         190
  C:0D83H         LINE#         191
  -------         ENDPROC       SERIAL_0_INTERRUPT
  -------         PROC          UARTSEND_COLLIDE_TASK
  C:173EH         LINE#         200
  C:173EH         LINE#         201
  C:173EH         LINE#         202
  C:1748H         LINE#         203
  C:1748H         LINE#         204
  C:1752H         LINE#         206
  C:1754H         LINE#         208
  C:175BH         LINE#         209
  C:175BH         LINE#         210
  C:175EH         LINE#         211
BL51 BANKED LINKER/LOCATER V6.22                                                      07/20/2013  21:47:02  PAGE 28


  C:1765H         LINE#         213
  C:1765H         LINE#         214
  C:176FH         LINE#         215
  C:176FH         LINE#         216
  -------         ENDPROC       UARTSEND_COLLIDE_TASK
  -------         PROC          UART_COMMUNICATION
  -------         DO            
  D:006AH         SYMBOL        i
  D:006BH         SYMBOL        pi
  D:006EH         SYMBOL        xorsum
  D:0070H         SYMBOL        xorsum1
  -------         ENDDO         
  C:0D90H         LINE#         224
  C:0D90H         LINE#         225
  C:0D90H         LINE#         228
  C:0D99H         LINE#         230
  C:0DA5H         LINE#         231
  C:0DA5H         LINE#         232
  C:0DAAH         LINE#         233
  C:0DADH         LINE#         234
  C:0DB6H         LINE#         236
  C:0DB6H         LINE#         237
  C:0DBFH         LINE#         238
  C:0DBFH         LINE#         239
  C:0DC4H         LINE#         240
  C:0DCDH         LINE#         241
  C:0DE3H         LINE#         242
  C:0DE3H         LINE#         243
  C:0DF5H         LINE#         244
  C:0DF9H         LINE#         245
  C:0E1DH         LINE#         246
  C:0E27H         LINE#         248
  C:0E2BH         LINE#         249
  C:0E2BH         LINE#         250
  C:0E2EH         LINE#         251
  C:0E30H         LINE#         253
  C:0E30H         LINE#         254
  C:0E36H         LINE#         255
  C:0E36H         LINE#         256
  C:0E39H         LINE#         257
  C:0E39H         LINE#         258
  -------         ENDPROC       UART_COMMUNICATION
  -------         PROC          _UART_TASK
  D:0001H         SYMBOL        pr
  -------         DO            
  D:0072H         SYMBOL        Temp16
  D:0001H         SYMBOL        pi
  D:0007H         SYMBOL        tempH
  D:0074H         SYMBOL        tempL
  D:0007H         SYMBOL        CMD
  D:0075H         SYMBOL        FeedBack
  -------         ENDDO         
  C:0960H         LINE#         267
  C:0960H         LINE#         268
  C:0960H         LINE#         269
  C:0965H         LINE#         271
  C:0965H         LINE#         273
BL51 BANKED LINKER/LOCATER V6.22                                                      07/20/2013  21:47:02  PAGE 29


  C:096CH         LINE#         274
  C:0974H         LINE#         275
  C:097BH         LINE#         276
  C:0982H         LINE#         277
  C:098AH         LINE#         279
  C:09DFH         LINE#         280
  C:09DFH         LINE#         281
  C:09DFH         LINE#         282
  C:09E2H         LINE#         283
  C:09E5H         LINE#         284
  C:09E8H         LINE#         285
  C:09E9H         LINE#         289
  C:09E9H         LINE#         290
  C:09EEH         LINE#         291
  C:09EEH         LINE#         292
  C:09F0H         LINE#         293
  C:09F3H         LINE#         294
  C:09F8H         LINE#         295
  C:09F8H         LINE#         296
  C:09FAH         LINE#         297
  C:09FDH         LINE#         298
  C:0A06H         LINE#         299
  C:0A06H         LINE#         300
  C:0A08H         LINE#         301
  C:0A08H         LINE#         302
  C:0A0BH         LINE#         303
  C:0A0BH         LINE#         304
  C:0A10H         LINE#         305
  C:0A10H         LINE#         306
  C:0A12H         LINE#         307
  C:0A15H         LINE#         308
  C:0A1AH         LINE#         309
  C:0A1AH         LINE#         310
  C:0A1CH         LINE#         311
  C:0A1FH         LINE#         312
  C:0A28H         LINE#         313
  C:0A28H         LINE#         314
  C:0A2AH         LINE#         315
  C:0A2AH         LINE#         316
  C:0A2CH         LINE#         321
  C:0A2CH         LINE#         322
  C:0A32H         LINE#         323
  C:0A32H         LINE#         324
  C:0A34H         LINE#         325
  C:0A34H         LINE#         326
  C:0A36H         LINE#         327
  C:0A36H         LINE#         328
  C:0A3CH         LINE#         329
  C:0A3CH         LINE#         330
  C:0A3EH         LINE#         331
  C:0A3EH         LINE#         332
  C:0A40H         LINE#         333
  C:0A40H         LINE#         334
  C:0A46H         LINE#         335
  C:0A46H         LINE#         336
  C:0A48H         LINE#         337
  C:0A48H         LINE#         338
BL51 BANKED LINKER/LOCATER V6.22                                                      07/20/2013  21:47:02  PAGE 30


  C:0A4AH         LINE#         342
  C:0A4AH         LINE#         343
  C:0A4DH         LINE#         344
  C:0A4FH         LINE#         345
  C:0A51H         LINE#         350
  C:0A51H         LINE#         351
  C:0A54H         LINE#         352
  C:0A56H         LINE#         353
  C:0A58H         LINE#         358
  C:0A58H         LINE#         360
  C:0A58H         LINE#         361
  C:0A58H         LINE#         362
  C:0A5BH         LINE#         363
  C:0A5DH         LINE#         364
  C:0A5FH         LINE#         365
  C:0A5FH         LINE#         366
  C:0A62H         LINE#         367
  C:0A64H         LINE#         368
  C:0A66H         LINE#         369
  C:0A66H         LINE#         370
  C:0A69H         LINE#         371
  C:0A6BH         LINE#         372
  C:0A6DH         LINE#         373
  C:0A6DH         LINE#         375
  C:0A6DH         LINE#         379
  C:0A6DH         LINE#         380
  C:0A73H         LINE#         381
  C:0A75H         LINE#         382
  C:0A77H         LINE#         383
  C:0A77H         LINE#         384
  C:0A7DH         LINE#         385
  C:0A7FH         LINE#         386
  C:0A81H         LINE#         387
  C:0A81H         LINE#         388
  C:0A87H         LINE#         389
  C:0A89H         LINE#         390
  C:0A8BH         LINE#         395
  C:0A8BH         LINE#         396
  C:0A91H         LINE#         397
  C:0A93H         LINE#         398
  C:0A95H         LINE#         400
  C:0A95H         LINE#         401
  C:0A9BH         LINE#         402
  C:0A9DH         LINE#         403
  C:0A9FH         LINE#         405
  C:0A9FH         LINE#         406
  C:0AA5H         LINE#         407
  C:0AAAH         LINE#         408
  C:0AAAH         LINE#         409
  C:0AAAH         LINE#         410
  C:0AAAH         LINE#         411
  C:0AAAH         LINE#         412
  -------         ENDPROC       _UART_TASK
  -------         PROC          _UART_SENDCMD
  D:0007H         SYMBOL        CMD
  D:0005H         SYMBOL        feedback
  D:0002H         SYMBOL        dat
BL51 BANKED LINKER/LOCATER V6.22                                                      07/20/2013  21:47:02  PAGE 31


  C:1873H         LINE#         425
  C:1873H         LINE#         426
  C:1873H         LINE#         427
  C:1876H         LINE#         428
  C:1879H         LINE#         429
  C:187BH         LINE#         430
  C:187DH         LINE#         431
  C:187FH         LINE#         432
  C:1881H         LINE#         433
  C:188CH         LINE#         434
  C:1896H         LINE#         435
  C:1899H         LINE#         436
  -------         ENDPROC       _UART_SENDCMD
  -------         PROC          _DOSUM
  D:0072H         SYMBOL        Str
  D:0005H         SYMBOL        len
  -------         DO            
  D:0075H         SYMBOL        xorsum
  D:0004H         SYMBOL        i
  -------         ENDDO         
  C:13F1H         LINE#         449
  C:13F7H         LINE#         450
  C:13F7H         LINE#         451
  C:13FCH         LINE#         454
  C:1402H         LINE#         455
  C:1402H         LINE#         456
  C:1419H         LINE#         457
  C:141CH         LINE#         458
  C:1427H         LINE#         459
  C:1435H         LINE#         460
  -------         ENDPROC       _DOSUM
  -------         ENDMOD        UART

  -------         MODULE        LCD1602
  C:0000H         SYMBOL        _ICE_DUMMY_
  D:0080H         PUBLIC        P0
  D:0090H         PUBLIC        P1
  D:00A0H         PUBLIC        P2
  D:00B0H         PUBLIC        P3
  C:1943H         PUBLIC        _LCD1602_DispChar
  C:1669H         PUBLIC        _GotoNextDevice
  C:162CH         PUBLIC        _Disp_PlayMode
  C:121DH         PUBLIC        LCD1602_Init
  C:11B5H         PUBLIC        _ChangeDevice
  C:17F8H         PUBLIC        _GoInitDevice
  C:1344H         PUBLIC        _Disp_PlayEQ
  C:16A1H         PUBLIC        _LCD1602_wcmd
  C:18F7H         PUBLIC        _LCD1602_DispDat
  C:1445H         PUBLIC        _Disp_OnlineDevice
  C:114DH         PUBLIC        ReturnLcdInit
  C:17A1H         PUBLIC        _LCD1602_wdat
  C:19F6H         PUBLIC        _LCD1602_Pos
  C:15F2H         PUBLIC        _LCD1602_DispStr
  B:00A0H.7       PUBLIC        ep
  C:1912H         PUBLIC        LCD1602_bz
  C:1494H         PUBLIC        _Disp_PlayDevice
  B:00A0H.6       PUBLIC        rs
BL51 BANKED LINKER/LOCATER V6.22                                                      07/20/2013  21:47:02  PAGE 32


  C:14DDH         SYMBOL        _DispDevice
  D:00C8H         PUBLIC        T2CON
  C:19DBH         PUBLIC        LCD1602_Clear
  B:00A0H.5       PUBLIC        rw
  C:19EBH         PUBLIC        _LCD1602_ClearLine
  -------         PROC          LCD1602_BZ
  -------         DO            
  D:0007H         SYMBOL        result
  -------         ENDDO         
  C:1912H         LINE#         26
  C:1912H         LINE#         27
  C:1912H         LINE#         29
  C:1914H         LINE#         30
  C:1916H         LINE#         31
  C:1918H         LINE#         32
  C:1923H         LINE#         33
  C:1928H         LINE#         34
  C:192AH         LINE#         35
  C:192AH         LINE#         36
  -------         ENDPROC       LCD1602_BZ
  -------         PROC          _LCD1602_WCMD
  D:0073H         SYMBOL        cmd
  C:16A1H         LINE#         44
  C:16A3H         LINE#         45
  C:16A3H         LINE#         46
  C:16A9H         LINE#         47
  C:16ABH         LINE#         48
  C:16ADH         LINE#         49
  C:16AFH         LINE#         50
  C:16BAH         LINE#         51
  C:16BDH         LINE#         52
  C:16C8H         LINE#         53
  C:16CAH         LINE#         54
  C:16D5H         LINE#         55
  C:16D7H         LINE#         56
  -------         ENDPROC       _LCD1602_WCMD
  -------         PROC          _LCD1602_WDAT
  D:0073H         SYMBOL        dat
  C:17A1H         LINE#         64
  C:17A3H         LINE#         65
  C:17A3H         LINE#         66
  C:17A9H         LINE#         67
  C:17ABH         LINE#         68
  C:17ADH         LINE#         69
  C:17AFH         LINE#         70
  C:17B2H         LINE#         71
  C:17BDH         LINE#         72
  C:17BFH         LINE#         73
  C:17CAH         LINE#         74
  C:17CCH         LINE#         75
  -------         ENDPROC       _LCD1602_WDAT
  -------         PROC          _LCD1602_POS
  D:0007H         SYMBOL        pos
  C:19F6H         LINE#         84
  C:19F6H         LINE#         85
  C:19F6H         LINE#         86
  -------         ENDPROC       _LCD1602_POS
BL51 BANKED LINKER/LOCATER V6.22                                                      07/20/2013  21:47:02  PAGE 33


  -------         PROC          LCD1602_CLEAR
  C:19DBH         LINE#         97
  C:19DBH         LINE#         98
  C:19DBH         LINE#         99
  C:19E0H         LINE#         100
  -------         ENDPROC       LCD1602_CLEAR
  -------         PROC          _LCD1602_CLEARLINE
  D:0007H         SYMBOL        x
  C:19EBH         LINE#         110
  C:19EBH         LINE#         111
  C:19EBH         LINE#         112
  -------         ENDPROC       _LCD1602_CLEARLINE
  -------         PROC          _LCD1602_DISPCHAR
  D:0007H         SYMBOL        x
  D:0071H         SYMBOL        y
  D:0072H         SYMBOL        ch
  C:1943H         LINE#         124
  C:1947H         LINE#         125
  C:1947H         LINE#         126
  C:194AH         LINE#         127
  C:194AH         LINE#         128
  C:194FH         LINE#         129
  C:1951H         LINE#         131
  C:1951H         LINE#         132
  C:1956H         LINE#         133
  C:1956H         LINE#         134
  -------         ENDPROC       _LCD1602_DISPCHAR
  -------         PROC          _LCD1602_DISPDAT
  D:0007H         SYMBOL        x
  D:006AH         SYMBOL        y
  D:006BH         SYMBOL        ch
  C:18F7H         LINE#         146
  C:18FBH         LINE#         147
  C:18FBH         LINE#         148
  C:18FEH         LINE#         149
  C:18FEH         LINE#         150
  C:1903H         LINE#         151
  C:1905H         LINE#         153
  C:1905H         LINE#         154
  C:190AH         LINE#         155
  C:190AH         LINE#         156
  -------         ENDPROC       _LCD1602_DISPDAT
  -------         PROC          L?0149
  -------         ENDPROC       L?0149
  -------         PROC          _LCD1602_DISPSTR
  D:006CH         SYMBOL        x
  D:006DH         SYMBOL        y
  D:006EH         SYMBOL        str
  C:15F2H         LINE#         167
  C:15FCH         LINE#         168
  C:15FCH         LINE#         169
  C:1609H         LINE#         170
  C:1609H         LINE#         172
  C:1609H         LINE#         173
  C:1615H         LINE#         174
  C:1615H         LINE#         175
  C:161CH         LINE#         176
BL51 BANKED LINKER/LOCATER V6.22                                                      07/20/2013  21:47:02  PAGE 34


  C:1627H         LINE#         177
  C:1629H         LINE#         178
  C:162BH         LINE#         179
  -------         ENDPROC       _LCD1602_DISPSTR
  -------         PROC          _DISPDEVICE
  D:0007H         SYMBOL        device
  C:14DDH         LINE#         187
  C:14DDH         LINE#         188
  C:14DDH         LINE#         189
  C:14EFH         LINE#         190
  C:14EFH         LINE#         192
  C:14EFH         LINE#         193
  C:14F5H         LINE#         194
  C:14F7H         LINE#         196
  C:14F7H         LINE#         197
  C:14FDH         LINE#         198
  C:14FFH         LINE#         200
  C:14FFH         LINE#         201
  C:1505H         LINE#         202
  C:1507H         LINE#         204
  C:1507H         LINE#         205
  C:150DH         LINE#         206
  C:150FH         LINE#         208
  C:150FH         LINE#         209
  C:1515H         LINE#         210
  C:1517H         LINE#         212
  C:1517H         LINE#         213
  C:1524H         LINE#         214
  C:1524H         LINE#         215
  C:1524H         LINE#         216
  -------         ENDPROC       _DISPDEVICE
  -------         PROC          RETURNLCDINIT
  C:114DH         LINE#         225
  C:114DH         LINE#         226
  C:114DH         LINE#         227
  C:1152H         LINE#         228
  C:1158H         LINE#         229
  C:1158H         LINE#         230
  C:115EH         LINE#         231
  C:1160H         LINE#         233
  C:1160H         LINE#         234
  C:116BH         LINE#         235
  C:116BH         LINE#         246
  C:1170H         LINE#         247
  C:1170H         LINE#         248
  C:1176H         LINE#         249
  C:1178H         LINE#         250
  C:117DH         LINE#         251
  C:117DH         LINE#         252
  C:1183H         LINE#         253
  C:1185H         LINE#         254
  C:118AH         LINE#         255
  C:118AH         LINE#         256
  C:1197H         LINE#         257
  C:1197H         LINE#         258
  C:11A3H         LINE#         259
  C:11A3H         LINE#         260
BL51 BANKED LINKER/LOCATER V6.22                                                      07/20/2013  21:47:02  PAGE 35


  C:11A7H         LINE#         261
  C:11A9H         LINE#         263
  C:11A9H         LINE#         264
  C:11B4H         LINE#         265
  C:11B4H         LINE#         266
  -------         ENDPROC       RETURNLCDINIT
  -------         PROC          _DISP_PLAYDEVICE
  D:006AH         SYMBOL        device
  C:1494H         LINE#         275
  C:1496H         LINE#         276
  C:1496H         LINE#         277
  C:149BH         LINE#         278
  C:149BH         LINE#         279
  C:14A1H         LINE#         280
  C:14A3H         LINE#         281
  C:14A8H         LINE#         282
  C:14A8H         LINE#         283
  C:14AEH         LINE#         284
  C:14B0H         LINE#         285
  C:14B5H         LINE#         286
  C:14B5H         LINE#         287
  C:14BBH         LINE#         288
  C:14BDH         LINE#         289
  C:14C2H         LINE#         290
  C:14C2H         LINE#         291
  C:14C8H         LINE#         292
  C:14CAH         LINE#         293
  C:14CFH         LINE#         294
  C:14CFH         LINE#         295
  C:14DCH         LINE#         296
  C:14DCH         LINE#         297
  -------         ENDPROC       _DISP_PLAYDEVICE
  -------         PROC          _DISP_PLAYMODE
  D:006AH         SYMBOL        mode
  C:162CH         LINE#         306
  C:162EH         LINE#         307
  C:162EH         LINE#         308
  C:1632H         LINE#         309
  C:1632H         LINE#         310
  C:1638H         LINE#         311
  C:163AH         LINE#         312
  C:163FH         LINE#         313
  C:163FH         LINE#         314
  C:1646H         LINE#         315
  C:1648H         LINE#         316
  C:164DH         LINE#         317
  C:164DH         LINE#         318
  C:1654H         LINE#         319
  C:1656H         LINE#         320
  C:165BH         LINE#         321
  C:165BH         LINE#         322
  C:1668H         LINE#         323
  C:1668H         LINE#         324
  -------         ENDPROC       _DISP_PLAYMODE
  -------         PROC          _DISP_PLAYEQ
  D:006AH         SYMBOL        EQ
  C:1344H         LINE#         333
BL51 BANKED LINKER/LOCATER V6.22                                                      07/20/2013  21:47:02  PAGE 36


  C:1346H         LINE#         334
  C:1346H         LINE#         335
  C:134AH         LINE#         336
  C:134AH         LINE#         337
  C:1350H         LINE#         338
  C:1352H         LINE#         339
  C:1357H         LINE#         340
  C:1357H         LINE#         341
  C:135EH         LINE#         342
  C:1360H         LINE#         343
  C:1365H         LINE#         344
  C:1365H         LINE#         345
  C:136CH         LINE#         346
  C:136EH         LINE#         347
  C:1373H         LINE#         348
  C:1373H         LINE#         349
  C:137AH         LINE#         350
  C:137CH         LINE#         351
  C:1381H         LINE#         352
  C:1381H         LINE#         353
  C:1388H         LINE#         354
  C:138AH         LINE#         355
  C:138FH         LINE#         356
  C:138FH         LINE#         357
  C:139CH         LINE#         358
  C:139CH         LINE#         359
  -------         ENDPROC       _DISP_PLAYEQ
  -------         PROC          _DISP_ONLINEDEVICE
  D:006AH         SYMBOL        Online
  -------         DO            
  D:006BH         SYMBOL        temp
  -------         ENDDO         
  C:1445H         LINE#         368
  C:1447H         LINE#         369
  C:1447H         LINE#         371
  C:144DH         LINE#         372
  C:144FH         LINE#         373
  C:144FH         LINE#         374
  C:1458H         LINE#         375
  C:1458H         LINE#         376
  C:145EH         LINE#         377
  C:1460H         LINE#         378
  C:1460H         LINE#         379
  C:1469H         LINE#         380
  C:1469H         LINE#         381
  C:146FH         LINE#         382
  C:1471H         LINE#         383
  C:1471H         LINE#         384
  C:147EH         LINE#         385
  C:147EH         LINE#         386
  C:1484H         LINE#         387
  C:1486H         LINE#         388
  C:1486H         LINE#         389
  C:1493H         LINE#         390
  C:1493H         LINE#         391
  -------         ENDPROC       _DISP_ONLINEDEVICE
  -------         PROC          _GOINITDEVICE
BL51 BANKED LINKER/LOCATER V6.22                                                      07/20/2013  21:47:02  PAGE 37


  D:0007H         SYMBOL        Online
  -------         DO            
  D:0006H         SYMBOL        temp
  -------         ENDDO         
  C:17F8H         LINE#         400
  C:17F8H         LINE#         401
  C:17F8H         LINE#         403
  C:17FBH         LINE#         404
  C:17FBH         LINE#         405
  C:17FFH         LINE#         407
  C:17FFH         LINE#         408
  C:1802H         LINE#         409
  C:1804H         LINE#         410
  C:1804H         LINE#         411
  C:1808H         LINE#         413
  C:1808H         LINE#         414
  C:180BH         LINE#         415
  C:180DH         LINE#         416
  C:180DH         LINE#         417
  C:1811H         LINE#         419
  C:1811H         LINE#         420
  C:1814H         LINE#         421
  C:1816H         LINE#         422
  C:1816H         LINE#         423
  C:181AH         LINE#         425
  C:181AH         LINE#         426
  C:181DH         LINE#         427
  C:181FH         LINE#         428
  C:181FH         LINE#         429
  C:1822H         LINE#         431
  C:1822H         LINE#         432
  -------         ENDPROC       _GOINITDEVICE
  -------         PROC          _GOTONEXTDEVICE
  D:0007H         SYMBOL        device
  C:1669H         LINE#         441
  C:1669H         LINE#         442
  C:1669H         LINE#         443
  C:166CH         LINE#         444
  C:166CH         LINE#         445
  C:1671H         LINE#         446
  C:1671H         LINE#         447
  C:1674H         LINE#         448
  C:1675H         LINE#         450
  C:1675H         LINE#         451
  C:167AH         LINE#         452
  C:167AH         LINE#         453
  C:167AH         LINE#         454
  C:167CH         LINE#         461
  C:167FH         LINE#         462
  C:167FH         LINE#         463
  C:1684H         LINE#         464
  C:1684H         LINE#         465
  C:1687H         LINE#         466
  C:1688H         LINE#         468
  C:1688H         LINE#         469
  C:168DH         LINE#         470
  C:168DH         LINE#         471
BL51 BANKED LINKER/LOCATER V6.22                                                      07/20/2013  21:47:02  PAGE 38


  C:168DH         LINE#         472
  C:168FH         LINE#         474
  C:168FH         LINE#         475
  C:168FH         LINE#         476
  C:168FH         LINE#         477
  C:168FH         LINE#         478
  C:1691H         LINE#         479
  C:1694H         LINE#         480
  C:1694H         LINE#         481
  C:1699H         LINE#         482
  C:1699H         LINE#         483
  C:169CH         LINE#         484
  C:169DH         LINE#         486
  C:169DH         LINE#         487
  C:16A0H         LINE#         488
  C:16A0H         LINE#         489
  C:16A0H         LINE#         491
  -------         ENDPROC       _GOTONEXTDEVICE
  -------         PROC          _CHANGEDEVICE
  D:0003H         SYMBOL        dev
  C:11B5H         LINE#         493
  C:11B7H         LINE#         494
  C:11B7H         LINE#         495
  C:11BCH         LINE#         496
  C:11BCH         LINE#         497
  C:11C4H         LINE#         498
  C:11C4H         LINE#         499
  C:11C9H         LINE#         500
  C:11C9H         LINE#         501
  C:11CCH         LINE#         502
  C:11CEH         LINE#         504
  C:11CEH         LINE#         505
  C:11D3H         LINE#         506
  C:11D3H         LINE#         507
  C:11D6H         LINE#         508
  C:11D8H         LINE#         510
  C:11D8H         LINE#         511
  C:11DBH         LINE#         512
  C:11DBH         LINE#         513
  C:11DBH         LINE#         514
  C:11DBH         LINE#         515
  C:11DBH         LINE#         516
  C:11E0H         LINE#         517
  C:11E0H         LINE#         518
  C:11E8H         LINE#         519
  C:11E8H         LINE#         520
  C:11EDH         LINE#         521
  C:11EDH         LINE#         522
  C:11F0H         LINE#         523
  C:11F1H         LINE#         525
  C:11F1H         LINE#         526
  C:11F6H         LINE#         527
  C:11F6H         LINE#         528
  C:11F6H         LINE#         529
  C:11F8H         LINE#         537
  C:11FBH         LINE#         538
  C:11FBH         LINE#         539
BL51 BANKED LINKER/LOCATER V6.22                                                      07/20/2013  21:47:02  PAGE 39


  C:1203H         LINE#         540
  C:1203H         LINE#         541
  C:1208H         LINE#         542
  C:1208H         LINE#         543
  C:120BH         LINE#         544
  C:120CH         LINE#         546
  C:120CH         LINE#         547
  C:120CH         LINE#         548
  C:120CH         LINE#         549
  C:120CH         LINE#         550
  C:120EH         LINE#         551
  C:1211H         LINE#         552
  C:1211H         LINE#         553
  C:1219H         LINE#         554
  C:1219H         LINE#         555
  C:121CH         LINE#         556
  C:121CH         LINE#         557
  C:121CH         LINE#         558
  -------         ENDPROC       _CHANGEDEVICE
  -------         PROC          LCD1602_INIT
  C:121DH         LINE#         567
  C:121DH         LINE#         568
  C:121DH         LINE#         569
  C:1222H         LINE#         570
  C:122DH         LINE#         571
  C:1232H         LINE#         572
  C:123DH         LINE#         573
  C:1242H         LINE#         574
  C:124DH         LINE#         575
  C:1252H         LINE#         576
  C:125DH         LINE#         577
  C:1264H         LINE#         578
  C:1270H         LINE#         579
  C:127DH         LINE#         580
  C:1280H         LINE#         581
  -------         ENDPROC       LCD1602_INIT
  -------         ENDMOD        LCD1602

  -------         MODULE        ?C?CLDPTR
  C:0AABH         PUBLIC        ?C?CLDPTR
  -------         ENDMOD        ?C?CLDPTR

  -------         MODULE        ?C?CLDOPTR
  C:0AC4H         PUBLIC        ?C?CLDOPTR
  -------         ENDMOD        ?C?CLDOPTR

  -------         MODULE        ?C?CSTOPTR
  C:0AF1H         PUBLIC        ?C?CSTOPTR
  -------         ENDMOD        ?C?CSTOPTR

  -------         MODULE        ?C?IMUL
  C:0B13H         PUBLIC        ?C?IMUL
  -------         ENDMOD        ?C?IMUL

  -------         MODULE        ?C?UIDIV
  C:0B25H         PUBLIC        ?C?UIDIV
  -------         ENDMOD        ?C?UIDIV
BL51 BANKED LINKER/LOCATER V6.22                                                      07/20/2013  21:47:02  PAGE 40



  -------         MODULE        ?C?ULCMP
  C:0B7AH         PUBLIC        ?C?ULCMP
  -------         ENDMOD        ?C?ULCMP

  -------         MODULE        ?C?LLDIIDATA
  C:0B94H         PUBLIC        ?C?LLDIIDATA
  C:0B8BH         PUBLIC        ?C?LLDIIDATA1
  C:0B8DH         PUBLIC        ?C?LLDIIDATA8
  -------         ENDMOD        ?C?LLDIIDATA

  -------         MODULE        ?C?CCASE
  C:0BABH         PUBLIC        ?C?CCASE
  -------         ENDMOD        ?C?CCASE

*** WARNING L16: UNCALLED SEGMENT, IGNORED FOR OVERLAY PROCESS
    SEGMENT: ?CO?UART

Program Size: data=118.2 xdata=0 code=6652
LINK/LOCATE RUN COMPLETE.  1 WARNING(S),  0 ERROR(S)
